../Core/Src/fatfs_sd.c:48:13:SPI_TxBuffer	0	static
../Core/Src/fatfs_sd.c:41:13:SPI_TxByte	16	static
../Core/Src/fatfs_sd.c:27:13:SELECT	8	static
../Core/Src/fatfs_sd.c:34:13:DESELECT	8	static
../Core/Src/fatfs_sd.c:55:16:SPI_RxByte	24	static
../Core/Src/fatfs_sd.c:93:13:SD_PowerOn	16	static
../Core/Src/fatfs_sd.c:77:16:SD_ReadyWait	8	static
../Core/Src/fatfs_sd.c:172:13:SD_TxDataBlock	16	static
../Core/Src/fatfs_sd.c:214:13:SD_SendCmd	16	static
../Core/Src/fatfs_sd.c:143:13:SD_RxDataBlock	16	static
../Core/Src/fatfs_sd.c:253:9:SD_disk_initialize	32	static
../Core/Src/fatfs_sd.c:353:9:SD_disk_status	0	static
../Core/Src/fatfs_sd.c:360:9:SD_disk_read	16	static
../Core/Src/fatfs_sd.c:402:9:SD_disk_write	24	static
../Core/Src/fatfs_sd.c:457:9:SD_disk_ioctl	32	static
