../Core/Src/Waveshare_10Dof-D.c:81:6:imuInit	24	static
../Core/Src/Waveshare_10Dof-D.c:117:6:imuDataGet	96	static
../Core/Src/Waveshare_10Dof-D.c:162:6:imuAHRSupdate	192	static
../Core/Src/Waveshare_10Dof-D.c:234:7:invSqrt	32	static
../Core/Src/Waveshare_10Dof-D.c:249:6:icm20948init	8	static
../Core/Src/Waveshare_10Dof-D.c:281:6:icm20948Check	16	static
../Core/Src/Waveshare_10Dof-D.c:290:6:icm20948GyroRead	64	static
../Core/Src/Waveshare_10Dof-D.c:322:6:icm20948AccelRead	56	static
../Core/Src/Waveshare_10Dof-D.c:353:6:icm20948MagRead	64	static
../Core/Src/Waveshare_10Dof-D.c:395:6:icm20948ReadSecondary	32	static
../Core/Src/Waveshare_10Dof-D.c:429:6:icm20948WriteSecondary	24	static
../Core/Src/Waveshare_10Dof-D.c:458:6:icm20948CalAvgValue	32	static
../Core/Src/Waveshare_10Dof-D.c:473:6:icm20948GyroOffset	32	static
../Core/Src/Waveshare_10Dof-D.c:492:6:icm20948MagCheck	16	static
../Core/Src/Waveshare_10Dof-D.c:551:6:bmp280Check	16	static
../Core/Src/Waveshare_10Dof-D.c:561:6:bmp280ReadCalibration	16	static
../Core/Src/Waveshare_10Dof-D.c:607:6:bmp280Init	8	static
../Core/Src/Waveshare_10Dof-D.c:614:7:bmp280CompensateTemperature	168	static
../Core/Src/Waveshare_10Dof-D.c:628:7:bmp280CompensatePressure	312	static
../Core/Src/Waveshare_10Dof-D.c:678:6:bmp280TandPGet	32	static
../Core/Src/Waveshare_10Dof-D.c:710:6:bmp280CalAvgValue	32	static
../Core/Src/Waveshare_10Dof-D.c:725:6:bmp280CalculateAbsoluteAltitude	16	static
../Core/Src/Waveshare_10Dof-D.c:730:6:pressSensorDataGet	40	static
