Archive member included to satisfy reference by file (symbol)

c:/st/stm32cubeide_1.9.0/stm32cubeide/plugins/com.st.stm32cube.ide.mcu.externaltools.gnu-tools-for-stm32.10.3-2021.10.win32_1.0.0.202111181127/tools/bin/../lib/gcc/arm-none-eabi/10.3.1/../../../../arm-none-eabi/lib/thumb/v7e-m+fp/hard\libstdc++_nano.a(del_ops.o)
                              ./Drivers/SSD1306/RJA_SSD1306.o (operator delete(void*, unsigned int))
c:/st/stm32cubeide_1.9.0/stm32cubeide/plugins/com.st.stm32cube.ide.mcu.externaltools.gnu-tools-for-stm32.10.3-2021.10.win32_1.0.0.202111181127/tools/bin/../lib/gcc/arm-none-eabi/10.3.1/../../../../arm-none-eabi/lib/thumb/v7e-m+fp/hard\libstdc++_nano.a(string-inst.o)
                              ./Drivers/SSD1306/RJA_SSD1306.o (std::__cxx11::basic_string<char, std::char_traits<char>, std::allocator<char> >::size() const)
c:/st/stm32cubeide_1.9.0/stm32cubeide/plugins/com.st.stm32cube.ide.mcu.externaltools.gnu-tools-for-stm32.10.3-2021.10.win32_1.0.0.202111181127/tools/bin/../lib/gcc/arm-none-eabi/10.3.1/../../../../arm-none-eabi/lib/thumb/v7e-m+fp/hard\libstdc++_nano.a(del_op.o)
                              c:/st/stm32cubeide_1.9.0/stm32cubeide/plugins/com.st.stm32cube.ide.mcu.externaltools.gnu-tools-for-stm32.10.3-2021.10.win32_1.0.0.202111181127/tools/bin/../lib/gcc/arm-none-eabi/10.3.1/../../../../arm-none-eabi/lib/thumb/v7e-m+fp/hard\libstdc++_nano.a(del_ops.o) (operator delete(void*))
c:/st/stm32cubeide_1.9.0/stm32cubeide/plugins/com.st.stm32cube.ide.mcu.externaltools.gnu-tools-for-stm32.10.3-2021.10.win32_1.0.0.202111181127/tools/bin/../lib/gcc/arm-none-eabi/10.3.1/../../../../arm-none-eabi/lib/thumb/v7e-m+fp/hard\libstdc++_nano.a(new_op.o)
                              c:/st/stm32cubeide_1.9.0/stm32cubeide/plugins/com.st.stm32cube.ide.mcu.externaltools.gnu-tools-for-stm32.10.3-2021.10.win32_1.0.0.202111181127/tools/bin/../lib/gcc/arm-none-eabi/10.3.1/../../../../arm-none-eabi/lib/thumb/v7e-m+fp/hard\libstdc++_nano.a(string-inst.o) (operator new(unsigned int))
c:/st/stm32cubeide_1.9.0/stm32cubeide/plugins/com.st.stm32cube.ide.mcu.externaltools.gnu-tools-for-stm32.10.3-2021.10.win32_1.0.0.202111181127/tools/bin/../lib/gcc/arm-none-eabi/10.3.1/../../../../arm-none-eabi/lib/thumb/v7e-m+fp/hard\libstdc++_nano.a(functexcept.o)
                              c:/st/stm32cubeide_1.9.0/stm32cubeide/plugins/com.st.stm32cube.ide.mcu.externaltools.gnu-tools-for-stm32.10.3-2021.10.win32_1.0.0.202111181127/tools/bin/../lib/gcc/arm-none-eabi/10.3.1/../../../../arm-none-eabi/lib/thumb/v7e-m+fp/hard\libstdc++_nano.a(string-inst.o) (std::__throw_bad_alloc())
c:/st/stm32cubeide_1.9.0/stm32cubeide/plugins/com.st.stm32cube.ide.mcu.externaltools.gnu-tools-for-stm32.10.3-2021.10.win32_1.0.0.202111181127/tools/bin/../lib/gcc/arm-none-eabi/10.3.1/../../../../arm-none-eabi/lib/thumb/v7e-m+fp/hard\libstdc++_nano.a(snprintf_lite.o)
                              c:/st/stm32cubeide_1.9.0/stm32cubeide/plugins/com.st.stm32cube.ide.mcu.externaltools.gnu-tools-for-stm32.10.3-2021.10.win32_1.0.0.202111181127/tools/bin/../lib/gcc/arm-none-eabi/10.3.1/../../../../arm-none-eabi/lib/thumb/v7e-m+fp/hard\libstdc++_nano.a(functexcept.o) (__gnu_cxx::__snprintf_lite(char*, unsigned int, char const*, std::__va_list))
c:/st/stm32cubeide_1.9.0/stm32cubeide/plugins/com.st.stm32cube.ide.mcu.externaltools.gnu-tools-for-stm32.10.3-2021.10.win32_1.0.0.202111181127/tools/bin/../lib/gcc/arm-none-eabi/10.3.1/../../../../arm-none-eabi/lib/thumb/v7e-m+fp/hard\libstdc++_nano.a(new_handler.o)
                              c:/st/stm32cubeide_1.9.0/stm32cubeide/plugins/com.st.stm32cube.ide.mcu.externaltools.gnu-tools-for-stm32.10.3-2021.10.win32_1.0.0.202111181127/tools/bin/../lib/gcc/arm-none-eabi/10.3.1/../../../../arm-none-eabi/lib/thumb/v7e-m+fp/hard\libstdc++_nano.a(new_op.o) (std::get_new_handler())
c:/st/stm32cubeide_1.9.0/stm32cubeide/plugins/com.st.stm32cube.ide.mcu.externaltools.gnu-tools-for-stm32.10.3-2021.10.win32_1.0.0.202111181127/tools/bin/../lib/gcc/arm-none-eabi/10.3.1/../../../../arm-none-eabi/lib/thumb/v7e-m+fp/hard\libm.a(lib_a-s_cos.o)
                              ./Drivers/SSD1306/ssd1306.o (cos)
c:/st/stm32cubeide_1.9.0/stm32cubeide/plugins/com.st.stm32cube.ide.mcu.externaltools.gnu-tools-for-stm32.10.3-2021.10.win32_1.0.0.202111181127/tools/bin/../lib/gcc/arm-none-eabi/10.3.1/../../../../arm-none-eabi/lib/thumb/v7e-m+fp/hard\libm.a(lib_a-s_sin.o)
                              ./Drivers/SSD1306/ssd1306.o (sin)
c:/st/stm32cubeide_1.9.0/stm32cubeide/plugins/com.st.stm32cube.ide.mcu.externaltools.gnu-tools-for-stm32.10.3-2021.10.win32_1.0.0.202111181127/tools/bin/../lib/gcc/arm-none-eabi/10.3.1/../../../../arm-none-eabi/lib/thumb/v7e-m+fp/hard\libm.a(lib_a-s_trunc.o)
                              ./Core/Src/main.o (trunc)
[...]
Memory Configuration

Name             Origin             Length             Attributes
RAM              0x0000000020000000 0x0000000000020000 xrw
FLASH            0x0000000008000000 0x0000000000080000 xr
*default*        0x0000000000000000 0xffffffffffffffff

Linker script and memory map

LOAD c:/st/stm32cubeide_1.9.0/stm32cubeide/plugins/com.st.stm32cube.ide.mcu.externaltools.gnu-tools-for-stm32.10.3-2021.10.win32_1.0.0.202111181127/tools/bin/../lib/gcc/arm-none-eabi/10.3.1/thumb/v7e-m+fp/hard/crti.o
LOAD c:/st/stm32cubeide_1.9.0/stm32cubeide/plugins/com.st.stm32cube.ide.mcu.externaltools.gnu-tools-for-stm32.10.3-2021.10.win32_1.0.0.202111181127/tools/bin/../lib/gcc/arm-none-eabi/10.3.1/thumb/v7e-m+fp/hard/crtbegin.o
LOAD c:/st/stm32cubeide_1.9.0/stm32cubeide/plugins/com.st.stm32cube.ide.mcu.externaltools.gnu-tools-for-stm32.10.3-2021.10.win32_1.0.0.202111181127/tools/bin/../lib/gcc/arm-none-eabi/10.3.1/../../../../arm-none-eabi/lib/thumb/v7e-m+fp/hard/crt0.o
LOAD ./Core/Src/Waveshare_10Dof-D.o
LOAD ./Core/Src/fatfs_sd.o
LOAD ./Core/Src/i2c.o
LOAD ./Core/Src/main.o
LOAD ./Core/Src/mpu9255.o
LOAD ./Core/Src/mpu925x_core.o
LOAD ./Core/Src/mpu925x_internals.o
LOAD ./Core/Src/mpu925x_settings.o
LOAD ./Core/Src/stm32f4xx_hal_msp.o
LOAD ./Core/Src/stm32f4xx_it.o
LOAD ./Core/Src/syscalls.o
LOAD ./Core/Src/sysmem.o
LOAD ./Core/Src/system_stm32f4xx.o
LOAD ./Core/Startup/startup_stm32f446retx.o
LOAD ./Drivers/SSD1306/RJA_SSD1306.o
LOAD ./Drivers/SSD1306/ssd1306.o
LOAD ./Drivers/SSD1306/ssd1306_fonts.o
LOAD ./Drivers/SSD1306/ssd1306_tests.o
LOAD ./Drivers/STM32F4xx_HAL_Driver/Src/stm32f4xx_hal.o
LOAD ./Drivers/STM32F4xx_HAL_Driver/Src/stm32f4xx_hal_adc.o
LOAD ./Drivers/STM32F4xx_HAL_Driver/Src/stm32f4xx_hal_adc_ex.o
LOAD ./Drivers/STM32F4xx_HAL_Driver/Src/stm32f4xx_hal_cortex.o
LOAD ./Drivers/STM32F4xx_HAL_Driver/Src/stm32f4xx_hal_dma.o
LOAD ./Drivers/STM32F4xx_HAL_Driver/Src/stm32f4xx_hal_dma_ex.o
LOAD ./Drivers/STM32F4xx_HAL_Driver/Src/stm32f4xx_hal_exti.o
LOAD ./Drivers/STM32F4xx_HAL_Driver/Src/stm32f4xx_hal_flash.o
LOAD ./Drivers/STM32F4xx_HAL_Driver/Src/stm32f4xx_hal_flash_ex.o
LOAD ./Drivers/STM32F4xx_HAL_Driver/Src/stm32f4xx_hal_flash_ramfunc.o
LOAD ./Drivers/STM32F4xx_HAL_Driver/Src/stm32f4xx_hal_gpio.o
LOAD ./Drivers/STM32F4xx_HAL_Driver/Src/stm32f4xx_hal_i2c.o
LOAD ./Drivers/STM32F4xx_HAL_Driver/Src/stm32f4xx_hal_i2c_ex.o
LOAD ./Drivers/STM32F4xx_HAL_Driver/Src/stm32f4xx_hal_pwr.o
LOAD ./Drivers/STM32F4xx_HAL_Driver/Src/stm32f4xx_hal_pwr_ex.o
LOAD ./Drivers/STM32F4xx_HAL_Driver/Src/stm32f4xx_hal_rcc.o
LOAD ./Drivers/STM32F4xx_HAL_Driver/Src/stm32f4xx_hal_rcc_ex.o
LOAD ./Drivers/STM32F4xx_HAL_Driver/Src/stm32f4xx_hal_spi.o
LOAD ./Drivers/STM32F4xx_HAL_Driver/Src/stm32f4xx_hal_tim.o
LOAD ./Drivers/STM32F4xx_HAL_Driver/Src/stm32f4xx_hal_tim_ex.o
LOAD ./Drivers/STM32F4xx_HAL_Driver/Src/stm32f4xx_ll_adc.o
LOAD ./FATFS/App/fatfs.o
LOAD ./FATFS/Target/user_diskio.o
LOAD ./Middlewares/Third_Party/FatFs/src/diskio.o
LOAD ./Middlewares/Third_Party/FatFs/src/ff.o
LOAD ./Middlewares/Third_Party/FatFs/src/ff_gen_drv.o
LOAD ./Middlewares/Third_Party/FatFs/src/option/ccsbcs.o
LOAD ./Middlewares/Third_Party/FatFs/src/option/syscall.o
START GROUP
LOAD c:/st/stm32cubeide_1.9.0/stm32cubeide/plugins/com.st.stm32cube.ide.mcu.externaltools.gnu-tools-for-stm32.10.3-2021.10.win32_1.0.0.202111181127/tools/bin/../lib/gcc/arm-none-eabi/10.3.1/../../../../arm-none-eabi/lib/thumb/v7e-m+fp/hard\libstdc++_nano.a
LOAD c:/st/stm32cubeide_1.9.0/stm32cubeide/plugins/com.st.stm32cube.ide.mcu.externaltools.gnu-tools-for-stm32.10.3-2021.10.win32_1.0.0.202111181127/tools/bin/../lib/gcc/arm-none-eabi/10.3.1/../../../../arm-none-eabi/lib/thumb/v7e-m+fp/hard\libsupc++_nano.a
END GROUP
LOAD c:/st/stm32cubeide_1.9.0/stm32cubeide/plugins/com.st.stm32cube.ide.mcu.externaltools.gnu-tools-for-stm32.10.3-2021.10.win32_1.0.0.202111181127/tools/bin/../lib/gcc/arm-none-eabi/10.3.1/../../../../arm-none-eabi/lib/thumb/v7e-m+fp/hard\libstdc++_nano.a
LOAD c:/st/stm32cubeide_1.9.0/stm32cubeide/plugins/com.st.stm32cube.ide.mcu.externaltools.gnu-tools-for-stm32.10.3-2021.10.win32_1.0.0.202111181127/tools/bin/../lib/gcc/arm-none-eabi/10.3.1/../../../../arm-none-eabi/lib/thumb/v7e-m+fp/hard\libm.a
LOAD c:/st/stm32cubeide_1.9.0/stm32cubeide/plugins/com.st.stm32cube.ide.mcu.externaltools.gnu-tools-for-stm32.10.3-2021.10.win32_1.0.0.202111181127/tools/bin/../lib/gcc/arm-none-eabi/10.3.1/../../../../arm-none-eabi/lib/thumb/v7e-m+fp/hard\libc_nano.a
START GROUP
LOAD c:/st/stm32cubeide_1.9.0/stm32cubeide/plugins/com.st.stm32cube.ide.mcu.externaltools.gnu-tools-for-stm32.10.3-2021.10.win32_1.0.0.202111181127/tools/bin/../lib/gcc/arm-none-eabi/10.3.1/thumb/v7e-m+fp/hard\libgcc.a
LOAD c:/st/stm32cubeide_1.9.0/stm32cubeide/plugins/com.st.stm32cube.ide.mcu.externaltools.gnu-tools-for-stm32.10.3-2021.10.win32_1.0.0.202111181127/tools/bin/../lib/gcc/arm-none-eabi/10.3.1/../../../../arm-none-eabi/lib/thumb/v7e-m+fp/hard\libc_nano.a
END GROUP
START GROUP
LOAD c:/st/stm32cubeide_1.9.0/stm32cubeide/plugins/com.st.stm32cube.ide.mcu.externaltools.gnu-tools-for-stm32.10.3-2021.10.win32_1.0.0.202111181127/tools/bin/../lib/gcc/arm-none-eabi/10.3.1/thumb/v7e-m+fp/hard\libgcc.a
LOAD c:/st/stm32cubeide_1.9.0/stm32cubeide/plugins/com.st.stm32cube.ide.mcu.externaltools.gnu-tools-for-stm32.10.3-2021.10.win32_1.0.0.202111181127/tools/bin/../lib/gcc/arm-none-eabi/10.3.1/../../../../arm-none-eabi/lib/thumb/v7e-m+fp/hard\libc_nano.a
LOAD c:/st/stm32cubeide_1.9.0/stm32cubeide/plugins/com.st.stm32cube.ide.mcu.externaltools.gnu-tools-for-stm32.10.3-2021.10.win32_1.0.0.202111181127/tools/bin/../lib/gcc/arm-none-eabi/10.3.1/../../../../arm-none-eabi/lib/thumb/v7e-m+fp/hard\libnosys.a
END GROUP
START GROUP
LOAD c:/st/stm32cubeide_1.9.0/stm32cubeide/plugins/com.st.stm32cube.ide.mcu.externaltools.gnu-tools-for-stm32.10.3-2021.10.win32_1.0.0.202111181127/tools/bin/../lib/gcc/arm-none-eabi/10.3.1/thumb/v7e-m+fp/hard\libgcc.a
LOAD c:/st/stm32cubeide_1.9.0/stm32cubeide/plugins/com.st.stm32cube.ide.mcu.externaltools.gnu-tools-for-stm32.10.3-2021.10.win32_1.0.0.202111181127/tools/bin/../lib/gcc/arm-none-eabi/10.3.1/../../../../arm-none-eabi/lib/thumb/v7e-m+fp/hard\libc_nano.a
LOAD c:/st/stm32cubeide_1.9.0/stm32cubeide/plugins/com.st.stm32cube.ide.mcu.externaltools.gnu-tools-for-stm32.10.3-2021.10.win32_1.0.0.202111181127/tools/bin/../lib/gcc/arm-none-eabi/10.3.1/../../../../arm-none-eabi/lib/thumb/v7e-m+fp/hard\libnosys.a
END GROUP
LOAD c:/st/stm32cubeide_1.9.0/stm32cubeide/plugins/com.st.stm32cube.ide.mcu.externaltools.gnu-tools-for-stm32.10.3-2021.10.win32_1.0.0.202111181127/tools/bin/../lib/gcc/arm-none-eabi/10.3.1/thumb/v7e-m+fp/hard/crtend.o
LOAD c:/st/stm32cubeide_1.9.0/stm32cubeide/plugins/com.st.stm32cube.ide.mcu.externaltools.gnu-tools-for-stm32.10.3-2021.10.win32_1.0.0.202111181127/tools/bin/../lib/gcc/arm-none-eabi/10.3.1/thumb/v7e-m+fp/hard/crtn.o
                0x0000000020020000                _estack = (ORIGIN (RAM) + LENGTH (RAM))
                0x0000000000000200                _Min_Heap_Size = 0x200
                0x0000000000000400                _Min_Stack_Size = 0x400

.isr_vector     0x0000000008000000      0x1c4
                0x0000000008000000                . = ALIGN (0x4)
 *(.isr_vector)
 .isr_vector    0x0000000008000000      0x1c4 ./Core/Startup/startup_stm32f446retx.o
                0x0000000008000000                g_pfnVectors
                0x00000000080001c4                . = ALIGN (0x4)

.text           0x00000000080001d0     0xfea8
                0x00000000080001d0                . = ALIGN (0x4)
 *(.text)
 .text          0x00000000080001d0       0x40 c:/st/stm32cubeide_1.9.0/stm32cubeide/plugins/com.st.stm32cube.ide.mcu.externaltools.gnu-tools-for-stm32.10.3-2021.10.win32_1.0.0.202111181127/tools/bin/../lib/gcc/arm-none-eabi/10.3.1/thumb/v7e-m+fp/hard/crtbegin.o
 .text          0x0000000008000210       0xa0 c:/st/stm32cubeide_1.9.0/stm32cubeide/plugins/com.st.stm32cube.ide.mcu.externaltools.gnu-tools-for-stm32.10.3-2021.10.win32_1.0.0.202111181127/tools/bin/../lib/gcc/arm-none-eabi/10.3.1/../../../../arm-none-eabi/lib/thumb/v7e-m+fp/hard\libc_nano.a(lib_a-memchr.o)
                0x0000000008000210                memchr
 .text          0x00000000080002b0      0x378 c:/st/stm32cubeide_1.9.0/stm32cubeide/plugins/com.st.stm32cube.ide.mcu.externaltools.gnu-tools-for-stm32.10.3-2021.10.win32_1.0.0.202111181127/tools/bin/../lib/gcc/arm-none-eabi/10.3.1/thumb/v7e-m+fp/hard\libgcc.a(_arm_addsubdf3.o)
                0x00000000080002b0                __aeabi_drsub
                0x00000000080002b8                __aeabi_dsub
                0x00000000080002b8                __subdf3
                0x00000000080002bc                __aeabi_dadd
                0x00000000080002bc                __adddf3
                0x0000000008000534                __floatunsidf
                0x0000000008000534                __aeabi_ui2d
                0x0000000008000554                __floatsidf
                0x0000000008000554                __aeabi_i2d
                0x0000000008000578                __aeabi_f2d
                0x0000000008000578                __extendsfdf2
                0x00000000080005bc                __floatundidf
                0x00000000080005bc                __aeabi_ul2d
                0x00000000080005cc                __floatdidf
                0x00000000080005cc                __aeabi_l2d
 .text          0x0000000008000628      0x424 c:/st/stm32cubeide_1.9.0/stm32cubeide/plugins/com.st.stm32cube.ide.mcu.externaltools.gnu-tools-for-stm32.10.3-2021.10.win32_1.0.0.202111181127/tools/bin/../lib/gcc/arm-none-eabi/10.3.1/thumb/v7e-m+fp/hard\libgcc.a(_arm_muldivdf3.o)
                0x0000000008000628                __aeabi_dmul
                0x0000000008000628                __muldf3
                0x000000000800087c                __divdf3
                0x000000000800087c                __aeabi_ddiv
 .text          0x0000000008000a4c      0x110 c:/st/stm32cubeide_1.9.0/stm32cubeide/plugins/com.st.stm32cube.ide.mcu.externaltools.gnu-tools-for-stm32.10.3-2021.10.win32_1.0.0.202111181127/tools/bin/../lib/gcc/arm-none-eabi/10.3.1/thumb/v7e-m+fp/hard\libgcc.a(_arm_cmpdf2.o)
                0x0000000008000a4c                __gtdf2
                0x0000000008000a4c                __gedf2
                0x0000000008000a54                __ltdf2
                0x0000000008000a54                __ledf2
                0x0000000008000a5c                __nedf2
                0x0000000008000a5c                __eqdf2
                0x0000000008000a5c                __cmpdf2
                0x0000000008000ad8                __aeabi_cdrcmple
                0x0000000008000ae8                __aeabi_cdcmpeq
                0x0000000008000ae8                __aeabi_cdcmple
                0x0000000008000af8                __aeabi_dcmpeq
                0x0000000008000b0c                __aeabi_dcmplt
                0x0000000008000b20                __aeabi_dcmple
                0x0000000008000b34                __aeabi_dcmpge
                0x0000000008000b48                __aeabi_dcmpgt
 .text          0x0000000008000b5c       0x2c c:/st/stm32cubeide_1.9.0/stm32cubeide/plugins/com.st.stm32cube.ide.mcu.externaltools.gnu-tools-for-stm32.10.3-2021.10.win32_1.0.0.202111181127/tools/bin/../lib/gcc/arm-none-eabi/10.3.1/thumb/v7e-m+fp/hard\libgcc.a(_arm_unorddf2.o)
                0x0000000008000b5c                __unorddf2
                0x0000000008000b5c                __aeabi_dcmpun
 .text          0x0000000008000b88       0x50 c:/st/stm32cubeide_1.9.0/stm32cubeide/plugins/com.st.stm32cube.ide.mcu.externaltools.gnu-tools-for-stm32.10.3-2021.10.win32_1.0.0.202111181127/tools/bin/../lib/gcc/arm-none-eabi/10.3.1/thumb/v7e-m+fp/hard\libgcc.a(_arm_fixdfsi.o)
                0x0000000008000b88                __aeabi_d2iz
                0x0000000008000b88                __fixdfsi
 .text          0x0000000008000bd8       0x40 c:/st/stm32cubeide_1.9.0/stm32cubeide/plugins/com.st.stm32cube.ide.mcu.externaltools.gnu-tools-for-stm32.10.3-2021.10.win32_1.0.0.202111181127/tools/bin/../lib/gcc/arm-none-eabi/10.3.1/thumb/v7e-m+fp/hard\libgcc.a(_arm_fixunsdfsi.o)
                0x0000000008000bd8                __aeabi_d2uiz
                0x0000000008000bd8                __fixunsdfsi
 .text          0x0000000008000c18       0xa0 c:/st/stm32cubeide_1.9.0/stm32cubeide/plugins/com.st.stm32cube.ide.mcu.externaltools.gnu-tools-for-stm32.10.3-2021.10.win32_1.0.0.202111181127/tools/bin/../lib/gcc/arm-none-eabi/10.3.1/thumb/v7e-m+fp/hard\libgcc.a(_arm_truncdfsf2.o)
                0x0000000008000c18                __truncdfsf2
                0x0000000008000c18                __aeabi_d2f
 .text          0x0000000008000cb8      0x21c c:/st/stm32cubeide_1.9.0/stm32cubeide/plugins/com.st.stm32cube.ide.mcu.externaltools.gnu-tools-for-stm32.10.3-2021.10.win32_1.0.0.202111181127/tools/bin/../lib/gcc/arm-none-eabi/10.3.1/thumb/v7e-m+fp/hard\libgcc.a(_arm_addsubsf3.o)
                0x0000000008000cb8                __aeabi_frsub
                0x0000000008000cc0                __subsf3
                0x0000000008000cc0                __aeabi_fsub
                0x0000000008000cc4                __aeabi_fadd
                0x0000000008000cc4                __addsf3
                0x0000000008000e24                __aeabi_ui2f
                0x0000000008000e24                __floatunsisf
                0x0000000008000e2c                __aeabi_i2f
                0x0000000008000e2c                __floatsisf
                0x0000000008000e48                __aeabi_ul2f
                0x0000000008000e48                __floatundisf
                0x0000000008000e58                __aeabi_l2f
                0x0000000008000e58                __floatdisf
 .text          0x0000000008000ed4       0x30 c:/st/stm32cubeide_1.9.0/stm32cubeide/plugins/com.st.stm32cube.ide.mcu.externaltools.gnu-tools-for-stm32.10.3-2021.10.win32_1.0.0.202111181127/tools/bin/../lib/gcc/arm-none-eabi/10.3.1/thumb/v7e-m+fp/hard\libgcc.a(_aeabi_uldivmod.o)
                0x0000000008000ed4                __aeabi_uldivmod
 .text          0x0000000008000f04       0x3c c:/st/stm32cubeide_1.9.0/stm32cubeide/plugins/com.st.stm32cube.ide.mcu.externaltools.gnu-tools-for-stm32.10.3-2021.10.win32_1.0.0.202111181127/tools/bin/../lib/gcc/arm-none-eabi/10.3.1/thumb/v7e-m+fp/hard\libgcc.a(_fixunsdfdi.o)
                0x0000000008000f04                __fixunsdfdi
                0x0000000008000f04                __aeabi_d2ulz
 .text          0x0000000008000f40      0x2d0 c:/st/stm32cubeide_1.9.0/stm32cubeide/plugins/com.st.stm32cube.ide.mcu.externaltools.gnu-tools-for-stm32.10.3-2021.10.win32_1.0.0.202111181127/tools/bin/../lib/gcc/arm-none-eabi/10.3.1/thumb/v7e-m+fp/hard\libgcc.a(_udivmoddi4.o)
                0x0000000008000f40                __udivmoddi4
 .text          0x0000000008001210        0x4 c:/st/stm32cubeide_1.9.0/stm32cubeide/plugins/com.st.stm32cube.ide.mcu.externaltools.gnu-tools-for-stm32.10.3-2021.10.win32_1.0.0.202111181127/tools/bin/../lib/gcc/arm-none-eabi/10.3.1/thumb/v7e-m+fp/hard\libgcc.a(_dvmd_tls.o)
                0x0000000008001210                __aeabi_idiv0
                0x0000000008001210                __aeabi_ldiv0
 *(.text*)
 .text.imuInit  0x0000000008001214       0x68 ./Core/Src/Waveshare_10Dof-D.o
                0x0000000008001214                imuInit
 .text.bmp280Check
                0x000000000800127c       0x26 ./Core/Src/Waveshare_10Dof-D.o
                0x000000000800127c                bmp280Check
 *fill*         0x00000000080012a2        0x2 
 .text.bmp280ReadCalibration
                0x00000000080012a4      0x210 ./Core/Src/Waveshare_10Dof-D.o
                0x00000000080012a4                bmp280ReadCalibration
 .text.bmp280Init
                0x00000000080014b4       0x20 ./Core/Src/Waveshare_10Dof-D.o
                0x00000000080014b4                bmp280Init
 .text.bmp280CompensateTemperature
                0x00000000080014d4      0x1c0 ./Core/Src/Waveshare_10Dof-D.o
                0x00000000080014d4                bmp280CompensateTemperature
 .text.bmp280CompensatePressure
                0x0000000008001694      0x590 ./Core/Src/Waveshare_10Dof-D.o
                0x0000000008001694                bmp280CompensatePressure
 .text.bmp280TandPGet
                0x0000000008001c24       0xc6 ./Core/Src/Waveshare_10Dof-D.o
                0x0000000008001c24                bmp280TandPGet
 .text.bmp280CalAvgValue
                0x0000000008001cea       0x74 ./Core/Src/Waveshare_10Dof-D.o
                0x0000000008001cea                bmp280CalAvgValue
 *fill*         0x0000000008001d5e        0x2 
 .text.bmp280CalculateAbsoluteAltitude
                0x0000000008001d60       0x90 ./Core/Src/Waveshare_10Dof-D.o
                0x0000000008001d60                bmp280CalculateAbsoluteAltitude
 .text.pressSensorDataGet
                0x0000000008001df0       0x84 ./Core/Src/Waveshare_10Dof-D.o
                0x0000000008001df0                pressSensorDataGet
 .text.SELECT   0x0000000008001e74       0x1c ./Core/Src/fatfs_sd.o
 .text.DESELECT
                0x0000000008001e90       0x1c ./Core/Src/fatfs_sd.o
 .text.SPI_TxByte
                0x0000000008001eac       0x34 ./Core/Src/fatfs_sd.o
 .text.SPI_TxBuffer
                0x0000000008001ee0       0x34 ./Core/Src/fatfs_sd.o
 .text.SPI_RxByte
                0x0000000008001f14       0x38 ./Core/Src/fatfs_sd.o
 .text.SPI_RxBytePtr
                0x0000000008001f4c       0x1c ./Core/Src/fatfs_sd.o
 .text.SD_ReadyWait
                0x0000000008001f68       0x34 ./Core/Src/fatfs_sd.o
 .text.SD_PowerOn
                0x0000000008001f9c       0x84 ./Core/Src/fatfs_sd.o
 .text.SD_PowerOff
                0x0000000008002020       0x18 ./Core/Src/fatfs_sd.o
 .text.SD_CheckPower
                0x0000000008002038       0x18 ./Core/Src/fatfs_sd.o
 .text.SD_RxDataBlock
                0x0000000008002050       0x5c ./Core/Src/fatfs_sd.o
 .text.SD_TxDataBlock
                0x00000000080020ac       0x86 ./Core/Src/fatfs_sd.o
 .text.SD_SendCmd
                0x0000000008002132       0xa8 ./Core/Src/fatfs_sd.o
 *fill*         0x00000000080021da        0x2 
 .text.SD_disk_initialize
                0x00000000080021dc      0x1cc ./Core/Src/fatfs_sd.o
                0x00000000080021dc                SD_disk_initialize
 .text.SD_disk_status
                0x00000000080023a8       0x2c ./Core/Src/fatfs_sd.o
                0x00000000080023a8                SD_disk_status
 .text.SD_disk_read
                0x00000000080023d4       0xd4 ./Core/Src/fatfs_sd.o
                0x00000000080023d4                SD_disk_read
 .text.SD_disk_write
                0x00000000080024a8      0x108 ./Core/Src/fatfs_sd.o
                0x00000000080024a8                SD_disk_write
 .text.SD_disk_ioctl
                0x00000000080025b0      0x258 ./Core/Src/fatfs_sd.o
                0x00000000080025b0                SD_disk_ioctl
 .text.MX_I2C1_Init
                0x0000000008002808       0x5c ./Core/Src/i2c.o
                0x0000000008002808                MX_I2C1_Init
 .text.I2C_ReadOneByte
                0x0000000008002864       0x44 ./Core/Src/main.o
                0x0000000008002864                I2C_ReadOneByte
 .text.I2C_WriteOneByte
                0x00000000080028a8       0x40 ./Core/Src/main.o
                0x00000000080028a8                I2C_WriteOneByte
 .text.main     0x00000000080028e8      0x8c8 ./Core/Src/main.o
                0x00000000080028e8                main
 .text.SystemClock_Config
                0x00000000080031b0       0xe4 ./Core/Src/main.o
                0x00000000080031b0                SystemClock_Config
 .text.MX_ADC1_Init
                0x0000000008003294       0xa4 ./Core/Src/main.o
 .text.MX_I2C2_Init
                0x0000000008003338       0x5c ./Core/Src/main.o
 .text.MX_I2C3_Init
                0x0000000008003394       0x5c ./Core/Src/main.o
 .text.MX_SPI1_Init
                0x00000000080033f0       0x6c ./Core/Src/main.o
 .text.MX_TIM3_Init
                0x000000000800345c       0x9c ./Core/Src/main.o
 .text.MX_TIM10_Init
                0x00000000080034f8       0x48 ./Core/Src/main.o
 .text.MX_GPIO_Init
                0x0000000008003540       0xd8 ./Core/Src/main.o
 .text.HAL_TIM_PeriodElapsedCallback
                0x0000000008003618       0x34 ./Core/Src/main.o
                0x0000000008003618                HAL_TIM_PeriodElapsedCallback
 .text.Error_Handler
                0x000000000800364c        0xa ./Core/Src/main.o
                0x000000000800364c                Error_Handler
 *fill*         0x0000000008003656        0x2 
 .text.MPU9255_Init
                0x0000000008003658       0xe4 ./Core/Src/mpu9255.o
                0x0000000008003658                MPU9255_Init
 *fill*         0x000000000800373c        0x4 
 .text.readAll  0x0000000008003740      0x6c4 ./Core/Src/mpu9255.o
                0x0000000008003740                readAll
 .text.getMres  0x0000000008003e04       0x3c ./Core/Src/mpu9255.o
                0x0000000008003e04                getMres
 .text.getGres  0x0000000008003e40       0x68 ./Core/Src/mpu9255.o
                0x0000000008003e40                getGres
 .text.getAres  0x0000000008003ea8       0xe0 ./Core/Src/mpu9255.o
                0x0000000008003ea8                getAres
 .text.readAccelData
                0x0000000008003f88       0x66 ./Core/Src/mpu9255.o
                0x0000000008003f88                readAccelData
 .text.readGyroData
                0x0000000008003fee       0x66 ./Core/Src/mpu9255.o
                0x0000000008003fee                readGyroData
 .text.readMagData
                0x0000000008004054       0x98 ./Core/Src/mpu9255.o
                0x0000000008004054                readMagData
 .text.initAK8963
                0x00000000080040ec      0x1d0 ./Core/Src/mpu9255.o
                0x00000000080040ec                initAK8963
 .text.calibrateMag
                0x00000000080042bc      0x2b8 ./Core/Src/mpu9255.o
                0x00000000080042bc                calibrateMag
 .text.initMPU9250
                0x0000000008004574      0x1e8 ./Core/Src/mpu9255.o
                0x0000000008004574                initMPU9250
 .text.calibrateMPU9250
                0x000000000800475c      0x84c ./Core/Src/mpu9255.o
                0x000000000800475c                calibrateMPU9250
 .text.MPU9250SelfTest
                0x0000000008004fa8      0x9e8 ./Core/Src/mpu9255.o
                0x0000000008004fa8                MPU9250SelfTest
 .text.QuaternionUpdate
                0x0000000008005990      0xcec ./Core/Src/mpu9255.o
                0x0000000008005990                QuaternionUpdate
 .text.HAL_MspInit
                0x000000000800667c       0x50 ./Core/Src/stm32f4xx_hal_msp.o
                0x000000000800667c                HAL_MspInit
 .text.HAL_ADC_MspInit
                0x00000000080066cc       0x88 ./Core/Src/stm32f4xx_hal_msp.o
                0x00000000080066cc                HAL_ADC_MspInit
 .text.HAL_I2C_MspInit
                0x0000000008006754      0x1e8 ./Core/Src/stm32f4xx_hal_msp.o
                0x0000000008006754                HAL_I2C_MspInit
 .text.HAL_SPI_MspInit
                0x000000000800693c       0x90 ./Core/Src/stm32f4xx_hal_msp.o
                0x000000000800693c                HAL_SPI_MspInit
 .text.HAL_TIM_Base_MspInit
                0x00000000080069cc       0x8c ./Core/Src/stm32f4xx_hal_msp.o
                0x00000000080069cc                HAL_TIM_Base_MspInit
 .text.NMI_Handler
                0x0000000008006a58        0x6 ./Core/Src/stm32f4xx_it.o
                0x0000000008006a58                NMI_Handler
 .text.HardFault_Handler
                0x0000000008006a5e        0x6 ./Core/Src/stm32f4xx_it.o
                0x0000000008006a5e                HardFault_Handler
 .text.MemManage_Handler
                0x0000000008006a64        0x6 ./Core/Src/stm32f4xx_it.o
                0x0000000008006a64                MemManage_Handler
 .text.BusFault_Handler
                0x0000000008006a6a        0x6 ./Core/Src/stm32f4xx_it.o
                0x0000000008006a6a                BusFault_Handler
 .text.UsageFault_Handler
                0x0000000008006a70        0x6 ./Core/Src/stm32f4xx_it.o
                0x0000000008006a70                UsageFault_Handler
 .text.SVC_Handler
                0x0000000008006a76        0xe ./Core/Src/stm32f4xx_it.o
                0x0000000008006a76                SVC_Handler
 .text.DebugMon_Handler
                0x0000000008006a84        0xe ./Core/Src/stm32f4xx_it.o
                0x0000000008006a84                DebugMon_Handler
 .text.PendSV_Handler
                0x0000000008006a92        0xe ./Core/Src/stm32f4xx_it.o
                0x0000000008006a92                PendSV_Handler
 .text.SysTick_Handler
                0x0000000008006aa0       0x3c ./Core/Src/stm32f4xx_it.o
                0x0000000008006aa0                SysTick_Handler
 .text.TIM1_UP_TIM10_IRQHandler
                0x0000000008006adc       0x14 ./Core/Src/stm32f4xx_it.o
                0x0000000008006adc                TIM1_UP_TIM10_IRQHandler
 .text.TIM3_IRQHandler
                0x0000000008006af0       0x14 ./Core/Src/stm32f4xx_it.o
                0x0000000008006af0                TIM3_IRQHandler
 .text._read    0x0000000008006b04       0x3a ./Core/Src/syscalls.o
                0x0000000008006b04                _read
 .text._write   0x0000000008006b3e       0x38 ./Core/Src/syscalls.o
                0x0000000008006b3e                _write
 .text._close   0x0000000008006b76       0x18 ./Core/Src/syscalls.o
                0x0000000008006b76                _close
 .text._fstat   0x0000000008006b8e       0x20 ./Core/Src/syscalls.o
                0x0000000008006b8e                _fstat
 .text._isatty  0x0000000008006bae       0x16 ./Core/Src/syscalls.o
                0x0000000008006bae                _isatty
 .text._lseek   0x0000000008006bc4       0x1a ./Core/Src/syscalls.o
                0x0000000008006bc4                _lseek
 *fill*         0x0000000008006bde        0x2 
 .text._sbrk    0x0000000008006be0       0x6c ./Core/Src/sysmem.o
                0x0000000008006be0                _sbrk
 .text.SystemInit
                0x0000000008006c4c       0x24 ./Core/Src/system_stm32f4xx.o
                0x0000000008006c4c                SystemInit
 .text.Reset_Handler
                0x0000000008006c70       0x50 ./Core/Startup/startup_stm32f446retx.o
                0x0000000008006c70                Reset_Handler
 .text.Default_Handler
                0x0000000008006cc0        0x2 ./Core/Startup/startup_stm32f446retx.o
                0x0000000008006cc0                RTC_Alarm_IRQHandler
                0x0000000008006cc0                EXTI2_IRQHandler
                0x0000000008006cc0                TIM8_CC_IRQHandler
                0x0000000008006cc0                FMPI2C1_EV_IRQHandler
                0x0000000008006cc0                SPI4_IRQHandler
                0x0000000008006cc0                TIM1_CC_IRQHandler
                0x0000000008006cc0                DMA2_Stream5_IRQHandler
                0x0000000008006cc0                DMA1_Stream5_IRQHandler
                0x0000000008006cc0                PVD_IRQHandler
                0x0000000008006cc0                SDIO_IRQHandler
                0x0000000008006cc0                TAMP_STAMP_IRQHandler
                0x0000000008006cc0                CAN2_RX1_IRQHandler
                0x0000000008006cc0                EXTI3_IRQHandler
                0x0000000008006cc0                TIM8_TRG_COM_TIM14_IRQHandler
                0x0000000008006cc0                TIM8_UP_TIM13_IRQHandler
                0x0000000008006cc0                I2C3_ER_IRQHandler
                0x0000000008006cc0                EXTI0_IRQHandler
                0x0000000008006cc0                I2C2_EV_IRQHandler
                0x0000000008006cc0                DMA1_Stream2_IRQHandler
                0x0000000008006cc0                CAN1_RX0_IRQHandler
                0x0000000008006cc0                FPU_IRQHandler
                0x0000000008006cc0                OTG_HS_WKUP_IRQHandler
                0x0000000008006cc0                CAN2_SCE_IRQHandler
                0x0000000008006cc0                DMA2_Stream2_IRQHandler
                0x0000000008006cc0                SPI1_IRQHandler
                0x0000000008006cc0                TIM6_DAC_IRQHandler
                0x0000000008006cc0                TIM1_BRK_TIM9_IRQHandler
                0x0000000008006cc0                DCMI_IRQHandler
                0x0000000008006cc0                CAN2_RX0_IRQHandler
                0x0000000008006cc0                DMA2_Stream3_IRQHandler
                0x0000000008006cc0                SAI2_IRQHandler
                0x0000000008006cc0                USART6_IRQHandler
                0x0000000008006cc0                USART3_IRQHandler
                0x0000000008006cc0                CAN1_RX1_IRQHandler
                0x0000000008006cc0                UART5_IRQHandler
                0x0000000008006cc0                DMA2_Stream0_IRQHandler
                0x0000000008006cc0                TIM4_IRQHandler
                0x0000000008006cc0                QUADSPI_IRQHandler
                0x0000000008006cc0                I2C1_EV_IRQHandler
                0x0000000008006cc0                DMA1_Stream6_IRQHandler
                0x0000000008006cc0                DMA1_Stream1_IRQHandler
                0x0000000008006cc0                UART4_IRQHandler
                0x0000000008006cc0                RCC_IRQHandler
                0x0000000008006cc0                TIM8_BRK_TIM12_IRQHandler
                0x0000000008006cc0                Default_Handler
                0x0000000008006cc0                CEC_IRQHandler
                0x0000000008006cc0                EXTI15_10_IRQHandler
                0x0000000008006cc0                ADC_IRQHandler
                0x0000000008006cc0                DMA1_Stream7_IRQHandler
                0x0000000008006cc0                TIM7_IRQHandler
                0x0000000008006cc0                CAN2_TX_IRQHandler
                0x0000000008006cc0                TIM5_IRQHandler
                0x0000000008006cc0                DMA2_Stream7_IRQHandler
                0x0000000008006cc0                I2C3_EV_IRQHandler
                0x0000000008006cc0                EXTI9_5_IRQHandler
                0x0000000008006cc0                RTC_WKUP_IRQHandler
                0x0000000008006cc0                SPDIF_RX_IRQHandler
                0x0000000008006cc0                SPI2_IRQHandler
                0x0000000008006cc0                OTG_HS_EP1_IN_IRQHandler
                0x0000000008006cc0                DMA1_Stream0_IRQHandler
                0x0000000008006cc0                CAN1_TX_IRQHandler
                0x0000000008006cc0                FMPI2C1_ER_IRQHandler
                0x0000000008006cc0                EXTI4_IRQHandler
                0x0000000008006cc0                OTG_HS_EP1_OUT_IRQHandler
                0x0000000008006cc0                WWDG_IRQHandler
                0x0000000008006cc0                TIM2_IRQHandler
                0x0000000008006cc0                OTG_FS_WKUP_IRQHandler
                0x0000000008006cc0                TIM1_TRG_COM_TIM11_IRQHandler
                0x0000000008006cc0                OTG_HS_IRQHandler
                0x0000000008006cc0                EXTI1_IRQHandler
                0x0000000008006cc0                USART2_IRQHandler
                0x0000000008006cc0                I2C2_ER_IRQHandler
                0x0000000008006cc0                DMA2_Stream1_IRQHandler
                0x0000000008006cc0                CAN1_SCE_IRQHandler
                0x0000000008006cc0                FLASH_IRQHandler
                0x0000000008006cc0                DMA2_Stream4_IRQHandler
                0x0000000008006cc0                USART1_IRQHandler
                0x0000000008006cc0                OTG_FS_IRQHandler
                0x0000000008006cc0                SPI3_IRQHandler
                0x0000000008006cc0                DMA1_Stream4_IRQHandler
                0x0000000008006cc0                I2C1_ER_IRQHandler
                0x0000000008006cc0                FMC_IRQHandler
                0x0000000008006cc0                DMA2_Stream6_IRQHandler
                0x0000000008006cc0                SAI1_IRQHandler
                0x0000000008006cc0                DMA1_Stream3_IRQHandler
 *fill*         0x0000000008006cc2        0x2 
 .text.ssd1306_WriteCommand
                0x0000000008006cc4       0x30 ./Drivers/SSD1306/ssd1306.o
                0x0000000008006cc4                ssd1306_WriteCommand
 .text.ssd1306_WriteData
                0x0000000008006cf4       0x34 ./Drivers/SSD1306/ssd1306.o
                0x0000000008006cf4                ssd1306_WriteData
 .text.ssd1306_UpdateScreen
                0x0000000008006d28       0x50 ./Drivers/SSD1306/ssd1306.o
                0x0000000008006d28                ssd1306_UpdateScreen
 .text.ssd1306_DrawPixel
                0x0000000008006d78       0xa8 ./Drivers/SSD1306/ssd1306.o
                0x0000000008006d78                ssd1306_DrawPixel
 .text.ssd1306_WriteChar
                0x0000000008006e20      0x110 ./Drivers/SSD1306/ssd1306.o
                0x0000000008006e20                ssd1306_WriteChar
 .text.ssd1306_WriteString
                0x0000000008006f30       0x4c ./Drivers/SSD1306/ssd1306.o
                0x0000000008006f30                ssd1306_WriteString
 .text.ssd1306_SetCursor
                0x0000000008006f7c       0x30 ./Drivers/SSD1306/ssd1306.o
                0x0000000008006f7c                ssd1306_SetCursor
 .text.HAL_Init
                0x0000000008006fac       0x44 ./Drivers/STM32F4xx_HAL_Driver/Src/stm32f4xx_hal.o
                0x0000000008006fac                HAL_Init
 .text.HAL_InitTick
                0x0000000008006ff0       0x60 ./Drivers/STM32F4xx_HAL_Driver/Src/stm32f4xx_hal.o
                0x0000000008006ff0                HAL_InitTick
 .text.HAL_IncTick
                0x0000000008007050       0x28 ./Drivers/STM32F4xx_HAL_Driver/Src/stm32f4xx_hal.o
                0x0000000008007050                HAL_IncTick
 .text.HAL_GetTick
                0x0000000008007078       0x18 ./Drivers/STM32F4xx_HAL_Driver/Src/stm32f4xx_hal.o
                0x0000000008007078                HAL_GetTick
 .text.HAL_Delay
                0x0000000008007090       0x48 ./Drivers/STM32F4xx_HAL_Driver/Src/stm32f4xx_hal.o
                0x0000000008007090                HAL_Delay
 .text.HAL_ADC_Init
                0x00000000080070d8       0x86 ./Drivers/STM32F4xx_HAL_Driver/Src/stm32f4xx_hal_adc.o
                0x00000000080070d8                HAL_ADC_Init
 *fill*         0x000000000800715e        0x2 
 .text.HAL_ADC_ConfigChannel
                0x0000000008007160      0x264 ./Drivers/STM32F4xx_HAL_Driver/Src/stm32f4xx_hal_adc.o
                0x0000000008007160                HAL_ADC_ConfigChannel
 .text.ADC_Init
                0x00000000080073c4      0x1f8 ./Drivers/STM32F4xx_HAL_Driver/Src/stm32f4xx_hal_adc.o
 .text.__NVIC_SetPriorityGrouping
                0x00000000080075bc       0x48 ./Drivers/STM32F4xx_HAL_Driver/Src/stm32f4xx_hal_cortex.o
 .text.__NVIC_GetPriorityGrouping
                0x0000000008007604       0x1c ./Drivers/STM32F4xx_HAL_Driver/Src/stm32f4xx_hal_cortex.o
 .text.__NVIC_EnableIRQ
                0x0000000008007620       0x3c ./Drivers/STM32F4xx_HAL_Driver/Src/stm32f4xx_hal_cortex.o
 .text.__NVIC_SetPriority
                0x000000000800765c       0x54 ./Drivers/STM32F4xx_HAL_Driver/Src/stm32f4xx_hal_cortex.o
 .text.NVIC_EncodePriority
                0x00000000080076b0       0x66 ./Drivers/STM32F4xx_HAL_Driver/Src/stm32f4xx_hal_cortex.o
 *fill*         0x0000000008007716        0x2 
 .text.SysTick_Config
                0x0000000008007718       0x44 ./Drivers/STM32F4xx_HAL_Driver/Src/stm32f4xx_hal_cortex.o
 .text.HAL_NVIC_SetPriorityGrouping
                0x000000000800775c       0x16 ./Drivers/STM32F4xx_HAL_Driver/Src/stm32f4xx_hal_cortex.o
                0x000000000800775c                HAL_NVIC_SetPriorityGrouping
 .text.HAL_NVIC_SetPriority
                0x0000000008007772       0x38 ./Drivers/STM32F4xx_HAL_Driver/Src/stm32f4xx_hal_cortex.o
                0x0000000008007772                HAL_NVIC_SetPriority
 .text.HAL_NVIC_EnableIRQ
                0x00000000080077aa       0x1c ./Drivers/STM32F4xx_HAL_Driver/Src/stm32f4xx_hal_cortex.o
                0x00000000080077aa                HAL_NVIC_EnableIRQ
 .text.HAL_SYSTICK_Config
                0x00000000080077c6       0x18 ./Drivers/STM32F4xx_HAL_Driver/Src/stm32f4xx_hal_cortex.o
                0x00000000080077c6                HAL_SYSTICK_Config
 *fill*         0x00000000080077de        0x2 
 .text.HAL_GPIO_Init
                0x00000000080077e0      0x328 ./Drivers/STM32F4xx_HAL_Driver/Src/stm32f4xx_hal_gpio.o
                0x00000000080077e0                HAL_GPIO_Init
 .text.HAL_GPIO_WritePin
                0x0000000008007b08       0x32 ./Drivers/STM32F4xx_HAL_Driver/Src/stm32f4xx_hal_gpio.o
                0x0000000008007b08                HAL_GPIO_WritePin
 *fill*         0x0000000008007b3a        0x2 
 .text.HAL_I2C_Init
                0x0000000008007b3c      0x288 ./Drivers/STM32F4xx_HAL_Driver/Src/stm32f4xx_hal_i2c.o
                0x0000000008007b3c                HAL_I2C_Init
 .text.HAL_I2C_Master_Transmit
                0x0000000008007dc4      0x1fc ./Drivers/STM32F4xx_HAL_Driver/Src/stm32f4xx_hal_i2c.o
                0x0000000008007dc4                HAL_I2C_Master_Transmit
 .text.HAL_I2C_Mem_Write
                0x0000000008007fc0      0x1f4 ./Drivers/STM32F4xx_HAL_Driver/Src/stm32f4xx_hal_i2c.o
                0x0000000008007fc0                HAL_I2C_Mem_Write
 .text.HAL_I2C_Mem_Read
                0x00000000080081b4      0x44c ./Drivers/STM32F4xx_HAL_Driver/Src/stm32f4xx_hal_i2c.o
                0x00000000080081b4                HAL_I2C_Mem_Read
 .text.I2C_MasterRequestWrite
                0x0000000008008600      0x104 ./Drivers/STM32F4xx_HAL_Driver/Src/stm32f4xx_hal_i2c.o
 .text.I2C_RequestMemoryWrite
                0x0000000008008704      0x12c ./Drivers/STM32F4xx_HAL_Driver/Src/stm32f4xx_hal_i2c.o
 .text.I2C_RequestMemoryRead
                0x0000000008008830      0x1d0 ./Drivers/STM32F4xx_HAL_Driver/Src/stm32f4xx_hal_i2c.o
 .text.I2C_WaitOnFlagUntilTimeout
                0x0000000008008a00       0xae ./Drivers/STM32F4xx_HAL_Driver/Src/stm32f4xx_hal_i2c.o
 .text.I2C_WaitOnMasterAddressFlagUntilTimeout
                0x0000000008008aae       0xfe ./Drivers/STM32F4xx_HAL_Driver/Src/stm32f4xx_hal_i2c.o
 .text.I2C_WaitOnTXEFlagUntilTimeout
                0x0000000008008bac       0x82 ./Drivers/STM32F4xx_HAL_Driver/Src/stm32f4xx_hal_i2c.o
 .text.I2C_WaitOnBTFFlagUntilTimeout
                0x0000000008008c2e       0x82 ./Drivers/STM32F4xx_HAL_Driver/Src/stm32f4xx_hal_i2c.o
 .text.I2C_WaitOnRXNEFlagUntilTimeout
                0x0000000008008cb0       0xac ./Drivers/STM32F4xx_HAL_Driver/Src/stm32f4xx_hal_i2c.o
 .text.I2C_IsAcknowledgeFailed
                0x0000000008008d5c       0x5e ./Drivers/STM32F4xx_HAL_Driver/Src/stm32f4xx_hal_i2c.o
 *fill*         0x0000000008008dba        0x2 
 .text.HAL_PWREx_EnableOverDrive
                0x0000000008008dbc       0xa0 ./Drivers/STM32F4xx_HAL_Driver/Src/stm32f4xx_hal_pwr_ex.o
                0x0000000008008dbc                HAL_PWREx_EnableOverDrive
 .text.HAL_RCC_ClockConfig
                0x0000000008008e5c      0x1cc ./Drivers/STM32F4xx_HAL_Driver/Src/stm32f4xx_hal_rcc.o
                0x0000000008008e5c                HAL_RCC_ClockConfig
 .text.HAL_RCC_GetHCLKFreq
                0x0000000008009028       0x18 ./Drivers/STM32F4xx_HAL_Driver/Src/stm32f4xx_hal_rcc.o
                0x0000000008009028                HAL_RCC_GetHCLKFreq
 .text.HAL_RCC_GetPCLK1Freq
                0x0000000008009040       0x28 ./Drivers/STM32F4xx_HAL_Driver/Src/stm32f4xx_hal_rcc.o
                0x0000000008009040                HAL_RCC_GetPCLK1Freq
 .text.HAL_RCC_GetSysClockFreq
                0x0000000008009068      0x354 ./Drivers/STM32F4xx_HAL_Driver/Src/stm32f4xx_hal_rcc_ex.o
                0x0000000008009068                HAL_RCC_GetSysClockFreq
 .text.HAL_RCC_OscConfig
                0x00000000080093bc      0x53c ./Drivers/STM32F4xx_HAL_Driver/Src/stm32f4xx_hal_rcc_ex.o
                0x00000000080093bc                HAL_RCC_OscConfig
 .text.HAL_SPI_Init
                0x00000000080098f8      0x112 ./Drivers/STM32F4xx_HAL_Driver/Src/stm32f4xx_hal_spi.o
                0x00000000080098f8                HAL_SPI_Init
 .text.HAL_SPI_Transmit
                0x0000000008009a0a      0x278 ./Drivers/STM32F4xx_HAL_Driver/Src/stm32f4xx_hal_spi.o
                0x0000000008009a0a                HAL_SPI_Transmit
 .text.HAL_SPI_TransmitReceive
                0x0000000008009c82      0x344 ./Drivers/STM32F4xx_HAL_Driver/Src/stm32f4xx_hal_spi.o
                0x0000000008009c82                HAL_SPI_TransmitReceive
 *fill*         0x0000000008009fc6        0x2 
 .text.SPI_WaitFlagStateUntilTimeout
                0x0000000008009fc8      0x110 ./Drivers/STM32F4xx_HAL_Driver/Src/stm32f4xx_hal_spi.o
 .text.SPI_EndRxTxTransaction
                0x000000000800a0d8       0x84 ./Drivers/STM32F4xx_HAL_Driver/Src/stm32f4xx_hal_spi.o
 .text.HAL_TIM_Base_Init
                0x000000000800a15c       0x9e ./Drivers/STM32F4xx_HAL_Driver/Src/stm32f4xx_hal_tim.o
                0x000000000800a15c                HAL_TIM_Base_Init
 *fill*         0x000000000800a1fa        0x2 
 .text.HAL_TIM_Base_Start_IT
                0x000000000800a1fc       0xe0 ./Drivers/STM32F4xx_HAL_Driver/Src/stm32f4xx_hal_tim.o
                0x000000000800a1fc                HAL_TIM_Base_Start_IT
 .text.HAL_TIM_IRQHandler
                0x000000000800a2dc      0x210 ./Drivers/STM32F4xx_HAL_Driver/Src/stm32f4xx_hal_tim.o
                0x000000000800a2dc                HAL_TIM_IRQHandler
 .text.HAL_TIM_ConfigClockSource
                0x000000000800a4ec      0x18e ./Drivers/STM32F4xx_HAL_Driver/Src/stm32f4xx_hal_tim.o
                0x000000000800a4ec                HAL_TIM_ConfigClockSource
 .text.HAL_TIM_OC_DelayElapsedCallback
                0x000000000800a67a       0x14 ./Drivers/STM32F4xx_HAL_Driver/Src/stm32f4xx_hal_tim.o
                0x000000000800a67a                HAL_TIM_OC_DelayElapsedCallback
 .text.HAL_TIM_IC_CaptureCallback
                0x000000000800a68e       0x14 ./Drivers/STM32F4xx_HAL_Driver/Src/stm32f4xx_hal_tim.o
                0x000000000800a68e                HAL_TIM_IC_CaptureCallback
 .text.HAL_TIM_PWM_PulseFinishedCallback
                0x000000000800a6a2       0x14 ./Drivers/STM32F4xx_HAL_Driver/Src/stm32f4xx_hal_tim.o
                0x000000000800a6a2                HAL_TIM_PWM_PulseFinishedCallback
 .text.HAL_TIM_TriggerCallback
                0x000000000800a6b6       0x14 ./Drivers/STM32F4xx_HAL_Driver/Src/stm32f4xx_hal_tim.o
                0x000000000800a6b6                HAL_TIM_TriggerCallback
 *fill*         0x000000000800a6ca        0x2 
 .text.TIM_Base_SetConfig
                0x000000000800a6cc      0x140 ./Drivers/STM32F4xx_HAL_Driver/Src/stm32f4xx_hal_tim.o
                0x000000000800a6cc                TIM_Base_SetConfig
 .text.TIM_TI1_ConfigInputStage
                0x000000000800a80c       0x5e ./Drivers/STM32F4xx_HAL_Driver/Src/stm32f4xx_hal_tim.o
 .text.TIM_TI2_ConfigInputStage
                0x000000000800a86a       0x60 ./Drivers/STM32F4xx_HAL_Driver/Src/stm32f4xx_hal_tim.o
 .text.TIM_ITRx_SetConfig
                0x000000000800a8ca       0x36 ./Drivers/STM32F4xx_HAL_Driver/Src/stm32f4xx_hal_tim.o
 .text.TIM_ETR_SetConfig
                0x000000000800a900       0x40 ./Drivers/STM32F4xx_HAL_Driver/Src/stm32f4xx_hal_tim.o
                0x000000000800a900                TIM_ETR_SetConfig
 .text.HAL_TIMEx_MasterConfigSynchronization
                0x000000000800a940       0xf8 ./Drivers/STM32F4xx_HAL_Driver/Src/stm32f4xx_hal_tim_ex.o
                0x000000000800a940                HAL_TIMEx_MasterConfigSynchronization
 .text.HAL_TIMEx_CommutCallback
                0x000000000800aa38       0x14 ./Drivers/STM32F4xx_HAL_Driver/Src/stm32f4xx_hal_tim_ex.o
                0x000000000800aa38                HAL_TIMEx_CommutCallback
 .text.HAL_TIMEx_BreakCallback
                0x000000000800aa4c       0x14 ./Drivers/STM32F4xx_HAL_Driver/Src/stm32f4xx_hal_tim_ex.o
                0x000000000800aa4c                HAL_TIMEx_BreakCallback
 .text.MX_FATFS_Init
                0x000000000800aa60       0x24 ./FATFS/App/fatfs.o
                0x000000000800aa60                MX_FATFS_Init
 .text.get_fattime
                0x000000000800aa84       0x10 ./FATFS/App/fatfs.o
                0x000000000800aa84                get_fattime
 .text.USER_initialize
                0x000000000800aa94       0x1e ./FATFS/Target/user_diskio.o
                0x000000000800aa94                USER_initialize
 .text.USER_status
                0x000000000800aab2       0x1e ./FATFS/Target/user_diskio.o
                0x000000000800aab2                USER_status
 .text.USER_read
                0x000000000800aad0       0x28 ./FATFS/Target/user_diskio.o
                0x000000000800aad0                USER_read
 .text.USER_write
                0x000000000800aaf8       0x28 ./FATFS/Target/user_diskio.o
                0x000000000800aaf8                USER_write
 .text.USER_ioctl
                0x000000000800ab20       0x28 ./FATFS/Target/user_diskio.o
                0x000000000800ab20                USER_ioctl
 .text.disk_status
                0x000000000800ab48       0x34 ./Middlewares/Third_Party/FatFs/src/diskio.o
                0x000000000800ab48                disk_status
 .text.disk_initialize
                0x000000000800ab7c       0x4c ./Middlewares/Third_Party/FatFs/src/diskio.o
                0x000000000800ab7c                disk_initialize
 .text.disk_read
                0x000000000800abc8       0x40 ./Middlewares/Third_Party/FatFs/src/diskio.o
                0x000000000800abc8                disk_read
 .text.disk_write
                0x000000000800ac08       0x40 ./Middlewares/Third_Party/FatFs/src/diskio.o
                0x000000000800ac08                disk_write
 .text.disk_ioctl
                0x000000000800ac48       0x3c ./Middlewares/Third_Party/FatFs/src/diskio.o
                0x000000000800ac48                disk_ioctl
 .text.ld_word  0x000000000800ac84       0x30 ./Middlewares/Third_Party/FatFs/src/ff.o
 .text.ld_dword
                0x000000000800acb4       0x46 ./Middlewares/Third_Party/FatFs/src/ff.o
 .text.st_word  0x000000000800acfa       0x36 ./Middlewares/Third_Party/FatFs/src/ff.o
 .text.st_dword
                0x000000000800ad30       0x58 ./Middlewares/Third_Party/FatFs/src/ff.o
 .text.mem_cpy  0x000000000800ad88       0x42 ./Middlewares/Third_Party/FatFs/src/ff.o
 .text.mem_set  0x000000000800adca       0x36 ./Middlewares/Third_Party/FatFs/src/ff.o
 .text.mem_cmp  0x000000000800ae00       0x4e ./Middlewares/Third_Party/FatFs/src/ff.o
 .text.chk_chr  0x000000000800ae4e       0x36 ./Middlewares/Third_Party/FatFs/src/ff.o
 .text.chk_lock
                0x000000000800ae84       0xb8 ./Middlewares/Third_Party/FatFs/src/ff.o
 .text.enq_lock
                0x000000000800af3c       0x44 ./Middlewares/Third_Party/FatFs/src/ff.o
 .text.inc_lock
                0x000000000800af80      0x11c ./Middlewares/Third_Party/FatFs/src/ff.o
 .text.dec_lock
                0x000000000800b09c       0x78 ./Middlewares/Third_Party/FatFs/src/ff.o
 .text.clear_lock
                0x000000000800b114       0x48 ./Middlewares/Third_Party/FatFs/src/ff.o
 .text.sync_window
                0x000000000800b15c       0x88 ./Middlewares/Third_Party/FatFs/src/ff.o
 .text.move_window
                0x000000000800b1e4       0x5a ./Middlewares/Third_Party/FatFs/src/ff.o
 *fill*         0x000000000800b23e        0x2 
 .text.sync_fs  0x000000000800b240       0xe0 ./Middlewares/Third_Party/FatFs/src/ff.o
 .text.clust2sect
                0x000000000800b320       0x3e ./Middlewares/Third_Party/FatFs/src/ff.o
 .text.get_fat  0x000000000800b35e      0x1a8 ./Middlewares/Third_Party/FatFs/src/ff.o
 .text.put_fat  0x000000000800b506      0x238 ./Middlewares/Third_Party/FatFs/src/ff.o
 .text.remove_chain
                0x000000000800b73e       0xca ./Middlewares/Third_Party/FatFs/src/ff.o
 .text.create_chain
                0x000000000800b808      0x130 ./Middlewares/Third_Party/FatFs/src/ff.o
 .text.clmt_clust
                0x000000000800b938       0x70 ./Middlewares/Third_Party/FatFs/src/ff.o
 .text.dir_sdi  0x000000000800b9a8      0x112 ./Middlewares/Third_Party/FatFs/src/ff.o
 .text.dir_next
                0x000000000800baba      0x1ac ./Middlewares/Third_Party/FatFs/src/ff.o
 .text.dir_alloc
                0x000000000800bc66       0x8e ./Middlewares/Third_Party/FatFs/src/ff.o
 .text.ld_clust
                0x000000000800bcf4       0x3e ./Middlewares/Third_Party/FatFs/src/ff.o
 .text.st_clust
                0x000000000800bd32       0x40 ./Middlewares/Third_Party/FatFs/src/ff.o
 *fill*         0x000000000800bd72        0x2 
 .text.cmp_lfn  0x000000000800bd74       0xe0 ./Middlewares/Third_Party/FatFs/src/ff.o
 .text.put_lfn  0x000000000800be54       0xd0 ./Middlewares/Third_Party/FatFs/src/ff.o
 .text.gen_numname
                0x000000000800bf24      0x11c ./Middlewares/Third_Party/FatFs/src/ff.o
 .text.sum_sfn  0x000000000800c040       0x42 ./Middlewares/Third_Party/FatFs/src/ff.o
 .text.dir_find
                0x000000000800c082      0x180 ./Middlewares/Third_Party/FatFs/src/ff.o
 *fill*         0x000000000800c202        0x2 
 .text.dir_register
                0x000000000800c204      0x1f0 ./Middlewares/Third_Party/FatFs/src/ff.o
 .text.create_name
                0x000000000800c3f4      0x370 ./Middlewares/Third_Party/FatFs/src/ff.o
 .text.follow_path
                0x000000000800c764       0xec ./Middlewares/Third_Party/FatFs/src/ff.o
 .text.get_ldnumber
                0x000000000800c850       0x88 ./Middlewares/Third_Party/FatFs/src/ff.o
 .text.check_fs
                0x000000000800c8d8       0xac ./Middlewares/Third_Party/FatFs/src/ff.o
 .text.find_volume
                0x000000000800c984      0x50c ./Middlewares/Third_Party/FatFs/src/ff.o
 .text.validate
                0x000000000800ce90       0x6a ./Middlewares/Third_Party/FatFs/src/ff.o
 *fill*         0x000000000800cefa        0x2 
 .text.f_mount  0x000000000800cefc       0x8c ./Middlewares/Third_Party/FatFs/src/ff.o
                0x000000000800cefc                f_mount
 .text.f_open   0x000000000800cf88      0x398 ./Middlewares/Third_Party/FatFs/src/ff.o
                0x000000000800cf88                f_open
 .text.f_write  0x000000000800d320      0x328 ./Middlewares/Third_Party/FatFs/src/ff.o
                0x000000000800d320                f_write
 .text.f_sync   0x000000000800d648       0xfc ./Middlewares/Third_Party/FatFs/src/ff.o
                0x000000000800d648                f_sync
 .text.f_close  0x000000000800d744       0x54 ./Middlewares/Third_Party/FatFs/src/ff.o
                0x000000000800d744                f_close
 .text.putc_bfd
                0x000000000800d798       0x7a ./Middlewares/Third_Party/FatFs/src/ff.o
 .text.putc_flush
                0x000000000800d812       0x4a ./Middlewares/Third_Party/FatFs/src/ff.o
 .text.putc_init
                0x000000000800d85c       0x2a ./Middlewares/Third_Party/FatFs/src/ff.o
 .text.f_puts   0x000000000800d886       0x48 ./Middlewares/Third_Party/FatFs/src/ff.o
                0x000000000800d886                f_puts
 *fill*         0x000000000800d8ce        0x2 
 .text.FATFS_LinkDriverEx
                0x000000000800d8d0       0x98 ./Middlewares/Third_Party/FatFs/src/ff_gen_drv.o
                0x000000000800d8d0                FATFS_LinkDriverEx
 .text.FATFS_LinkDriver
                0x000000000800d968       0x1e ./Middlewares/Third_Party/FatFs/src/ff_gen_drv.o
                0x000000000800d968                FATFS_LinkDriver
 *fill*         0x000000000800d986        0x2 
 .text.ff_convert
                0x000000000800d988       0x78 ./Middlewares/Third_Party/FatFs/src/option/ccsbcs.o
                0x000000000800d988                ff_convert
 .text.ff_wtoupper
                0x000000000800da00      0x114 ./Middlewares/Third_Party/FatFs/src/option/ccsbcs.o
                0x000000000800da00                ff_wtoupper
 .text.trunc    0x000000000800db14       0x64 c:/st/stm32cubeide_1.9.0/stm32cubeide/plugins/com.st.stm32cube.ide.mcu.externaltools.gnu-tools-for-stm32.10.3-2021.10.win32_1.0.0.202111181127/tools/bin/../lib/gcc/arm-none-eabi/10.3.1/../../../../arm-none-eabi/lib/thumb/v7e-m+fp/hard\libm.a(lib_a-s_trunc.o)
                0x000000000800db14                trunc
 .text.pow      0x000000000800db78       0xe0 c:/st/stm32cubeide_1.9.0/stm32cubeide/plugins/com.st.stm32cube.ide.mcu.externaltools.gnu-tools-for-stm32.10.3-2021.10.win32_1.0.0.202111181127/tools/bin/../lib/gcc/arm-none-eabi/10.3.1/../../../../arm-none-eabi/lib/thumb/v7e-m+fp/hard\libm.a(lib_a-w_pow.o)
                0x000000000800db78                pow
 .text.asinf    0x000000000800dc58       0x58 c:/st/stm32cubeide_1.9.0/stm32cubeide/plugins/com.st.stm32cube.ide.mcu.externaltools.gnu-tools-for-stm32.10.3-2021.10.win32_1.0.0.202111181127/tools/bin/../lib/gcc/arm-none-eabi/10.3.1/../../../../arm-none-eabi/lib/thumb/v7e-m+fp/hard\libm.a(lib_a-wf_asin.o)
                0x000000000800dc58                asinf
 .text.atan2f   0x000000000800dcb0        0x4 c:/st/stm32cubeide_1.9.0/stm32cubeide/plugins/com.st.stm32cube.ide.mcu.externaltools.gnu-tools-for-stm32.10.3-2021.10.win32_1.0.0.202111181127/tools/bin/../lib/gcc/arm-none-eabi/10.3.1/../../../../arm-none-eabi/lib/thumb/v7e-m+fp/hard\libm.a(lib_a-wf_atan2.o)
                0x000000000800dcb0                atan2f
 .text.sqrtf    0x000000000800dcb4       0x3c c:/st/stm32cubeide_1.9.0/stm32cubeide/plugins/com.st.stm32cube.ide.mcu.externaltools.gnu-tools-for-stm32.10.3-2021.10.win32_1.0.0.202111181127/tools/bin/../lib/gcc/arm-none-eabi/10.3.1/../../../../arm-none-eabi/lib/thumb/v7e-m+fp/hard\libm.a(lib_a-wf_sqrt.o)
                0x000000000800dcb4                sqrtf
 .text.__ieee754_pow
                0x000000000800dcf0      0xa5c c:/st/stm32cubeide_1.9.0/stm32cubeide/plugins/com.st.stm32cube.ide.mcu.externaltools.gnu-tools-for-stm32.10.3-2021.10.win32_1.0.0.202111181127/tools/bin/../lib/gcc/arm-none-eabi/10.3.1/../../../../arm-none-eabi/lib/thumb/v7e-m+fp/hard\libm.a(lib_a-e_pow.o)
                0x000000000800dcf0                __ieee754_pow
 .text.__ieee754_sqrt
                0x000000000800e74c      0x164 c:/st/stm32cubeide_1.9.0/stm32cubeide/plugins/com.st.stm32cube.ide.mcu.externaltools.gnu-tools-for-stm32.10.3-2021.10.win32_1.0.0.202111181127/tools/bin/../lib/gcc/arm-none-eabi/10.3.1/../../../../arm-none-eabi/lib/thumb/v7e-m+fp/hard\libm.a(lib_a-e_sqrt.o)
                0x000000000800e74c                __ieee754_sqrt
 .text.__ieee754_asinf
                0x000000000800e8b0      0x1cc c:/st/stm32cubeide_1.9.0/stm32cubeide/plugins/com.st.stm32cube.ide.mcu.externaltools.gnu-tools-for-stm32.10.3-2021.10.win32_1.0.0.202111181127/tools/bin/../lib/gcc/arm-none-eabi/10.3.1/../../../../arm-none-eabi/lib/thumb/v7e-m+fp/hard\libm.a(lib_a-ef_asin.o)
                0x000000000800e8b0                __ieee754_asinf
 .text.__ieee754_atan2f
                0x000000000800ea7c      0x140 c:/st/stm32cubeide_1.9.0/stm32cubeide/plugins/com.st.stm32cube.ide.mcu.externaltools.gnu-tools-for-stm32.10.3-2021.10.win32_1.0.0.202111181127/tools/bin/../lib/gcc/arm-none-eabi/10.3.1/../../../../arm-none-eabi/lib/thumb/v7e-m+fp/hard\libm.a(lib_a-ef_atan2.o)
                0x000000000800ea7c                __ieee754_atan2f
 .text.__ieee754_sqrtf
                0x000000000800ebbc        0x6 c:/st/stm32cubeide_1.9.0/stm32cubeide/plugins/com.st.stm32cube.ide.mcu.externaltools.gnu-tools-for-stm32.10.3-2021.10.win32_1.0.0.202111181127/tools/bin/../lib/gcc/arm-none-eabi/10.3.1/../../../../arm-none-eabi/lib/thumb/v7e-m+fp/hard\libm.a(lib_a-ef_sqrt.o)
                0x000000000800ebbc                __ieee754_sqrtf
 .text.with_errno
                0x000000000800ebc2       0x14 c:/st/stm32cubeide_1.9.0/stm32cubeide/plugins/com.st.stm32cube.ide.mcu.externaltools.gnu-tools-for-stm32.10.3-2021.10.win32_1.0.0.202111181127/tools/bin/../lib/gcc/arm-none-eabi/10.3.1/../../../../arm-none-eabi/lib/thumb/v7e-m+fp/hard\libm.a(lib_a-math_err.o)
 .text.xflow    0x000000000800ebd6       0x28 c:/st/stm32cubeide_1.9.0/stm32cubeide/plugins/com.st.stm32cube.ide.mcu.externaltools.gnu-tools-for-stm32.10.3-2021.10.win32_1.0.0.202111181127/tools/bin/../lib/gcc/arm-none-eabi/10.3.1/../../../../arm-none-eabi/lib/thumb/v7e-m+fp/hard\libm.a(lib_a-math_err.o)
 .text.__math_uflow
                0x000000000800ebfe       0x12 c:/st/stm32cubeide_1.9.0/stm32cubeide/plugins/com.st.stm32cube.ide.mcu.externaltools.gnu-tools-for-stm32.10.3-2021.10.win32_1.0.0.202111181127/tools/bin/../lib/gcc/arm-none-eabi/10.3.1/../../../../arm-none-eabi/lib/thumb/v7e-m+fp/hard\libm.a(lib_a-math_err.o)
                0x000000000800ebfe                __math_uflow
 .text.__math_oflow
                0x000000000800ec10       0x12 c:/st/stm32cubeide_1.9.0/stm32cubeide/plugins/com.st.stm32cube.ide.mcu.externaltools.gnu-tools-for-stm32.10.3-2021.10.win32_1.0.0.202111181127/tools/bin/../lib/gcc/arm-none-eabi/10.3.1/../../../../arm-none-eabi/lib/thumb/v7e-m+fp/hard\libm.a(lib_a-math_err.o)
                0x000000000800ec10                __math_oflow
 .text.fabs     0x000000000800ec22       0x12 c:/st/stm32cubeide_1.9.0/stm32cubeide/plugins/com.st.stm32cube.ide.mcu.externaltools.gnu-tools-for-stm32.10.3-2021.10.win32_1.0.0.202111181127/tools/bin/../lib/gcc/arm-none-eabi/10.3.1/../../../../arm-none-eabi/lib/thumb/v7e-m+fp/hard\libm.a(lib_a-s_fabs.o)
                0x000000000800ec22                fabs
 .text.finite   0x000000000800ec34       0x16 c:/st/stm32cubeide_1.9.0/stm32cubeide/plugins/com.st.stm32cube.ide.mcu.externaltools.gnu-tools-for-stm32.10.3-2021.10.win32_1.0.0.202111181127/tools/bin/../lib/gcc/arm-none-eabi/10.3.1/../../../../arm-none-eabi/lib/thumb/v7e-m+fp/hard\libm.a(lib_a-s_finite.o)
                0x000000000800ec34                finite
 *fill*         0x000000000800ec4a        0x6 
 .text.scalbn   0x000000000800ec50      0x10c c:/st/stm32cubeide_1.9.0/stm32cubeide/plugins/com.st.stm32cube.ide.mcu.externaltools.gnu-tools-for-stm32.10.3-2021.10.win32_1.0.0.202111181127/tools/bin/../lib/gcc/arm-none-eabi/10.3.1/../../../../arm-none-eabi/lib/thumb/v7e-m+fp/hard\libm.a(lib_a-s_scalbn.o)
                0x000000000800ec50                scalbn
 .text.atanf    0x000000000800ed5c      0x1a8 c:/st/stm32cubeide_1.9.0/stm32cubeide/plugins/com.st.stm32cube.ide.mcu.externaltools.gnu-tools-for-stm32.10.3-2021.10.win32_1.0.0.202111181127/tools/bin/../lib/gcc/arm-none-eabi/10.3.1/../../../../arm-none-eabi/lib/thumb/v7e-m+fp/hard\libm.a(lib_a-sf_atan.o)
                0x000000000800ed5c                atanf
 .text.fabsf    0x000000000800ef04        0xe c:/st/stm32cubeide_1.9.0/stm32cubeide/plugins/com.st.stm32cube.ide.mcu.externaltools.gnu-tools-for-stm32.10.3-2021.10.win32_1.0.0.202111181127/tools/bin/../lib/gcc/arm-none-eabi/10.3.1/../../../../arm-none-eabi/lib/thumb/v7e-m+fp/hard\libm.a(lib_a-sf_fabs.o)
                0x000000000800ef04                fabsf
 *fill*         0x000000000800ef12        0x2 
 .text.nanf     0x000000000800ef14        0xc c:/st/stm32cubeide_1.9.0/stm32cubeide/plugins/com.st.stm32cube.ide.mcu.externaltools.gnu-tools-for-stm32.10.3-2021.10.win32_1.0.0.202111181127/tools/bin/../lib/gcc/arm-none-eabi/10.3.1/../../../../arm-none-eabi/lib/thumb/v7e-m+fp/hard\libm.a(lib_a-sf_nan.o)
                0x000000000800ef14                nanf
 .text.__errno  0x000000000800ef20        0xc c:/st/stm32cubeide_1.9.0/stm32cubeide/plugins/com.st.stm32cube.ide.mcu.externaltools.gnu-tools-for-stm32.10.3-2021.10.win32_1.0.0.202111181127/tools/bin/../lib/gcc/arm-none-eabi/10.3.1/../../../../arm-none-eabi/lib/thumb/v7e-m+fp/hard\libc_nano.a(lib_a-errno.o)
                0x000000000800ef20                __errno
 .text.__libc_init_array
                0x000000000800ef2c       0x48 c:/st/stm32cubeide_1.9.0/stm32cubeide/plugins/com.st.stm32cube.ide.mcu.externaltools.gnu-tools-for-stm32.10.3-2021.10.win32_1.0.0.202111181127/tools/bin/../lib/gcc/arm-none-eabi/10.3.1/../../../../arm-none-eabi/lib/thumb/v7e-m+fp/hard\libc_nano.a(lib_a-init.o)
                0x000000000800ef2c                __libc_init_array
 .text.memcpy   0x000000000800ef74       0x1c c:/st/stm32cubeide_1.9.0/stm32cubeide/plugins/com.st.stm32cube.ide.mcu.externaltools.gnu-tools-for-stm32.10.3-2021.10.win32_1.0.0.202111181127/tools/bin/../lib/gcc/arm-none-eabi/10.3.1/../../../../arm-none-eabi/lib/thumb/v7e-m+fp/hard\libc_nano.a(lib_a-memcpy-stub.o)
                0x000000000800ef74                memcpy
 .text.memmove  0x000000000800ef90       0x34 c:/st/stm32cubeide_1.9.0/stm32cubeide/plugins/com.st.stm32cube.ide.mcu.externaltools.gnu-tools-for-stm32.10.3-2021.10.win32_1.0.0.202111181127/tools/bin/../lib/gcc/arm-none-eabi/10.3.1/../../../../arm-none-eabi/lib/thumb/v7e-m+fp/hard\libc_nano.a(lib_a-memmove.o)
                0x000000000800ef90                memmove
 .text.memset   0x000000000800efc4       0x10 c:/st/stm32cubeide_1.9.0/stm32cubeide/plugins/com.st.stm32cube.ide.mcu.externaltools.gnu-tools-for-stm32.10.3-2021.10.win32_1.0.0.202111181127/tools/bin/../lib/gcc/arm-none-eabi/10.3.1/../../../../arm-none-eabi/lib/thumb/v7e-m+fp/hard\libc_nano.a(lib_a-memset.o)
                0x000000000800efc4                memset
 .text._free_r  0x000000000800efd4       0x98 c:/st/stm32cubeide_1.9.0/stm32cubeide/plugins/com.st.stm32cube.ide.mcu.externaltools.gnu-tools-for-stm32.10.3-2021.10.win32_1.0.0.202111181127/tools/bin/../lib/gcc/arm-none-eabi/10.3.1/../../../../arm-none-eabi/lib/thumb/v7e-m+fp/hard\libc_nano.a(lib_a-nano-freer.o)
                0x000000000800efd4                _free_r
 .text.sbrk_aligned
                0x000000000800f06c       0x40 c:/st/stm32cubeide_1.9.0/stm32cubeide/plugins/com.st.stm32cube.ide.mcu.externaltools.gnu-tools-for-stm32.10.3-2021.10.win32_1.0.0.202111181127/tools/bin/../lib/gcc/arm-none-eabi/10.3.1/../../../../arm-none-eabi/lib/thumb/v7e-m+fp/hard\libc_nano.a(lib_a-nano-mallocr.o)
 .text._malloc_r
                0x000000000800f0ac       0xe8 c:/st/stm32cubeide_1.9.0/stm32cubeide/plugins/com.st.stm32cube.ide.mcu.externaltools.gnu-tools-for-stm32.10.3-2021.10.win32_1.0.0.202111181127/tools/bin/../lib/gcc/arm-none-eabi/10.3.1/../../../../arm-none-eabi/lib/thumb/v7e-m+fp/hard\libc_nano.a(lib_a-nano-mallocr.o)
                0x000000000800f0ac                _malloc_r
 .text._puts_r  0x000000000800f194       0xdc c:/st/stm32cubeide_1.9.0/stm32cubeide/plugins/com.st.stm32cube.ide.mcu.externaltools.gnu-tools-for-stm32.10.3-2021.10.win32_1.0.0.202111181127/tools/bin/../lib/gcc/arm-none-eabi/10.3.1/../../../../arm-none-eabi/lib/thumb/v7e-m+fp/hard\libc_nano.a(lib_a-puts.o)
                0x000000000800f194                _puts_r
 .text.puts     0x000000000800f270       0x10 c:/st/stm32cubeide_1.9.0/stm32cubeide/plugins/com.st.stm32cube.ide.mcu.externaltools.gnu-tools-for-stm32.10.3-2021.10.win32_1.0.0.202111181127/tools/bin/../lib/gcc/arm-none-eabi/10.3.1/../../../../arm-none-eabi/lib/thumb/v7e-m+fp/hard\libc_nano.a(lib_a-puts.o)
                0x000000000800f270                puts
 .text._sbrk_r  0x000000000800f280       0x20 c:/st/stm32cubeide_1.9.0/stm32cubeide/plugins/com.st.stm32cube.ide.mcu.externaltools.gnu-tools-for-stm32.10.3-2021.10.win32_1.0.0.202111181127/tools/bin/../lib/gcc/arm-none-eabi/10.3.1/../../../../arm-none-eabi/lib/thumb/v7e-m+fp/hard\libc_nano.a(lib_a-sbrkr.o)
                0x000000000800f280                _sbrk_r
 .text.sprintf  0x000000000800f2a0       0x40 c:/st/stm32cubeide_1.9.0/stm32cubeide/plugins/com.st.stm32cube.ide.mcu.externaltools.gnu-tools-for-stm32.10.3-2021.10.win32_1.0.0.202111181127/tools/bin/../lib/gcc/arm-none-eabi/10.3.1/../../../../arm-none-eabi/lib/thumb/v7e-m+fp/hard\libc_nano.a(lib_a-sprintf.o)
                0x000000000800f2a0                siprintf
                0x000000000800f2a0                sprintf
 .text.__swbuf_r
                0x000000000800f2e0       0xa4 c:/st/stm32cubeide_1.9.0/stm32cubeide/plugins/com.st.stm32cube.ide.mcu.externaltools.gnu-tools-for-stm32.10.3-2021.10.win32_1.0.0.202111181127/tools/bin/../lib/gcc/arm-none-eabi/10.3.1/../../../../arm-none-eabi/lib/thumb/v7e-m+fp/hard\libc_nano.a(lib_a-wbuf.o)
                0x000000000800f2e0                __swbuf_r
 .text.__swsetup_r
                0x000000000800f384       0xdc c:/st/stm32cubeide_1.9.0/stm32cubeide/plugins/com.st.stm32cube.ide.mcu.externaltools.gnu-tools-for-stm32.10.3-2021.10.win32_1.0.0.202111181127/tools/bin/../lib/gcc/arm-none-eabi/10.3.1/../../../../arm-none-eabi/lib/thumb/v7e-m+fp/hard\libc_nano.a(lib_a-wsetup.o)
                0x000000000800f384                __swsetup_r
 .text.__sflush_r
                0x000000000800f460      0x10c c:/st/stm32cubeide_1.9.0/stm32cubeide/plugins/com.st.stm32cube.ide.mcu.externaltools.gnu-tools-for-stm32.10.3-2021.10.win32_1.0.0.202111181127/tools/bin/../lib/gcc/arm-none-eabi/10.3.1/../../../../arm-none-eabi/lib/thumb/v7e-m+fp/hard\libc_nano.a(lib_a-fflush.o)
                0x000000000800f460                __sflush_r
 .text._fflush_r
                0x000000000800f56c       0x78 c:/st/stm32cubeide_1.9.0/stm32cubeide/plugins/com.st.stm32cube.ide.mcu.externaltools.gnu-tools-for-stm32.10.3-2021.10.win32_1.0.0.202111181127/tools/bin/../lib/gcc/arm-none-eabi/10.3.1/../../../../arm-none-eabi/lib/thumb/v7e-m+fp/hard\libc_nano.a(lib_a-fflush.o)
                0x000000000800f56c                _fflush_r
 .text.std      0x000000000800f5e4       0x48 c:/st/stm32cubeide_1.9.0/stm32cubeide/plugins/com.st.stm32cube.ide.mcu.externaltools.gnu-tools-for-stm32.10.3-2021.10.win32_1.0.0.202111181127/tools/bin/../lib/gcc/arm-none-eabi/10.3.1/../../../../arm-none-eabi/lib/thumb/v7e-m+fp/hard\libc_nano.a(lib_a-findfp.o)
 .text._cleanup_r
                0x000000000800f62c        0xc c:/st/stm32cubeide_1.9.0/stm32cubeide/plugins/com.st.stm32cube.ide.mcu.externaltools.gnu-tools-for-stm32.10.3-2021.10.win32_1.0.0.202111181127/tools/bin/../lib/gcc/arm-none-eabi/10.3.1/../../../../arm-none-eabi/lib/thumb/v7e-m+fp/hard\libc_nano.a(lib_a-findfp.o)
                0x000000000800f62c                _cleanup_r
 .text.__sfmoreglue
                0x000000000800f638       0x2c c:/st/stm32cubeide_1.9.0/stm32cubeide/plugins/com.st.stm32cube.ide.mcu.externaltools.gnu-tools-for-stm32.10.3-2021.10.win32_1.0.0.202111181127/tools/bin/../lib/gcc/arm-none-eabi/10.3.1/../../../../arm-none-eabi/lib/thumb/v7e-m+fp/hard\libc_nano.a(lib_a-findfp.o)
                0x000000000800f638                __sfmoreglue
 .text.__sfp_lock_acquire
                0x000000000800f664        0xc c:/st/stm32cubeide_1.9.0/stm32cubeide/plugins/com.st.stm32cube.ide.mcu.externaltools.gnu-tools-for-stm32.10.3-2021.10.win32_1.0.0.202111181127/tools/bin/../lib/gcc/arm-none-eabi/10.3.1/../../../../arm-none-eabi/lib/thumb/v7e-m+fp/hard\libc_nano.a(lib_a-findfp.o)
                0x000000000800f664                __sfp_lock_acquire
 .text.__sfp_lock_release
                0x000000000800f670        0xc c:/st/stm32cubeide_1.9.0/stm32cubeide/plugins/com.st.stm32cube.ide.mcu.externaltools.gnu-tools-for-stm32.10.3-2021.10.win32_1.0.0.202111181127/tools/bin/../lib/gcc/arm-none-eabi/10.3.1/../../../../arm-none-eabi/lib/thumb/v7e-m+fp/hard\libc_nano.a(lib_a-findfp.o)
                0x000000000800f670                __sfp_lock_release
 .text.__sinit_lock_acquire
                0x000000000800f67c        0xc c:/st/stm32cubeide_1.9.0/stm32cubeide/plugins/com.st.stm32cube.ide.mcu.externaltools.gnu-tools-for-stm32.10.3-2021.10.win32_1.0.0.202111181127/tools/bin/../lib/gcc/arm-none-eabi/10.3.1/../../../../arm-none-eabi/lib/thumb/v7e-m+fp/hard\libc_nano.a(lib_a-findfp.o)
                0x000000000800f67c                __sinit_lock_acquire
 .text.__sinit_lock_release
                0x000000000800f688        0xc c:/st/stm32cubeide_1.9.0/stm32cubeide/plugins/com.st.stm32cube.ide.mcu.externaltools.gnu-tools-for-stm32.10.3-2021.10.win32_1.0.0.202111181127/tools/bin/../lib/gcc/arm-none-eabi/10.3.1/../../../../arm-none-eabi/lib/thumb/v7e-m+fp/hard\libc_nano.a(lib_a-findfp.o)
                0x000000000800f688                __sinit_lock_release
 .text.__sinit  0x000000000800f694       0x70 c:/st/stm32cubeide_1.9.0/stm32cubeide/plugins/com.st.stm32cube.ide.mcu.externaltools.gnu-tools-for-stm32.10.3-2021.10.win32_1.0.0.202111181127/tools/bin/../lib/gcc/arm-none-eabi/10.3.1/../../../../arm-none-eabi/lib/thumb/v7e-m+fp/hard\libc_nano.a(lib_a-findfp.o)
                0x000000000800f694                __sinit
 .text.__sfp    0x000000000800f704       0x8c c:/st/stm32cubeide_1.9.0/stm32cubeide/plugins/com.st.stm32cube.ide.mcu.externaltools.gnu-tools-for-stm32.10.3-2021.10.win32_1.0.0.202111181127/tools/bin/../lib/gcc/arm-none-eabi/10.3.1/../../../../arm-none-eabi/lib/thumb/v7e-m+fp/hard\libc_nano.a(lib_a-findfp.o)
                0x000000000800f704                __sfp
 .text._fwalk_reent
                0x000000000800f790       0x3e c:/st/stm32cubeide_1.9.0/stm32cubeide/plugins/com.st.stm32cube.ide.mcu.externaltools.gnu-tools-for-stm32.10.3-2021.10.win32_1.0.0.202111181127/tools/bin/../lib/gcc/arm-none-eabi/10.3.1/../../../../arm-none-eabi/lib/thumb/v7e-m+fp/hard\libc_nano.a(lib_a-fwalk.o)
                0x000000000800f790                _fwalk_reent
 .text.__retarget_lock_init_recursive
                0x000000000800f7ce        0x2 c:/st/stm32cubeide_1.9.0/stm32cubeide/plugins/com.st.stm32cube.ide.mcu.externaltools.gnu-tools-for-stm32.10.3-2021.10.win32_1.0.0.202111181127/tools/bin/../lib/gcc/arm-none-eabi/10.3.1/../../../../arm-none-eabi/lib/thumb/v7e-m+fp/hard\libc_nano.a(lib_a-lock.o)
                0x000000000800f7ce                __retarget_lock_init_recursive
 .text.__retarget_lock_acquire_recursive
                0x000000000800f7d0        0x2 c:/st/stm32cubeide_1.9.0/stm32cubeide/plugins/com.st.stm32cube.ide.mcu.externaltools.gnu-tools-for-stm32.10.3-2021.10.win32_1.0.0.202111181127/tools/bin/../lib/gcc/arm-none-eabi/10.3.1/../../../../arm-none-eabi/lib/thumb/v7e-m+fp/hard\libc_nano.a(lib_a-lock.o)
                0x000000000800f7d0                __retarget_lock_acquire_recursive
 .text.__retarget_lock_release_recursive
                0x000000000800f7d2        0x2 c:/st/stm32cubeide_1.9.0/stm32cubeide/plugins/com.st.stm32cube.ide.mcu.externaltools.gnu-tools-for-stm32.10.3-2021.10.win32_1.0.0.202111181127/tools/bin/../lib/gcc/arm-none-eabi/10.3.1/../../../../arm-none-eabi/lib/thumb/v7e-m+fp/hard\libc_nano.a(lib_a-lock.o)
                0x000000000800f7d2                __retarget_lock_release_recursive
 .text.__swhatbuf_r
                0x000000000800f7d4       0x4a c:/st/stm32cubeide_1.9.0/stm32cubeide/plugins/com.st.stm32cube.ide.mcu.externaltools.gnu-tools-for-stm32.10.3-2021.10.win32_1.0.0.202111181127/tools/bin/../lib/gcc/arm-none-eabi/10.3.1/../../../../arm-none-eabi/lib/thumb/v7e-m+fp/hard\libc_nano.a(lib_a-makebuf.o)
                0x000000000800f7d4                __swhatbuf_r
 *fill*         0x000000000800f81e        0x2 
 .text.__smakebuf_r
                0x000000000800f820       0x80 c:/st/stm32cubeide_1.9.0/stm32cubeide/plugins/com.st.stm32cube.ide.mcu.externaltools.gnu-tools-for-stm32.10.3-2021.10.win32_1.0.0.202111181127/tools/bin/../lib/gcc/arm-none-eabi/10.3.1/../../../../arm-none-eabi/lib/thumb/v7e-m+fp/hard\libc_nano.a(lib_a-makebuf.o)
                0x000000000800f820                __smakebuf_r
 .text.__malloc_lock
                0x000000000800f8a0        0xc c:/st/stm32cubeide_1.9.0/stm32cubeide/plugins/com.st.stm32cube.ide.mcu.externaltools.gnu-tools-for-stm32.10.3-2021.10.win32_1.0.0.202111181127/tools/bin/../lib/gcc/arm-none-eabi/10.3.1/../../../../arm-none-eabi/lib/thumb/v7e-m+fp/hard\libc_nano.a(lib_a-mlock.o)
                0x000000000800f8a0                __malloc_lock
 .text.__malloc_unlock
                0x000000000800f8ac        0xc c:/st/stm32cubeide_1.9.0/stm32cubeide/plugins/com.st.stm32cube.ide.mcu.externaltools.gnu-tools-for-stm32.10.3-2021.10.win32_1.0.0.202111181127/tools/bin/../lib/gcc/arm-none-eabi/10.3.1/../../../../arm-none-eabi/lib/thumb/v7e-m+fp/hard\libc_nano.a(lib_a-mlock.o)
                0x000000000800f8ac                __malloc_unlock
 .text.__ssputs_r
                0x000000000800f8b8       0xb6 c:/st/stm32cubeide_1.9.0/stm32cubeide/plugins/com.st.stm32cube.ide.mcu.externaltools.gnu-tools-for-stm32.10.3-2021.10.win32_1.0.0.202111181127/tools/bin/../lib/gcc/arm-none-eabi/10.3.1/../../../../arm-none-eabi/lib/thumb/v7e-m+fp/hard\libc_nano.a(lib_a-nano-svfprintf.o)
                0x000000000800f8b8                __ssputs_r
 *fill*         0x000000000800f96e        0x2 
 .text._svfprintf_r
                0x000000000800f970      0x200 c:/st/stm32cubeide_1.9.0/stm32cubeide/plugins/com.st.stm32cube.ide.mcu.externaltools.gnu-tools-for-stm32.10.3-2021.10.win32_1.0.0.202111181127/tools/bin/../lib/gcc/arm-none-eabi/10.3.1/../../../../arm-none-eabi/lib/thumb/v7e-m+fp/hard\libc_nano.a(lib_a-nano-svfprintf.o)
                0x000000000800f970                _svfiprintf_r
                0x000000000800f970                _svfprintf_r
 .text._printf_common
                0x000000000800fb70       0xda c:/st/stm32cubeide_1.9.0/stm32cubeide/plugins/com.st.stm32cube.ide.mcu.externaltools.gnu-tools-for-stm32.10.3-2021.10.win32_1.0.0.202111181127/tools/bin/../lib/gcc/arm-none-eabi/10.3.1/../../../../arm-none-eabi/lib/thumb/v7e-m+fp/hard\libc_nano.a(lib_a-nano-vfprintf_i.o)
                0x000000000800fb70                _printf_common
 *fill*         0x000000000800fc4a        0x2 
 .text._printf_i
                0x000000000800fc4c      0x24c c:/st/stm32cubeide_1.9.0/stm32cubeide/plugins/com.st.stm32cube.ide.mcu.externaltools.gnu-tools-for-stm32.10.3-2021.10.win32_1.0.0.202111181127/tools/bin/../lib/gcc/arm-none-eabi/10.3.1/../../../../arm-none-eabi/lib/thumb/v7e-m+fp/hard\libc_nano.a(lib_a-nano-vfprintf_i.o)
                0x000000000800fc4c                _printf_i
 .text.__sread  0x000000000800fe98       0x22 c:/st/stm32cubeide_1.9.0/stm32cubeide/plugins/com.st.stm32cube.ide.mcu.externaltools.gnu-tools-for-stm32.10.3-2021.10.win32_1.0.0.202111181127/tools/bin/../lib/gcc/arm-none-eabi/10.3.1/../../../../arm-none-eabi/lib/thumb/v7e-m+fp/hard\libc_nano.a(lib_a-stdio.o)
                0x000000000800fe98                __sread
 .text.__swrite
                0x000000000800feba       0x38 c:/st/stm32cubeide_1.9.0/stm32cubeide/plugins/com.st.stm32cube.ide.mcu.externaltools.gnu-tools-for-stm32.10.3-2021.10.win32_1.0.0.202111181127/tools/bin/../lib/gcc/arm-none-eabi/10.3.1/../../../../arm-none-eabi/lib/thumb/v7e-m+fp/hard\libc_nano.a(lib_a-stdio.o)
                0x000000000800feba                __swrite
 .text.__sseek  0x000000000800fef2       0x24 c:/st/stm32cubeide_1.9.0/stm32cubeide/plugins/com.st.stm32cube.ide.mcu.externaltools.gnu-tools-for-stm32.10.3-2021.10.win32_1.0.0.202111181127/tools/bin/../lib/gcc/arm-none-eabi/10.3.1/../../../../arm-none-eabi/lib/thumb/v7e-m+fp/hard\libc_nano.a(lib_a-stdio.o)
                0x000000000800fef2                __sseek
 .text.__sclose
                0x000000000800ff16        0x8 c:/st/stm32cubeide_1.9.0/stm32cubeide/plugins/com.st.stm32cube.ide.mcu.externaltools.gnu-tools-for-stm32.10.3-2021.10.win32_1.0.0.202111181127/tools/bin/../lib/gcc/arm-none-eabi/10.3.1/../../../../arm-none-eabi/lib/thumb/v7e-m+fp/hard\libc_nano.a(lib_a-stdio.o)
                0x000000000800ff16                __sclose
 *fill*         0x000000000800ff1e        0x2 
 .text._write_r
                0x000000000800ff20       0x24 c:/st/stm32cubeide_1.9.0/stm32cubeide/plugins/com.st.stm32cube.ide.mcu.externaltools.gnu-tools-for-stm32.10.3-2021.10.win32_1.0.0.202111181127/tools/bin/../lib/gcc/arm-none-eabi/10.3.1/../../../../arm-none-eabi/lib/thumb/v7e-m+fp/hard\libc_nano.a(lib_a-writer.o)
                0x000000000800ff20                _write_r
 .text._close_r
                0x000000000800ff44       0x20 c:/st/stm32cubeide_1.9.0/stm32cubeide/plugins/com.st.stm32cube.ide.mcu.externaltools.gnu-tools-for-stm32.10.3-2021.10.win32_1.0.0.202111181127/tools/bin/../lib/gcc/arm-none-eabi/10.3.1/../../../../arm-none-eabi/lib/thumb/v7e-m+fp/hard\libc_nano.a(lib_a-closer.o)
                0x000000000800ff44                _close_r
 .text._fstat_r
                0x000000000800ff64       0x24 c:/st/stm32cubeide_1.9.0/stm32cubeide/plugins/com.st.stm32cube.ide.mcu.externaltools.gnu-tools-for-stm32.10.3-2021.10.win32_1.0.0.202111181127/tools/bin/../lib/gcc/arm-none-eabi/10.3.1/../../../../arm-none-eabi/lib/thumb/v7e-m+fp/hard\libc_nano.a(lib_a-fstatr.o)
                0x000000000800ff64                _fstat_r
 .text._isatty_r
                0x000000000800ff88       0x20 c:/st/stm32cubeide_1.9.0/stm32cubeide/plugins/com.st.stm32cube.ide.mcu.externaltools.gnu-tools-for-stm32.10.3-2021.10.win32_1.0.0.202111181127/tools/bin/../lib/gcc/arm-none-eabi/10.3.1/../../../../arm-none-eabi/lib/thumb/v7e-m+fp/hard\libc_nano.a(lib_a-isattyr.o)
                0x000000000800ff88                _isatty_r
 .text._lseek_r
                0x000000000800ffa8       0x24 c:/st/stm32cubeide_1.9.0/stm32cubeide/plugins/com.st.stm32cube.ide.mcu.externaltools.gnu-tools-for-stm32.10.3-2021.10.win32_1.0.0.202111181127/tools/bin/../lib/gcc/arm-none-eabi/10.3.1/../../../../arm-none-eabi/lib/thumb/v7e-m+fp/hard\libc_nano.a(lib_a-lseekr.o)
                0x000000000800ffa8                _lseek_r
 .text._realloc_r
                0x000000000800ffcc       0x5e c:/st/stm32cubeide_1.9.0/stm32cubeide/plugins/com.st.stm32cube.ide.mcu.externaltools.gnu-tools-for-stm32.10.3-2021.10.win32_1.0.0.202111181127/tools/bin/../lib/gcc/arm-none-eabi/10.3.1/../../../../arm-none-eabi/lib/thumb/v7e-m+fp/hard\libc_nano.a(lib_a-nano-reallocr.o)
                0x000000000800ffcc                _realloc_r
 *fill*         0x000000000801002a        0x2 
 .text._read_r  0x000000000801002c       0x24 c:/st/stm32cubeide_1.9.0/stm32cubeide/plugins/com.st.stm32cube.ide.mcu.externaltools.gnu-tools-for-stm32.10.3-2021.10.win32_1.0.0.202111181127/tools/bin/../lib/gcc/arm-none-eabi/10.3.1/../../../../arm-none-eabi/lib/thumb/v7e-m+fp/hard\libc_nano.a(lib_a-readr.o)
                0x000000000801002c                _read_r
 .text._malloc_usable_size_r
                0x0000000008010050       0x10 c:/st/stm32cubeide_1.9.0/stm32cubeide/plugins/com.st.stm32cube.ide.mcu.externaltools.gnu-tools-for-stm32.10.3-2021.10.win32_1.0.0.202111181127/tools/bin/../lib/gcc/arm-none-eabi/10.3.1/../../../../arm-none-eabi/lib/thumb/v7e-m+fp/hard\libc_nano.a(lib_a-nano-msizer.o)
                0x0000000008010050                _malloc_usable_size_r
 *(.glue_7)
 .glue_7        0x0000000008010060        0x0 linker stubs
 *(.glue_7t)
 .glue_7t       0x0000000008010060        0x0 linker stubs
 *(.eh_frame)
 .eh_frame      0x0000000008010060        0x0 c:/st/stm32cubeide_1.9.0/stm32cubeide/plugins/com.st.stm32cube.ide.mcu.externaltools.gnu-tools-for-stm32.10.3-2021.10.win32_1.0.0.202111181127/tools/bin/../lib/gcc/arm-none-eabi/10.3.1/thumb/v7e-m+fp/hard/crtbegin.o
 *(.init)
 .init          0x0000000008010060        0x4 c:/st/stm32cubeide_1.9.0/stm32cubeide/plugins/com.st.stm32cube.ide.mcu.externaltools.gnu-tools-for-stm32.10.3-2021.10.win32_1.0.0.202111181127/tools/bin/../lib/gcc/arm-none-eabi/10.3.1/thumb/v7e-m+fp/hard/crti.o
                0x0000000008010060                _init
 .init          0x0000000008010064        0x8 c:/st/stm32cubeide_1.9.0/stm32cubeide/plugins/com.st.stm32cube.ide.mcu.externaltools.gnu-tools-for-stm32.10.3-2021.10.win32_1.0.0.202111181127/tools/bin/../lib/gcc/arm-none-eabi/10.3.1/thumb/v7e-m+fp/hard/crtn.o
 *(.fini)
 .fini          0x000000000801006c        0x4 c:/st/stm32cubeide_1.9.0/stm32cubeide/plugins/com.st.stm32cube.ide.mcu.externaltools.gnu-tools-for-stm32.10.3-2021.10.win32_1.0.0.202111181127/tools/bin/../lib/gcc/arm-none-eabi/10.3.1/thumb/v7e-m+fp/hard/crti.o
                0x000000000801006c                _fini
 .fini          0x0000000008010070        0x8 c:/st/stm32cubeide_1.9.0/stm32cubeide/plugins/com.st.stm32cube.ide.mcu.externaltools.gnu-tools-for-stm32.10.3-2021.10.win32_1.0.0.202111181127/tools/bin/../lib/gcc/arm-none-eabi/10.3.1/thumb/v7e-m+fp/hard/crtn.o
                0x0000000008010078                . = ALIGN (0x4)
                0x0000000008010078                _etext = .

.vfp11_veneer   0x0000000008010078        0x0
 .vfp11_veneer  0x0000000008010078        0x0 linker stubs

.v4_bx          0x0000000008010078        0x0
 .v4_bx         0x0000000008010078        0x0 linker stubs

.iplt           0x0000000008010078        0x0
 .iplt          0x0000000008010078        0x0 c:/st/stm32cubeide_1.9.0/stm32cubeide/plugins/com.st.stm32cube.ide.mcu.externaltools.gnu-tools-for-stm32.10.3-2021.10.win32_1.0.0.202111181127/tools/bin/../lib/gcc/arm-none-eabi/10.3.1/thumb/v7e-m+fp/hard/crtbegin.o

.rodata         0x0000000008010078      0xdc8
                0x0000000008010078                . = ALIGN (0x4)
 *(.rodata)
 .rodata        0x0000000008010078       0x46 ./Core/Src/main.o
 *fill*         0x00000000080100be        0x2 
 .rodata        0x00000000080100c0       0x72 ./Core/Src/mpu9255.o
 *fill*         0x0000000008010132        0x2 
 .rodata        0x0000000008010134       0x48 ./Middlewares/Third_Party/FatFs/src/ff.o
 *(.rodata*)
 .rodata.AHBPrescTable
                0x000000000801017c       0x10 ./Core/Src/system_stm32f4xx.o
                0x000000000801017c                AHBPrescTable
 .rodata.APBPrescTable
                0x000000000801018c        0x8 ./Core/Src/system_stm32f4xx.o
                0x000000000801018c                APBPrescTable
 .rodata.Font7x10
                0x0000000008010194      0x76c ./Drivers/SSD1306/ssd1306_fonts.o
 .rodata.ExCvt  0x0000000008010900       0x80 ./Middlewares/Third_Party/FatFs/src/ff.o
 .rodata.LfnOfs
                0x0000000008010980        0xd ./Middlewares/Third_Party/FatFs/src/ff.o
 *fill*         0x000000000801098d        0x3 
 .rodata.Tbl    0x0000000008010990      0x100 ./Middlewares/Third_Party/FatFs/src/option/ccsbcs.o
 .rodata.cvt1.1
                0x0000000008010a90      0x1f2 ./Middlewares/Third_Party/FatFs/src/option/ccsbcs.o
 *fill*         0x0000000008010c82        0x2 
 .rodata.cvt2.0
                0x0000000008010c84       0xbc ./Middlewares/Third_Party/FatFs/src/option/ccsbcs.o
 .rodata.asinf.str1.1
                0x0000000008010d40        0x0 c:/st/stm32cubeide_1.9.0/stm32cubeide/plugins/com.st.stm32cube.ide.mcu.externaltools.gnu-tools-for-stm32.10.3-2021.10.win32_1.0.0.202111181127/tools/bin/../lib/gcc/arm-none-eabi/10.3.1/../../../../arm-none-eabi/lib/thumb/v7e-m+fp/hard\libm.a(lib_a-wf_asin.o)
                                          0x1 (size before relaxing)
 .rodata.bp     0x0000000008010d40       0x10 c:/st/stm32cubeide_1.9.0/stm32cubeide/plugins/com.st.stm32cube.ide.mcu.externaltools.gnu-tools-for-stm32.10.3-2021.10.win32_1.0.0.202111181127/tools/bin/../lib/gcc/arm-none-eabi/10.3.1/../../../../arm-none-eabi/lib/thumb/v7e-m+fp/hard\libm.a(lib_a-e_pow.o)
 .rodata.dp_h   0x0000000008010d50       0x10 c:/st/stm32cubeide_1.9.0/stm32cubeide/plugins/com.st.stm32cube.ide.mcu.externaltools.gnu-tools-for-stm32.10.3-2021.10.win32_1.0.0.202111181127/tools/bin/../lib/gcc/arm-none-eabi/10.3.1/../../../../arm-none-eabi/lib/thumb/v7e-m+fp/hard\libm.a(lib_a-e_pow.o)
 .rodata.dp_l   0x0000000008010d60       0x10 c:/st/stm32cubeide_1.9.0/stm32cubeide/plugins/com.st.stm32cube.ide.mcu.externaltools.gnu-tools-for-stm32.10.3-2021.10.win32_1.0.0.202111181127/tools/bin/../lib/gcc/arm-none-eabi/10.3.1/../../../../arm-none-eabi/lib/thumb/v7e-m+fp/hard\libm.a(lib_a-e_pow.o)
 .rodata.CSWTCH.8
                0x0000000008010d70        0xc c:/st/stm32cubeide_1.9.0/stm32cubeide/plugins/com.st.stm32cube.ide.mcu.externaltools.gnu-tools-for-stm32.10.3-2021.10.win32_1.0.0.202111181127/tools/bin/../lib/gcc/arm-none-eabi/10.3.1/../../../../arm-none-eabi/lib/thumb/v7e-m+fp/hard\libm.a(lib_a-ef_atan2.o)
 .rodata.CSWTCH.9
                0x0000000008010d7c        0xc c:/st/stm32cubeide_1.9.0/stm32cubeide/plugins/com.st.stm32cube.ide.mcu.externaltools.gnu-tools-for-stm32.10.3-2021.10.win32_1.0.0.202111181127/tools/bin/../lib/gcc/arm-none-eabi/10.3.1/../../../../arm-none-eabi/lib/thumb/v7e-m+fp/hard\libm.a(lib_a-ef_atan2.o)
 .rodata.atanhi
                0x0000000008010d88       0x10 c:/st/stm32cubeide_1.9.0/stm32cubeide/plugins/com.st.stm32cube.ide.mcu.externaltools.gnu-tools-for-stm32.10.3-2021.10.win32_1.0.0.202111181127/tools/bin/../lib/gcc/arm-none-eabi/10.3.1/../../../../arm-none-eabi/lib/thumb/v7e-m+fp/hard\libm.a(lib_a-sf_atan.o)
 .rodata.atanlo
                0x0000000008010d98       0x10 c:/st/stm32cubeide_1.9.0/stm32cubeide/plugins/com.st.stm32cube.ide.mcu.externaltools.gnu-tools-for-stm32.10.3-2021.10.win32_1.0.0.202111181127/tools/bin/../lib/gcc/arm-none-eabi/10.3.1/../../../../arm-none-eabi/lib/thumb/v7e-m+fp/hard\libm.a(lib_a-sf_atan.o)
 .rodata._global_impure_ptr
                0x0000000008010da8        0x4 c:/st/stm32cubeide_1.9.0/stm32cubeide/plugins/com.st.stm32cube.ide.mcu.externaltools.gnu-tools-for-stm32.10.3-2021.10.win32_1.0.0.202111181127/tools/bin/../lib/gcc/arm-none-eabi/10.3.1/../../../../arm-none-eabi/lib/thumb/v7e-m+fp/hard\libc_nano.a(lib_a-impure.o)
                0x0000000008010da8                _global_impure_ptr
 .rodata.__sf_fake_stderr
                0x0000000008010dac       0x20 c:/st/stm32cubeide_1.9.0/stm32cubeide/plugins/com.st.stm32cube.ide.mcu.externaltools.gnu-tools-for-stm32.10.3-2021.10.win32_1.0.0.202111181127/tools/bin/../lib/gcc/arm-none-eabi/10.3.1/../../../../arm-none-eabi/lib/thumb/v7e-m+fp/hard\libc_nano.a(lib_a-findfp.o)
                0x0000000008010dac                __sf_fake_stderr
 .rodata.__sf_fake_stdin
                0x0000000008010dcc       0x20 c:/st/stm32cubeide_1.9.0/stm32cubeide/plugins/com.st.stm32cube.ide.mcu.externaltools.gnu-tools-for-stm32.10.3-2021.10.win32_1.0.0.202111181127/tools/bin/../lib/gcc/arm-none-eabi/10.3.1/../../../../arm-none-eabi/lib/thumb/v7e-m+fp/hard\libc_nano.a(lib_a-findfp.o)
                0x0000000008010dcc                __sf_fake_stdin
 .rodata.__sf_fake_stdout
                0x0000000008010dec       0x20 c:/st/stm32cubeide_1.9.0/stm32cubeide/plugins/com.st.stm32cube.ide.mcu.externaltools.gnu-tools-for-stm32.10.3-2021.10.win32_1.0.0.202111181127/tools/bin/../lib/gcc/arm-none-eabi/10.3.1/../../../../arm-none-eabi/lib/thumb/v7e-m+fp/hard\libc_nano.a(lib_a-findfp.o)
                0x0000000008010dec                __sf_fake_stdout
 .rodata._svfprintf_r.str1.1
                0x0000000008010e0c       0x11 c:/st/stm32cubeide_1.9.0/stm32cubeide/plugins/com.st.stm32cube.ide.mcu.externaltools.gnu-tools-for-stm32.10.3-2021.10.win32_1.0.0.202111181127/tools/bin/../lib/gcc/arm-none-eabi/10.3.1/../../../../arm-none-eabi/lib/thumb/v7e-m+fp/hard\libc_nano.a(lib_a-nano-svfprintf.o)
 .rodata._printf_i.str1.1
                0x0000000008010e1d       0x22 c:/st/stm32cubeide_1.9.0/stm32cubeide/plugins/com.st.stm32cube.ide.mcu.externaltools.gnu-tools-for-stm32.10.3-2021.10.win32_1.0.0.202111181127/tools/bin/../lib/gcc/arm-none-eabi/10.3.1/../../../../arm-none-eabi/lib/thumb/v7e-m+fp/hard\libc_nano.a(lib_a-nano-vfprintf_i.o)
                0x0000000008010e40                . = ALIGN (0x4)
 *fill*         0x0000000008010e3f        0x1 

.ARM.extab      0x0000000008010e40        0x0
                0x0000000008010e40                . = ALIGN (0x4)
 *(.ARM.extab* .gnu.linkonce.armextab.*)
                0x0000000008010e40                . = ALIGN (0x4)

.ARM            0x0000000008010e40        0x8
                0x0000000008010e40                . = ALIGN (0x4)
                0x0000000008010e40                __exidx_start = .
 *(.ARM.exidx*)
 .ARM.exidx     0x0000000008010e40        0x8 c:/st/stm32cubeide_1.9.0/stm32cubeide/plugins/com.st.stm32cube.ide.mcu.externaltools.gnu-tools-for-stm32.10.3-2021.10.win32_1.0.0.202111181127/tools/bin/../lib/gcc/arm-none-eabi/10.3.1/thumb/v7e-m+fp/hard\libgcc.a(_udivmoddi4.o)
                0x0000000008010e48                __exidx_end = .
                0x0000000008010e48                . = ALIGN (0x4)

.rel.dyn        0x0000000008010e48        0x0
 .rel.iplt      0x0000000008010e48        0x0 c:/st/stm32cubeide_1.9.0/stm32cubeide/plugins/com.st.stm32cube.ide.mcu.externaltools.gnu-tools-for-stm32.10.3-2021.10.win32_1.0.0.202111181127/tools/bin/../lib/gcc/arm-none-eabi/10.3.1/thumb/v7e-m+fp/hard/crtbegin.o

.preinit_array  0x0000000008010e48        0x0
                0x0000000008010e48                . = ALIGN (0x4)
                0x0000000008010e48                PROVIDE (__preinit_array_start = .)
 *(.preinit_array*)
                0x0000000008010e48                PROVIDE (__preinit_array_end = .)
                0x0000000008010e48                . = ALIGN (0x4)

.init_array     0x0000000008010e48        0x4
                0x0000000008010e48                . = ALIGN (0x4)
                0x0000000008010e48                PROVIDE (__init_array_start = .)
 *(SORT_BY_NAME(.init_array.*))
 *(.init_array*)
 .init_array    0x0000000008010e48        0x4 c:/st/stm32cubeide_1.9.0/stm32cubeide/plugins/com.st.stm32cube.ide.mcu.externaltools.gnu-tools-for-stm32.10.3-2021.10.win32_1.0.0.202111181127/tools/bin/../lib/gcc/arm-none-eabi/10.3.1/thumb/v7e-m+fp/hard/crtbegin.o
                0x0000000008010e4c                PROVIDE (__init_array_end = .)
                0x0000000008010e4c                . = ALIGN (0x4)

.fini_array     0x0000000008010e4c        0x4
                0x0000000008010e4c                . = ALIGN (0x4)
                [!provide]                        PROVIDE (__fini_array_start = .)
 *(SORT_BY_NAME(.fini_array.*))
 *(.fini_array*)
 .fini_array    0x0000000008010e4c        0x4 c:/st/stm32cubeide_1.9.0/stm32cubeide/plugins/com.st.stm32cube.ide.mcu.externaltools.gnu-tools-for-stm32.10.3-2021.10.win32_1.0.0.202111181127/tools/bin/../lib/gcc/arm-none-eabi/10.3.1/thumb/v7e-m+fp/hard/crtbegin.o
                [!provide]                        PROVIDE (__fini_array_end = .)
                0x0000000008010e50                . = ALIGN (0x4)
                0x0000000008010e50                _sidata = LOADADDR (.data)

.data           0x0000000020000000       0xb0 load address 0x0000000008010e50
                0x0000000020000000                . = ALIGN (0x4)
                0x0000000020000000                _sdata = .
 *(.data)
 *(.data*)
 .data.gs32Pressure0
                0x0000000020000000        0x4 ./Core/Src/Waveshare_10Dof-D.o
                0x0000000020000000                gs32Pressure0
 .data.Stat     0x0000000020000004        0x1 ./Core/Src/fatfs_sd.o
 *fill*         0x0000000020000005        0x3 
 .data.total_time
                0x0000000020000008        0x4 ./Core/Src/main.o
                0x0000000020000008                total_time
 .data.Gscale   0x000000002000000c        0x1 ./Core/Src/mpu9255.o
                0x000000002000000c                Gscale
 .data.Ascale   0x000000002000000d        0x1 ./Core/Src/mpu9255.o
                0x000000002000000d                Ascale
 .data.Mscale   0x000000002000000e        0x1 ./Core/Src/mpu9255.o
                0x000000002000000e                Mscale
 .data.Mmode    0x000000002000000f        0x1 ./Core/Src/mpu9255.o
                0x000000002000000f                Mmode
 .data.beta     0x0000000020000010        0x4 ./Core/Src/mpu9255.o
                0x0000000020000010                beta
 .data.q        0x0000000020000014       0x10 ./Core/Src/mpu9255.o
                0x0000000020000014                q
 .data.SystemCoreClock
                0x0000000020000024        0x4 ./Core/Src/system_stm32f4xx.o
                0x0000000020000024                SystemCoreClock
 .data.Font_7x10
                0x0000000020000028        0x8 ./Drivers/SSD1306/ssd1306_fonts.o
                0x0000000020000028                Font_7x10
 .data.uwTickPrio
                0x0000000020000030        0x4 ./Drivers/STM32F4xx_HAL_Driver/Src/stm32f4xx_hal.o
                0x0000000020000030                uwTickPrio
 .data.uwTickFreq
                0x0000000020000034        0x1 ./Drivers/STM32F4xx_HAL_Driver/Src/stm32f4xx_hal.o
                0x0000000020000034                uwTickFreq
 *fill*         0x0000000020000035        0x3 
 .data.USER_Driver
                0x0000000020000038       0x14 ./FATFS/Target/user_diskio.o
                0x0000000020000038                USER_Driver
 .data._impure_ptr
                0x000000002000004c        0x4 c:/st/stm32cubeide_1.9.0/stm32cubeide/plugins/com.st.stm32cube.ide.mcu.externaltools.gnu-tools-for-stm32.10.3-2021.10.win32_1.0.0.202111181127/tools/bin/../lib/gcc/arm-none-eabi/10.3.1/../../../../arm-none-eabi/lib/thumb/v7e-m+fp/hard\libc_nano.a(lib_a-impure.o)
                0x000000002000004c                _impure_ptr
 .data.impure_data
                0x0000000020000050       0x60 c:/st/stm32cubeide_1.9.0/stm32cubeide/plugins/com.st.stm32cube.ide.mcu.externaltools.gnu-tools-for-stm32.10.3-2021.10.win32_1.0.0.202111181127/tools/bin/../lib/gcc/arm-none-eabi/10.3.1/../../../../arm-none-eabi/lib/thumb/v7e-m+fp/hard\libc_nano.a(lib_a-impure.o)
 *(.RamFunc)
 *(.RamFunc*)
                0x00000000200000b0                . = ALIGN (0x4)
                0x00000000200000b0                _edata = .

.igot.plt       0x00000000200000b0        0x0 load address 0x0000000008010f00
 .igot.plt      0x00000000200000b0        0x0 c:/st/stm32cubeide_1.9.0/stm32cubeide/plugins/com.st.stm32cube.ide.mcu.externaltools.gnu-tools-for-stm32.10.3-2021.10.win32_1.0.0.202111181127/tools/bin/../lib/gcc/arm-none-eabi/10.3.1/thumb/v7e-m+fp/hard/crtbegin.o
                0x00000000200000b0                . = ALIGN (0x4)

.bss            0x00000000200000b0     0x28b4 load address 0x0000000008010f00
                0x00000000200000b0                _sbss = .
                0x00000000200000b0                __bss_start__ = _sbss
 *(.bss)