../Drivers/GY86/MS5611.c:18:6:MS5611_Reset	16	static
../Drivers/GY86/MS5611.c:29:6:MS5611_ReadProm	32	static
../Drivers/GY86/MS5611.c:81:6:MS5611_RequestTemperature	16	static
../Drivers/GY86/MS5611.c:87:6:MS5611_RequestPressure	16	static
../Drivers/GY86/MS5611.c:93:6:MS5611_ReadTemperature	32	static
../Drivers/GY86/MS5611.c:104:6:MS5611_ReadPressure	32	static
../Drivers/GY86/MS5611.c:115:6:MS5611_CalculateTemperature	0	static
../Drivers/GY86/MS5611.c:127:6:MS5611_CalculatePressure	24	static
../Drivers/GY86/MS5611.c:143:7:MS5611_getAltitude1	8	static
../Drivers/GY86/MS5611.c:148:7:MS5611_getAltitude2	16	static
