Archive member included to satisfy reference by file (symbol)

c:/st/stm32cubeide_1.9.0/stm32cubeide/plugins/com.st.stm32cube.ide.mcu.externaltools.gnu-tools-for-stm32.10.3-2021.10.win32_1.0.0.202111181127/tools/bin/../lib/gcc/arm-none-eabi/10.3.1/../../../../arm-none-eabi/lib/thumb/v7e-m+fp/hard\libstdc++_nano.a(del_ops.o)
                              ./Drivers/SSD1306/RJA_SSD1306.o (operator delete(void*, unsigned int))
c:/st/stm32cubeide_1.9.0/stm32cubeide/plugins/com.st.stm32cube.ide.mcu.externaltools.gnu-tools-for-stm32.10.3-2021.10.win32_1.0.0.202111181127/tools/bin/../lib/gcc/arm-none-eabi/10.3.1/../../../../arm-none-eabi/lib/thumb/v7e-m+fp/hard\libstdc++_nano.a(string-inst.o)
                              ./Drivers/SSD1306/RJA_SSD1306.o (std::__cxx11::basic_string<char, std::char_traits<char>, std::allocator<char> >::size() const)
c:/st/stm32cubeide_1.9.0/stm32cubeide/plugins/com.st.stm32cube.ide.mcu.externaltools.gnu-tools-for-stm32.10.3-2021.10.win32_1.0.0.202111181127/tools/bin/../lib/gcc/arm-none-eabi/10.3.1/../../../../arm-none-eabi/lib/thumb/v7e-m+fp/hard\libstdc++_nano.a(del_op.o)
                              c:/st/stm32cubeide_1.9.0/stm32cubeide/plugins/com.st.stm32cube.ide.mcu.externaltools.gnu-tools-for-stm32.10.3-2021.10.win32_1.0.0.202111181127/tools/bin/../lib/gcc/arm-none-eabi/10.3.1/../../../../arm-none-eabi/lib/thumb/v7e-m+fp/hard\libstdc++_nano.a(del_ops.o) (operator delete(void*))
c:/st/stm32cubeide_1.9.0/stm32cubeide/plugins/com.st.stm32cube.ide.mcu.externaltools.gnu-tools-for-stm32.10.3-2021.10.win32_1.0.0.202111181127/tools/bin/../lib/gcc/arm-none-eabi/10.3.1/../../../../arm-none-eabi/lib/thumb/v7e-m+fp/hard\libstdc++_nano.a(new_op.o)
                              c:/st/stm32cubeide_1.9.0/stm32cubeide/plugins/com.st.stm32cube.ide.mcu.externaltools.gnu-tools-for-stm32.10.3-2021.10.win32_1.0.0.202111181127/tools/bin/../lib/gcc/arm-none-eabi/10.3.1/../../../../arm-none-eabi/lib/thumb/v7e-m+fp/hard\libstdc++_nano.a(string-inst.o) (operator new(unsigned int))
c:/st/stm32cubeide_1.9.0/stm32cubeide/plugins/com.st.stm32cube.ide.mcu.externaltools.gnu-tools-for-stm32.10.3-2021.10.win32_1.0.0.202111181127/tools/bin/../lib/gcc/arm-none-eabi/10.3.1/../../../../arm-none-eabi/lib/thumb/v7e-m+fp/hard\libstdc++_nano.a(functexcept.o)
                              c:/st/stm32cubeide_1.9.0/stm32cubeide/plugins/com.st.stm32cube.ide.mcu.externaltools.gnu-tools-for-stm32.10.3-2021.10.win32_1.0.0.202111181127/tools/bin/../lib/gcc/arm-none-eabi/10.3.1/../../../../arm-none-eabi/lib/thumb/v7e-m+fp/hard\libstdc++_nano.a(string-inst.o) (std::__throw_bad_alloc())
c:/st/stm32cubeide_1.9.0/stm32cubeide/plugins/com.st.stm32cube.ide.mcu.externaltools.gnu-tools-for-stm32.10.3-2021.10.win32_1.0.0.202111181127/tools/bin/../lib/gcc/arm-none-eabi/10.3.1/../../../../arm-none-eabi/lib/thumb/v7e-m+fp/hard\libstdc++_nano.a(snprintf_lite.o)
                              c:/st/stm32cubeide_1.9.0/stm32cubeide/plugins/com.st.stm32cube.ide.mcu.externaltools.gnu-tools-for-stm32.10.3-2021.10.win32_1.0.0.202111181127/tools/bin/../lib/gcc/arm-none-eabi/10.3.1/../../../../arm-none-eabi/lib/thumb/v7e-m+fp/hard\libstdc++_nano.a(functexcept.o) (__gnu_cxx::__snprintf_lite(char*, unsigned int, char const*, std::__va_list))
c:/st/stm32cubeide_1.9.0/stm32cubeide/plugins/com.st.stm32cube.ide.mcu.externaltools.gnu-tools-for-stm32.10.3-2021.10.win32_1.0.0.202111181127/tools/bin/../lib/gcc/arm-none-eabi/10.3.1/../../../../arm-none-eabi/lib/thumb/v7e-m+fp/hard\libstdc++_nano.a(new_handler.o)
                              c:/st/stm32cubeide_1.9.0/stm32cubeide/plugins/com.st.stm32cube.ide.mcu.externaltools.gnu-tools-for-stm32.10.3-2021.10.win32_1.0.0.202111181127/tools/bin/../lib/gcc/arm-none-eabi/10.3.1/../../../../arm-none-eabi/lib/thumb/v7e-m+fp/hard\libstdc++_nano.a(new_op.o) (std::get_new_handler())
c:/st/stm32cubeide_1.9.0/stm32cubeide/plugins/com.st.stm32cube.ide.mcu.externaltools.gnu-tools-for-stm32.10.3-2021.10.win32_1.0.0.202111181127/tools/bin/../lib/gcc/arm-none-eabi/10.3.1/../../../../arm-none-eabi/lib/thumb/v7e-m+fp/hard\libm.a(lib_a-s_cos.o)
                              ./Drivers/SSD1306/ssd1306.o (cos)
c:/st/stm32cubeide_1.9.0/stm32cubeide/plugins/com.st.stm32cube.ide.mcu.externaltools.gnu-tools-for-stm32.10.3-2021.10.win32_1.0.0.202111181127/tools/bin/../lib/gcc/arm-none-eabi/10.3.1/../../../../arm-none-eabi/lib/thumb/v7e-m+fp/hard\libm.a(lib_a-s_sin.o)
                              ./Drivers/SSD1306/ssd1306.o (sin)
c:/st/stm32cubeide_1.9.0/stm32cubeide/plugins/com.st.stm32cube.ide.mcu.externaltools.gnu-tools-for-stm32.10.3-2021.10.win32_1.0.0.202111181127/tools/bin/../lib/gcc/arm-none-eabi/10.3.1/../../../../arm-none-eabi/lib/thumb/v7e-m+fp/hard\libm.a(lib_a-s_trunc.o)
                              ./Core/Src/main.o (trunc)
[...]
Memory Configuration

Name             Origin             Length             Attributes
RAM              0x0000000020000000 0x0000000000020000 xrw
FLASH            0x0000000008000000 0x0000000000080000 xr
*default*        0x0000000000000000 0xffffffffffffffff

Linker script and memory map

LOAD c:/st/stm32cubeide_1.9.0/stm32cubeide/plugins/com.st.stm32cube.ide.mcu.externaltools.gnu-tools-for-stm32.10.3-2021.10.win32_1.0.0.202111181127/tools/bin/../lib/gcc/arm-none-eabi/10.3.1/thumb/v7e-m+fp/hard/crti.o
LOAD c:/st/stm32cubeide_1.9.0/stm32cubeide/plugins/com.st.stm32cube.ide.mcu.externaltools.gnu-tools-for-stm32.10.3-2021.10.win32_1.0.0.202111181127/tools/bin/../lib/gcc/arm-none-eabi/10.3.1/thumb/v7e-m+fp/hard/crtbegin.o
LOAD c:/st/stm32cubeide_1.9.0/stm32cubeide/plugins/com.st.stm32cube.ide.mcu.externaltools.gnu-tools-for-stm32.10.3-2021.10.win32_1.0.0.202111181127/tools/bin/../lib/gcc/arm-none-eabi/10.3.1/../../../../arm-none-eabi/lib/thumb/v7e-m+fp/hard/crt0.o
LOAD ./Core/Src/fatfs_sd.o
LOAD ./Core/Src/main.o
LOAD ./Core/Src/stm32f4xx_hal_msp.o
LOAD ./Core/Src/stm32f4xx_it.o
LOAD ./Core/Src/syscalls.o
LOAD ./Core/Src/sysmem.o
LOAD ./Core/Src/system_stm32f4xx.o
LOAD ./Core/Startup/startup_stm32f446retx.o
LOAD ./Drivers/GY86/MPU6050.o
LOAD ./Drivers/GY86/MS5611.o
LOAD ./Drivers/SSD1306/RJA_SSD1306.o
LOAD ./Drivers/SSD1306/ssd1306.o
LOAD ./Drivers/SSD1306/ssd1306_fonts.o
LOAD ./Drivers/SSD1306/ssd1306_tests.o
LOAD ./Drivers/STM32F4xx_HAL_Driver/stm32f4xx_hal.o
LOAD ./Drivers/STM32F4xx_HAL_Driver/stm32f4xx_hal_adc.o
LOAD ./Drivers/STM32F4xx_HAL_Driver/stm32f4xx_hal_adc_ex.o
LOAD ./Drivers/STM32F4xx_HAL_Driver/stm32f4xx_hal_cortex.o
LOAD ./Drivers/STM32F4xx_HAL_Driver/stm32f4xx_hal_dma.o
LOAD ./Drivers/STM32F4xx_HAL_Driver/stm32f4xx_hal_dma_ex.o
LOAD ./Drivers/STM32F4xx_HAL_Driver/stm32f4xx_hal_exti.o
LOAD ./Drivers/STM32F4xx_HAL_Driver/stm32f4xx_hal_flash.o
LOAD ./Drivers/STM32F4xx_HAL_Driver/stm32f4xx_hal_flash_ex.o
LOAD ./Drivers/STM32F4xx_HAL_Driver/stm32f4xx_hal_flash_ramfunc.o
LOAD ./Drivers/STM32F4xx_HAL_Driver/stm32f4xx_hal_gpio.o
LOAD ./Drivers/STM32F4xx_HAL_Driver/stm32f4xx_hal_i2c.o
LOAD ./Drivers/STM32F4xx_HAL_Driver/stm32f4xx_hal_i2c_ex.o
LOAD ./Drivers/STM32F4xx_HAL_Driver/stm32f4xx_hal_pwr.o
LOAD ./Drivers/STM32F4xx_HAL_Driver/stm32f4xx_hal_pwr_ex.o
LOAD ./Drivers/STM32F4xx_HAL_Driver/stm32f4xx_hal_rcc.o
LOAD ./Drivers/STM32F4xx_HAL_Driver/stm32f4xx_hal_rcc_ex.o
LOAD ./Drivers/STM32F4xx_HAL_Driver/stm32f4xx_hal_spi.o
LOAD ./Drivers/STM32F4xx_HAL_Driver/stm32f4xx_hal_tim.o
LOAD ./Drivers/STM32F4xx_HAL_Driver/stm32f4xx_hal_tim_ex.o
LOAD ./Drivers/STM32F4xx_HAL_Driver/stm32f4xx_ll_adc.o
LOAD ./FATFS/App/fatfs.o
LOAD ./FATFS/Target/user_diskio.o
LOAD ./Middlewares/FatFs/ccsbcs.o
LOAD ./Middlewares/FatFs/diskio.o
LOAD ./Middlewares/FatFs/ff.o
LOAD ./Middlewares/FatFs/ff_gen_drv.o
LOAD ./Middlewares/FatFs/syscall.o
START GROUP
LOAD c:/st/stm32cubeide_1.9.0/stm32cubeide/plugins/com.st.stm32cube.ide.mcu.externaltools.gnu-tools-for-stm32.10.3-2021.10.win32_1.0.0.202111181127/tools/bin/../lib/gcc/arm-none-eabi/10.3.1/../../../../arm-none-eabi/lib/thumb/v7e-m+fp/hard\libstdc++_nano.a
LOAD c:/st/stm32cubeide_1.9.0/stm32cubeide/plugins/com.st.stm32cube.ide.mcu.externaltools.gnu-tools-for-stm32.10.3-2021.10.win32_1.0.0.202111181127/tools/bin/../lib/gcc/arm-none-eabi/10.3.1/../../../../arm-none-eabi/lib/thumb/v7e-m+fp/hard\libsupc++_nano.a
END GROUP
LOAD c:/st/stm32cubeide_1.9.0/stm32cubeide/plugins/com.st.stm32cube.ide.mcu.externaltools.gnu-tools-for-stm32.10.3-2021.10.win32_1.0.0.202111181127/tools/bin/../lib/gcc/arm-none-eabi/10.3.1/../../../../arm-none-eabi/lib/thumb/v7e-m+fp/hard\libstdc++_nano.a
LOAD c:/st/stm32cubeide_1.9.0/stm32cubeide/plugins/com.st.stm32cube.ide.mcu.externaltools.gnu-tools-for-stm32.10.3-2021.10.win32_1.0.0.202111181127/tools/bin/../lib/gcc/arm-none-eabi/10.3.1/../../../../arm-none-eabi/lib/thumb/v7e-m+fp/hard\libm.a
LOAD c:/st/stm32cubeide_1.9.0/stm32cubeide/plugins/com.st.stm32cube.ide.mcu.externaltools.gnu-tools-for-stm32.10.3-2021.10.win32_1.0.0.202111181127/tools/bin/../lib/gcc/arm-none-eabi/10.3.1/../../../../arm-none-eabi/lib/thumb/v7e-m+fp/hard\libc_nano.a
START GROUP
LOAD c:/st/stm32cubeide_1.9.0/stm32cubeide/plugins/com.st.stm32cube.ide.mcu.externaltools.gnu-tools-for-stm32.10.3-2021.10.win32_1.0.0.202111181127/tools/bin/../lib/gcc/arm-none-eabi/10.3.1/thumb/v7e-m+fp/hard\libgcc.a
LOAD c:/st/stm32cubeide_1.9.0/stm32cubeide/plugins/com.st.stm32cube.ide.mcu.externaltools.gnu-tools-for-stm32.10.3-2021.10.win32_1.0.0.202111181127/tools/bin/../lib/gcc/arm-none-eabi/10.3.1/../../../../arm-none-eabi/lib/thumb/v7e-m+fp/hard\libc_nano.a
END GROUP
START GROUP
LOAD c:/st/stm32cubeide_1.9.0/stm32cubeide/plugins/com.st.stm32cube.ide.mcu.externaltools.gnu-tools-for-stm32.10.3-2021.10.win32_1.0.0.202111181127/tools/bin/../lib/gcc/arm-none-eabi/10.3.1/thumb/v7e-m+fp/hard\libgcc.a
LOAD c:/st/stm32cubeide_1.9.0/stm32cubeide/plugins/com.st.stm32cube.ide.mcu.externaltools.gnu-tools-for-stm32.10.3-2021.10.win32_1.0.0.202111181127/tools/bin/../lib/gcc/arm-none-eabi/10.3.1/../../../../arm-none-eabi/lib/thumb/v7e-m+fp/hard\libc_nano.a
LOAD c:/st/stm32cubeide_1.9.0/stm32cubeide/plugins/com.st.stm32cube.ide.mcu.externaltools.gnu-tools-for-stm32.10.3-2021.10.win32_1.0.0.202111181127/tools/bin/../lib/gcc/arm-none-eabi/10.3.1/../../../../arm-none-eabi/lib/thumb/v7e-m+fp/hard\libnosys.a
END GROUP
START GROUP
LOAD c:/st/stm32cubeide_1.9.0/stm32cubeide/plugins/com.st.stm32cube.ide.mcu.externaltools.gnu-tools-for-stm32.10.3-2021.10.win32_1.0.0.202111181127/tools/bin/../lib/gcc/arm-none-eabi/10.3.1/thumb/v7e-m+fp/hard\libgcc.a
LOAD c:/st/stm32cubeide_1.9.0/stm32cubeide/plugins/com.st.stm32cube.ide.mcu.externaltools.gnu-tools-for-stm32.10.3-2021.10.win32_1.0.0.202111181127/tools/bin/../lib/gcc/arm-none-eabi/10.3.1/../../../../arm-none-eabi/lib/thumb/v7e-m+fp/hard\libc_nano.a
LOAD c:/st/stm32cubeide_1.9.0/stm32cubeide/plugins/com.st.stm32cube.ide.mcu.externaltools.gnu-tools-for-stm32.10.3-2021.10.win32_1.0.0.202111181127/tools/bin/../lib/gcc/arm-none-eabi/10.3.1/../../../../arm-none-eabi/lib/thumb/v7e-m+fp/hard\libnosys.a
END GROUP
LOAD c:/st/stm32cubeide_1.9.0/stm32cubeide/plugins/com.st.stm32cube.ide.mcu.externaltools.gnu-tools-for-stm32.10.3-2021.10.win32_1.0.0.202111181127/tools/bin/../lib/gcc/arm-none-eabi/10.3.1/thumb/v7e-m+fp/hard/crtend.o
LOAD c:/st/stm32cubeide_1.9.0/stm32cubeide/plugins/com.st.stm32cube.ide.mcu.externaltools.gnu-tools-for-stm32.10.3-2021.10.win32_1.0.0.202111181127/tools/bin/../lib/gcc/arm-none-eabi/10.3.1/thumb/v7e-m+fp/hard/crtn.o
                0x0000000020020000                _estack = (ORIGIN (RAM) + LENGTH (RAM))
                0x0000000000000200                _Min_Heap_Size = 0x200
                0x0000000000000400                _Min_Stack_Size = 0x400

.isr_vector     0x0000000008000000      0x1c4
                0x0000000008000000                . = ALIGN (0x4)
 *(.isr_vector)
 .isr_vector    0x0000000008000000      0x1c4 ./Core/Startup/startup_stm32f446retx.o
                0x0000000008000000                g_pfnVectors
                0x00000000080001c4                . = ALIGN (0x4)

.text           0x00000000080001d0     0x9698
                0x00000000080001d0                . = ALIGN (0x4)
 *(.text)
 .text          0x00000000080001d0       0x40 c:/st/stm32cubeide_1.9.0/stm32cubeide/plugins/com.st.stm32cube.ide.mcu.externaltools.gnu-tools-for-stm32.10.3-2021.10.win32_1.0.0.202111181127/tools/bin/../lib/gcc/arm-none-eabi/10.3.1/thumb/v7e-m+fp/hard/crtbegin.o
 .text          0x0000000008000210       0xa0 c:/st/stm32cubeide_1.9.0/stm32cubeide/plugins/com.st.stm32cube.ide.mcu.externaltools.gnu-tools-for-stm32.10.3-2021.10.win32_1.0.0.202111181127/tools/bin/../lib/gcc/arm-none-eabi/10.3.1/../../../../arm-none-eabi/lib/thumb/v7e-m+fp/hard\libc_nano.a(lib_a-memchr.o)
                0x0000000008000210                memchr
 .text          0x00000000080002b0      0x378 c:/st/stm32cubeide_1.9.0/stm32cubeide/plugins/com.st.stm32cube.ide.mcu.externaltools.gnu-tools-for-stm32.10.3-2021.10.win32_1.0.0.202111181127/tools/bin/../lib/gcc/arm-none-eabi/10.3.1/thumb/v7e-m+fp/hard\libgcc.a(_arm_addsubdf3.o)
                0x00000000080002b0                __aeabi_drsub
                0x00000000080002b8                __aeabi_dsub
                0x00000000080002b8                __subdf3
                0x00000000080002bc                __aeabi_dadd
                0x00000000080002bc                __adddf3
                0x0000000008000534                __floatunsidf
                0x0000000008000534                __aeabi_ui2d
                0x0000000008000554                __floatsidf
                0x0000000008000554                __aeabi_i2d
                0x0000000008000578                __aeabi_f2d
                0x0000000008000578                __extendsfdf2
                0x00000000080005bc                __floatundidf
                0x00000000080005bc                __aeabi_ul2d
                0x00000000080005cc                __floatdidf
                0x00000000080005cc                __aeabi_l2d
 .text          0x0000000008000628       0x50 c:/st/stm32cubeide_1.9.0/stm32cubeide/plugins/com.st.stm32cube.ide.mcu.externaltools.gnu-tools-for-stm32.10.3-2021.10.win32_1.0.0.202111181127/tools/bin/../lib/gcc/arm-none-eabi/10.3.1/thumb/v7e-m+fp/hard\libgcc.a(_arm_fixdfsi.o)
                0x0000000008000628                __aeabi_d2iz
                0x0000000008000628                __fixdfsi
 .text          0x0000000008000678       0x30 c:/st/stm32cubeide_1.9.0/stm32cubeide/plugins/com.st.stm32cube.ide.mcu.externaltools.gnu-tools-for-stm32.10.3-2021.10.win32_1.0.0.202111181127/tools/bin/../lib/gcc/arm-none-eabi/10.3.1/thumb/v7e-m+fp/hard\libgcc.a(_aeabi_uldivmod.o)
                0x0000000008000678                __aeabi_uldivmod
 .text          0x00000000080006a8      0x2d0 c:/st/stm32cubeide_1.9.0/stm32cubeide/plugins/com.st.stm32cube.ide.mcu.externaltools.gnu-tools-for-stm32.10.3-2021.10.win32_1.0.0.202111181127/tools/bin/../lib/gcc/arm-none-eabi/10.3.1/thumb/v7e-m+fp/hard\libgcc.a(_udivmoddi4.o)
                0x00000000080006a8                __udivmoddi4
 .text          0x0000000008000978        0x4 c:/st/stm32cubeide_1.9.0/stm32cubeide/plugins/com.st.stm32cube.ide.mcu.externaltools.gnu-tools-for-stm32.10.3-2021.10.win32_1.0.0.202111181127/tools/bin/../lib/gcc/arm-none-eabi/10.3.1/thumb/v7e-m+fp/hard\libgcc.a(_dvmd_tls.o)
                0x0000000008000978                __aeabi_idiv0
                0x0000000008000978                __aeabi_ldiv0
 *(.text*)
 .text.SELECT   0x000000000800097c       0x1c ./Core/Src/fatfs_sd.o
 .text.DESELECT
                0x0000000008000998       0x1c ./Core/Src/fatfs_sd.o
 .text.SPI_TxByte
                0x00000000080009b4       0x34 ./Core/Src/fatfs_sd.o
 .text.SPI_TxBuffer
                0x00000000080009e8       0x34 ./Core/Src/fatfs_sd.o
 .text.SPI_RxByte
                0x0000000008000a1c       0x38 ./Core/Src/fatfs_sd.o
 .text.SPI_RxBytePtr
                0x0000000008000a54       0x1c ./Core/Src/fatfs_sd.o
 .text.SD_ReadyWait
                0x0000000008000a70       0x34 ./Core/Src/fatfs_sd.o
 .text.SD_PowerOn
                0x0000000008000aa4       0x84 ./Core/Src/fatfs_sd.o
 .text.SD_PowerOff
                0x0000000008000b28       0x18 ./Core/Src/fatfs_sd.o
 .text.SD_CheckPower
                0x0000000008000b40       0x18 ./Core/Src/fatfs_sd.o
 .text.SD_RxDataBlock
                0x0000000008000b58       0x5c ./Core/Src/fatfs_sd.o
 .text.SD_TxDataBlock
                0x0000000008000bb4       0x86 ./Core/Src/fatfs_sd.o
 .text.SD_SendCmd
                0x0000000008000c3a       0xa8 ./Core/Src/fatfs_sd.o
 *fill*         0x0000000008000ce2        0x2 
 .text.SD_disk_initialize
                0x0000000008000ce4      0x1cc ./Core/Src/fatfs_sd.o
                0x0000000008000ce4                SD_disk_initialize
 .text.SD_disk_status
                0x0000000008000eb0       0x2c ./Core/Src/fatfs_sd.o
                0x0000000008000eb0                SD_disk_status
 .text.SD_disk_read
                0x0000000008000edc       0xd4 ./Core/Src/fatfs_sd.o
                0x0000000008000edc                SD_disk_read
 .text.SD_disk_write
                0x0000000008000fb0      0x108 ./Core/Src/fatfs_sd.o
                0x0000000008000fb0                SD_disk_write
 .text.SD_disk_ioctl
                0x00000000080010b8      0x258 ./Core/Src/fatfs_sd.o
                0x00000000080010b8                SD_disk_ioctl
 .text.main     0x0000000008001310      0xbd8 ./Core/Src/main.o
                0x0000000008001310                main
 .text.SystemClock_Config
                0x0000000008001ee8       0xdc ./Core/Src/main.o
                0x0000000008001ee8                SystemClock_Config
 .text.MX_ADC1_Init
                0x0000000008001fc4       0xa4 ./Core/Src/main.o
 .text.MX_I2C1_Init
                0x0000000008002068       0x5c ./Core/Src/main.o
 .text.MX_I2C2_Init
                0x00000000080020c4       0x5c ./Core/Src/main.o
 .text.MX_I2C3_Init
                0x0000000008002120       0x5c ./Core/Src/main.o
 .text.MX_SPI1_Init
                0x000000000800217c       0x6c ./Core/Src/main.o
 .text.MX_GPIO_Init
                0x00000000080021e8       0xd8 ./Core/Src/main.o
 .text.Error_Handler
                0x00000000080022c0        0xa ./Core/Src/main.o
                0x00000000080022c0                Error_Handler
 *fill*         0x00000000080022ca        0x2 
 .text.HAL_MspInit
                0x00000000080022cc       0x50 ./Core/Src/stm32f4xx_hal_msp.o
                0x00000000080022cc                HAL_MspInit
 .text.HAL_ADC_MspInit
                0x000000000800231c       0x88 ./Core/Src/stm32f4xx_hal_msp.o
                0x000000000800231c                HAL_ADC_MspInit
 .text.HAL_I2C_MspInit
                0x00000000080023a4      0x1e8 ./Core/Src/stm32f4xx_hal_msp.o
                0x00000000080023a4                HAL_I2C_MspInit
 .text.HAL_SPI_MspInit
                0x000000000800258c       0x90 ./Core/Src/stm32f4xx_hal_msp.o
                0x000000000800258c                HAL_SPI_MspInit
 .text.NMI_Handler
                0x000000000800261c        0x6 ./Core/Src/stm32f4xx_it.o
                0x000000000800261c                NMI_Handler
 .text.HardFault_Handler
                0x0000000008002622        0x6 ./Core/Src/stm32f4xx_it.o
                0x0000000008002622                HardFault_Handler
 .text.MemManage_Handler
                0x0000000008002628        0x6 ./Core/Src/stm32f4xx_it.o
                0x0000000008002628                MemManage_Handler
 .text.BusFault_Handler
                0x000000000800262e        0x6 ./Core/Src/stm32f4xx_it.o
                0x000000000800262e                BusFault_Handler
 .text.UsageFault_Handler
                0x0000000008002634        0x6 ./Core/Src/stm32f4xx_it.o
                0x0000000008002634                UsageFault_Handler
 .text.SVC_Handler
                0x000000000800263a        0xe ./Core/Src/stm32f4xx_it.o
                0x000000000800263a                SVC_Handler
 .text.DebugMon_Handler
                0x0000000008002648        0xe ./Core/Src/stm32f4xx_it.o
                0x0000000008002648                DebugMon_Handler
 .text.PendSV_Handler
                0x0000000008002656        0xe ./Core/Src/stm32f4xx_it.o
                0x0000000008002656                PendSV_Handler
 .text.SysTick_Handler
                0x0000000008002664       0x3c ./Core/Src/stm32f4xx_it.o
                0x0000000008002664                SysTick_Handler
 .text._sbrk    0x00000000080026a0       0x6c ./Core/Src/sysmem.o
                0x00000000080026a0                _sbrk
 .text.SystemInit
                0x000000000800270c       0x24 ./Core/Src/system_stm32f4xx.o
                0x000000000800270c                SystemInit
 .text.Reset_Handler
                0x0000000008002730       0x50 ./Core/Startup/startup_stm32f446retx.o
                0x0000000008002730                Reset_Handler
 .text.Default_Handler
                0x0000000008002780        0x2 ./Core/Startup/startup_stm32f446retx.o
                0x0000000008002780                RTC_Alarm_IRQHandler
                0x0000000008002780                EXTI2_IRQHandler
                0x0000000008002780                TIM8_CC_IRQHandler
                0x0000000008002780                FMPI2C1_EV_IRQHandler
                0x0000000008002780                SPI4_IRQHandler
                0x0000000008002780                TIM1_CC_IRQHandler
                0x0000000008002780                DMA2_Stream5_IRQHandler
                0x0000000008002780                DMA1_Stream5_IRQHandler
                0x0000000008002780                PVD_IRQHandler
                0x0000000008002780                SDIO_IRQHandler
                0x0000000008002780                TAMP_STAMP_IRQHandler
                0x0000000008002780                CAN2_RX1_IRQHandler
                0x0000000008002780                EXTI3_IRQHandler
                0x0000000008002780                TIM8_TRG_COM_TIM14_IRQHandler
                0x0000000008002780                TIM1_UP_TIM10_IRQHandler
                0x0000000008002780                TIM8_UP_TIM13_IRQHandler
                0x0000000008002780                I2C3_ER_IRQHandler
                0x0000000008002780                EXTI0_IRQHandler
                0x0000000008002780                I2C2_EV_IRQHandler
                0x0000000008002780                DMA1_Stream2_IRQHandler
                0x0000000008002780                CAN1_RX0_IRQHandler
                0x0000000008002780                FPU_IRQHandler
                0x0000000008002780                OTG_HS_WKUP_IRQHandler
                0x0000000008002780                CAN2_SCE_IRQHandler
                0x0000000008002780                DMA2_Stream2_IRQHandler
                0x0000000008002780                SPI1_IRQHandler
                0x0000000008002780                TIM6_DAC_IRQHandler
                0x0000000008002780                TIM1_BRK_TIM9_IRQHandler
                0x0000000008002780                DCMI_IRQHandler
                0x0000000008002780                CAN2_RX0_IRQHandler
                0x0000000008002780                DMA2_Stream3_IRQHandler
                0x0000000008002780                SAI2_IRQHandler
                0x0000000008002780                USART6_IRQHandler
                0x0000000008002780                USART3_IRQHandler
                0x0000000008002780                CAN1_RX1_IRQHandler
                0x0000000008002780                UART5_IRQHandler
                0x0000000008002780                DMA2_Stream0_IRQHandler
                0x0000000008002780                TIM4_IRQHandler
                0x0000000008002780                QUADSPI_IRQHandler
                0x0000000008002780                I2C1_EV_IRQHandler
                0x0000000008002780                DMA1_Stream6_IRQHandler
                0x0000000008002780                DMA1_Stream1_IRQHandler
                0x0000000008002780                UART4_IRQHandler
                0x0000000008002780                TIM3_IRQHandler
                0x0000000008002780                RCC_IRQHandler
                0x0000000008002780                TIM8_BRK_TIM12_IRQHandler
                0x0000000008002780                Default_Handler
                0x0000000008002780                CEC_IRQHandler
                0x0000000008002780                EXTI15_10_IRQHandler
                0x0000000008002780                ADC_IRQHandler
                0x0000000008002780                DMA1_Stream7_IRQHandler
                0x0000000008002780                TIM7_IRQHandler
                0x0000000008002780                CAN2_TX_IRQHandler
                0x0000000008002780                TIM5_IRQHandler
                0x0000000008002780                DMA2_Stream7_IRQHandler
                0x0000000008002780                I2C3_EV_IRQHandler
                0x0000000008002780                EXTI9_5_IRQHandler
                0x0000000008002780                RTC_WKUP_IRQHandler
                0x0000000008002780                SPDIF_RX_IRQHandler
                0x0000000008002780                SPI2_IRQHandler
                0x0000000008002780                OTG_HS_EP1_IN_IRQHandler
                0x0000000008002780                DMA1_Stream0_IRQHandler
                0x0000000008002780                CAN1_TX_IRQHandler
                0x0000000008002780                FMPI2C1_ER_IRQHandler
                0x0000000008002780                EXTI4_IRQHandler
                0x0000000008002780                OTG_HS_EP1_OUT_IRQHandler
                0x0000000008002780                WWDG_IRQHandler
                0x0000000008002780                TIM2_IRQHandler
                0x0000000008002780                OTG_FS_WKUP_IRQHandler
                0x0000000008002780                TIM1_TRG_COM_TIM11_IRQHandler
                0x0000000008002780                OTG_HS_IRQHandler
                0x0000000008002780                EXTI1_IRQHandler
                0x0000000008002780                USART2_IRQHandler
                0x0000000008002780                I2C2_ER_IRQHandler
                0x0000000008002780                DMA2_Stream1_IRQHandler
                0x0000000008002780                CAN1_SCE_IRQHandler
                0x0000000008002780                FLASH_IRQHandler
                0x0000000008002780                DMA2_Stream4_IRQHandler
                0x0000000008002780                USART1_IRQHandler
                0x0000000008002780                OTG_FS_IRQHandler
                0x0000000008002780                SPI3_IRQHandler
                0x0000000008002780                DMA1_Stream4_IRQHandler
                0x0000000008002780                I2C1_ER_IRQHandler
                0x0000000008002780                FMC_IRQHandler
                0x0000000008002780                DMA2_Stream6_IRQHandler
                0x0000000008002780                SAI1_IRQHandler
                0x0000000008002780                DMA1_Stream3_IRQHandler
 .text.ssd1306_Reset
                0x0000000008002782        0xe ./Drivers/SSD1306/ssd1306.o
                0x0000000008002782                ssd1306_Reset
 .text.ssd1306_WriteCommand
                0x0000000008002790       0x30 ./Drivers/SSD1306/ssd1306.o
                0x0000000008002790                ssd1306_WriteCommand
 .text.ssd1306_WriteData
                0x00000000080027c0       0x34 ./Drivers/SSD1306/ssd1306.o
                0x00000000080027c0                ssd1306_WriteData
 .text.ssd1306_Init
                0x00000000080027f4       0xd4 ./Drivers/SSD1306/ssd1306.o
                0x00000000080027f4                ssd1306_Init
 .text.ssd1306_Fill
                0x00000000080028c8       0x48 ./Drivers/SSD1306/ssd1306.o
                0x00000000080028c8                ssd1306_Fill
 .text.ssd1306_UpdateScreen
                0x0000000008002910       0x50 ./Drivers/SSD1306/ssd1306.o
                0x0000000008002910                ssd1306_UpdateScreen
 .text.ssd1306_DrawPixel
                0x0000000008002960       0xa8 ./Drivers/SSD1306/ssd1306.o
                0x0000000008002960                ssd1306_DrawPixel
 .text.ssd1306_WriteChar
                0x0000000008002a08      0x110 ./Drivers/SSD1306/ssd1306.o
                0x0000000008002a08                ssd1306_WriteChar
 .text.ssd1306_WriteString
                0x0000000008002b18       0x4c ./Drivers/SSD1306/ssd1306.o
                0x0000000008002b18                ssd1306_WriteString
 .text.ssd1306_SetCursor
                0x0000000008002b64       0x30 ./Drivers/SSD1306/ssd1306.o
                0x0000000008002b64                ssd1306_SetCursor
 .text.ssd1306_SetContrast
                0x0000000008002b94       0x26 ./Drivers/SSD1306/ssd1306.o
                0x0000000008002b94                ssd1306_SetContrast
 *fill*         0x0000000008002bba        0x2 
 .text.ssd1306_SetDisplayOn
                0x0000000008002bbc       0x3c ./Drivers/SSD1306/ssd1306.o
                0x0000000008002bbc                ssd1306_SetDisplayOn
 .text.HAL_Init
                0x0000000008002bf8       0x44 ./Drivers/STM32F4xx_HAL_Driver/stm32f4xx_hal.o
                0x0000000008002bf8                HAL_Init
 .text.HAL_InitTick
                0x0000000008002c3c       0x60 ./Drivers/STM32F4xx_HAL_Driver/stm32f4xx_hal.o
                0x0000000008002c3c                HAL_InitTick
 .text.HAL_IncTick
                0x0000000008002c9c       0x28 ./Drivers/STM32F4xx_HAL_Driver/stm32f4xx_hal.o
                0x0000000008002c9c                HAL_IncTick
 .text.HAL_GetTick
                0x0000000008002cc4       0x18 ./Drivers/STM32F4xx_HAL_Driver/stm32f4xx_hal.o
                0x0000000008002cc4                HAL_GetTick
 .text.HAL_Delay
                0x0000000008002cdc       0x48 ./Drivers/STM32F4xx_HAL_Driver/stm32f4xx_hal.o
                0x0000000008002cdc                HAL_Delay
 .text.HAL_ADC_Init
                0x0000000008002d24       0x86 ./Drivers/STM32F4xx_HAL_Driver/stm32f4xx_hal_adc.o
                0x0000000008002d24                HAL_ADC_Init
 *fill*         0x0000000008002daa        0x2 
 .text.HAL_ADC_ConfigChannel
                0x0000000008002dac      0x264 ./Drivers/STM32F4xx_HAL_Driver/stm32f4xx_hal_adc.o
                0x0000000008002dac                HAL_ADC_ConfigChannel
 .text.ADC_Init
                0x0000000008003010      0x1f8 ./Drivers/STM32F4xx_HAL_Driver/stm32f4xx_hal_adc.o
 .text.__NVIC_SetPriorityGrouping
                0x0000000008003208       0x48 ./Drivers/STM32F4xx_HAL_Driver/stm32f4xx_hal_cortex.o
 .text.__NVIC_GetPriorityGrouping
                0x0000000008003250       0x1c ./Drivers/STM32F4xx_HAL_Driver/stm32f4xx_hal_cortex.o
 .text.__NVIC_SetPriority
                0x000000000800326c       0x54 ./Drivers/STM32F4xx_HAL_Driver/stm32f4xx_hal_cortex.o
 .text.NVIC_EncodePriority
                0x00000000080032c0       0x66 ./Drivers/STM32F4xx_HAL_Driver/stm32f4xx_hal_cortex.o
 *fill*         0x0000000008003326        0x2 
 .text.SysTick_Config
                0x0000000008003328       0x44 ./Drivers/STM32F4xx_HAL_Driver/stm32f4xx_hal_cortex.o
 .text.HAL_NVIC_SetPriorityGrouping
                0x000000000800336c       0x16 ./Drivers/STM32F4xx_HAL_Driver/stm32f4xx_hal_cortex.o
                0x000000000800336c                HAL_NVIC_SetPriorityGrouping
 .text.HAL_NVIC_SetPriority
                0x0000000008003382       0x38 ./Drivers/STM32F4xx_HAL_Driver/stm32f4xx_hal_cortex.o
                0x0000000008003382                HAL_NVIC_SetPriority
 .text.HAL_SYSTICK_Config
                0x00000000080033ba       0x18 ./Drivers/STM32F4xx_HAL_Driver/stm32f4xx_hal_cortex.o
                0x00000000080033ba                HAL_SYSTICK_Config
 *fill*         0x00000000080033d2        0x2 
 .text.HAL_GPIO_Init
                0x00000000080033d4      0x328 ./Drivers/STM32F4xx_HAL_Driver/stm32f4xx_hal_gpio.o
                0x00000000080033d4                HAL_GPIO_Init
 .text.HAL_GPIO_WritePin
                0x00000000080036fc       0x32 ./Drivers/STM32F4xx_HAL_Driver/stm32f4xx_hal_gpio.o
                0x00000000080036fc                HAL_GPIO_WritePin
 *fill*         0x000000000800372e        0x2 
 .text.HAL_I2C_Init
                0x0000000008003730      0x288 ./Drivers/STM32F4xx_HAL_Driver/stm32f4xx_hal_i2c.o
                0x0000000008003730                HAL_I2C_Init
 .text.HAL_I2C_Mem_Write
                0x00000000080039b8      0x1f4 ./Drivers/STM32F4xx_HAL_Driver/stm32f4xx_hal_i2c.o
                0x00000000080039b8                HAL_I2C_Mem_Write
 .text.HAL_I2C_Mem_Read
                0x0000000008003bac      0x44c ./Drivers/STM32F4xx_HAL_Driver/stm32f4xx_hal_i2c.o
                0x0000000008003bac                HAL_I2C_Mem_Read
 .text.I2C_RequestMemoryWrite
                0x0000000008003ff8      0x12c ./Drivers/STM32F4xx_HAL_Driver/stm32f4xx_hal_i2c.o
 .text.I2C_RequestMemoryRead
                0x0000000008004124      0x1d0 ./Drivers/STM32F4xx_HAL_Driver/stm32f4xx_hal_i2c.o
 .text.I2C_WaitOnFlagUntilTimeout
                0x00000000080042f4       0xae ./Drivers/STM32F4xx_HAL_Driver/stm32f4xx_hal_i2c.o
 .text.I2C_WaitOnMasterAddressFlagUntilTimeout
                0x00000000080043a2       0xfe ./Drivers/STM32F4xx_HAL_Driver/stm32f4xx_hal_i2c.o
 .text.I2C_WaitOnTXEFlagUntilTimeout
                0x00000000080044a0       0x82 ./Drivers/STM32F4xx_HAL_Driver/stm32f4xx_hal_i2c.o
 .text.I2C_WaitOnBTFFlagUntilTimeout
                0x0000000008004522       0x82 ./Drivers/STM32F4xx_HAL_Driver/stm32f4xx_hal_i2c.o
 .text.I2C_WaitOnRXNEFlagUntilTimeout
                0x00000000080045a4       0xac ./Drivers/STM32F4xx_HAL_Driver/stm32f4xx_hal_i2c.o
 .text.I2C_IsAcknowledgeFailed
                0x0000000008004650       0x5e ./Drivers/STM32F4xx_HAL_Driver/stm32f4xx_hal_i2c.o
 *fill*         0x00000000080046ae        0x2 
 .text.HAL_RCC_ClockConfig
                0x00000000080046b0      0x1cc ./Drivers/STM32F4xx_HAL_Driver/stm32f4xx_hal_rcc.o
                0x00000000080046b0                HAL_RCC_ClockConfig
 .text.HAL_RCC_GetHCLKFreq
                0x000000000800487c       0x18 ./Drivers/STM32F4xx_HAL_Driver/stm32f4xx_hal_rcc.o
                0x000000000800487c                HAL_RCC_GetHCLKFreq
 .text.HAL_RCC_GetPCLK1Freq
                0x0000000008004894       0x28 ./Drivers/STM32F4xx_HAL_Driver/stm32f4xx_hal_rcc.o
                0x0000000008004894                HAL_RCC_GetPCLK1Freq
 .text.HAL_RCC_GetSysClockFreq
                0x00000000080048bc      0x354 ./Drivers/STM32F4xx_HAL_Driver/stm32f4xx_hal_rcc_ex.o
                0x00000000080048bc                HAL_RCC_GetSysClockFreq
 .text.HAL_RCC_OscConfig
                0x0000000008004c10      0x53c ./Drivers/STM32F4xx_HAL_Driver/stm32f4xx_hal_rcc_ex.o
                0x0000000008004c10                HAL_RCC_OscConfig
 .text.HAL_SPI_Init
                0x000000000800514c      0x112 ./Drivers/STM32F4xx_HAL_Driver/stm32f4xx_hal_spi.o
                0x000000000800514c                HAL_SPI_Init
 .text.HAL_SPI_Transmit
                0x000000000800525e      0x278 ./Drivers/STM32F4xx_HAL_Driver/stm32f4xx_hal_spi.o
                0x000000000800525e                HAL_SPI_Transmit
 .text.HAL_SPI_TransmitReceive
                0x00000000080054d6      0x344 ./Drivers/STM32F4xx_HAL_Driver/stm32f4xx_hal_spi.o
                0x00000000080054d6                HAL_SPI_TransmitReceive
 *fill*         0x000000000800581a        0x2 
 .text.SPI_WaitFlagStateUntilTimeout
                0x000000000800581c      0x110 ./Drivers/STM32F4xx_HAL_Driver/stm32f4xx_hal_spi.o
 .text.SPI_EndRxTxTransaction
                0x000000000800592c       0x84 ./Drivers/STM32F4xx_HAL_Driver/stm32f4xx_hal_spi.o
 .text.MX_FATFS_Init
                0x00000000080059b0       0x24 ./FATFS/App/fatfs.o
                0x00000000080059b0                MX_FATFS_Init
 .text.get_fattime
                0x00000000080059d4       0x10 ./FATFS/App/fatfs.o
                0x00000000080059d4                get_fattime
 .text.USER_initialize
                0x00000000080059e4       0x1e ./FATFS/Target/user_diskio.o
                0x00000000080059e4                USER_initialize
 .text.USER_status
                0x0000000008005a02       0x1e ./FATFS/Target/user_diskio.o
                0x0000000008005a02                USER_status
 .text.USER_read
                0x0000000008005a20       0x28 ./FATFS/Target/user_diskio.o
                0x0000000008005a20                USER_read
 .text.USER_write
                0x0000000008005a48       0x28 ./FATFS/Target/user_diskio.o
                0x0000000008005a48                USER_write
 .text.USER_ioctl
                0x0000000008005a70       0x28 ./FATFS/Target/user_diskio.o
                0x0000000008005a70                USER_ioctl
 .text.ff_convert
                0x0000000008005a98       0x78 ./Middlewares/FatFs/ccsbcs.o
                0x0000000008005a98                ff_convert
 .text.ff_wtoupper
                0x0000000008005b10      0x114 ./Middlewares/FatFs/ccsbcs.o
                0x0000000008005b10                ff_wtoupper
 .text.disk_status
                0x0000000008005c24       0x34 ./Middlewares/FatFs/diskio.o
                0x0000000008005c24                disk_status
 .text.disk_initialize
                0x0000000008005c58       0x4c ./Middlewares/FatFs/diskio.o
                0x0000000008005c58                disk_initialize
 .text.disk_read
                0x0000000008005ca4       0x40 ./Middlewares/FatFs/diskio.o
                0x0000000008005ca4                disk_read
 .text.disk_write
                0x0000000008005ce4       0x40 ./Middlewares/FatFs/diskio.o
                0x0000000008005ce4                disk_write
 .text.disk_ioctl
                0x0000000008005d24       0x3c ./Middlewares/FatFs/diskio.o
                0x0000000008005d24                disk_ioctl
 .text.ld_word  0x0000000008005d60       0x30 ./Middlewares/FatFs/ff.o
 .text.ld_dword
                0x0000000008005d90       0x46 ./Middlewares/FatFs/ff.o
 .text.st_word  0x0000000008005dd6       0x36 ./Middlewares/FatFs/ff.o
 .text.st_dword
                0x0000000008005e0c       0x58 ./Middlewares/FatFs/ff.o
 .text.mem_cpy  0x0000000008005e64       0x42 ./Middlewares/FatFs/ff.o
 .text.mem_set  0x0000000008005ea6       0x36 ./Middlewares/FatFs/ff.o
 .text.mem_cmp  0x0000000008005edc       0x4e ./Middlewares/FatFs/ff.o
 .text.chk_chr  0x0000000008005f2a       0x36 ./Middlewares/FatFs/ff.o
 .text.chk_lock
                0x0000000008005f60       0xb8 ./Middlewares/FatFs/ff.o
 .text.enq_lock
                0x0000000008006018       0x44 ./Middlewares/FatFs/ff.o
 .text.inc_lock
                0x000000000800605c      0x11c ./Middlewares/FatFs/ff.o
 .text.dec_lock
                0x0000000008006178       0x78 ./Middlewares/FatFs/ff.o
 .text.clear_lock
                0x00000000080061f0       0x48 ./Middlewares/FatFs/ff.o
 .text.sync_window
                0x0000000008006238       0x88 ./Middlewares/FatFs/ff.o
 .text.move_window
                0x00000000080062c0       0x5a ./Middlewares/FatFs/ff.o
 *fill*         0x000000000800631a        0x2 
 .text.sync_fs  0x000000000800631c       0xe0 ./Middlewares/FatFs/ff.o
 .text.clust2sect
                0x00000000080063fc       0x3e ./Middlewares/FatFs/ff.o
 .text.get_fat  0x000000000800643a      0x1a8 ./Middlewares/FatFs/ff.o
 .text.put_fat  0x00000000080065e2      0x238 ./Middlewares/FatFs/ff.o
 .text.remove_chain
                0x000000000800681a       0xca ./Middlewares/FatFs/ff.o
 .text.create_chain
                0x00000000080068e4      0x130 ./Middlewares/FatFs/ff.o
 .text.clmt_clust
                0x0000000008006a14       0x70 ./Middlewares/FatFs/ff.o
 .text.dir_sdi  0x0000000008006a84      0x112 ./Middlewares/FatFs/ff.o
 .text.dir_next
                0x0000000008006b96      0x1ac ./Middlewares/FatFs/ff.o
 .text.dir_alloc
                0x0000000008006d42       0x8e ./Middlewares/FatFs/ff.o
 .text.ld_clust
                0x0000000008006dd0       0x3e ./Middlewares/FatFs/ff.o
 .text.st_clust
                0x0000000008006e0e       0x40 ./Middlewares/FatFs/ff.o
 *fill*         0x0000000008006e4e        0x2 
 .text.cmp_lfn  0x0000000008006e50       0xe0 ./Middlewares/FatFs/ff.o
 .text.put_lfn  0x0000000008006f30       0xd0 ./Middlewares/FatFs/ff.o
 .text.gen_numname
                0x0000000008007000      0x11c ./Middlewares/FatFs/ff.o
 .text.sum_sfn  0x000000000800711c       0x42 ./Middlewares/FatFs/ff.o
 .text.dir_find
                0x000000000800715e      0x180 ./Middlewares/FatFs/ff.o
 *fill*         0x00000000080072de        0x2 
 .text.dir_register
                0x00000000080072e0      0x1f0 ./Middlewares/FatFs/ff.o
 .text.create_name
                0x00000000080074d0      0x370 ./Middlewares/FatFs/ff.o
 .text.follow_path
                0x0000000008007840       0xec ./Middlewares/FatFs/ff.o
 .text.get_ldnumber
                0x000000000800792c       0x88 ./Middlewares/FatFs/ff.o
 .text.check_fs
                0x00000000080079b4       0xac ./Middlewares/FatFs/ff.o
 .text.find_volume
                0x0000000008007a60      0x50c ./Middlewares/FatFs/ff.o
 .text.validate
                0x0000000008007f6c       0x6a ./Middlewares/FatFs/ff.o
 *fill*         0x0000000008007fd6        0x2 
 .text.f_mount  0x0000000008007fd8       0x8c ./Middlewares/FatFs/ff.o
                0x0000000008007fd8                f_mount
 .text.f_open   0x0000000008008064      0x398 ./Middlewares/FatFs/ff.o
                0x0000000008008064                f_open
 .text.f_write  0x00000000080083fc      0x328 ./Middlewares/FatFs/ff.o
                0x00000000080083fc                f_write
 .text.f_sync   0x0000000008008724       0xfc ./Middlewares/FatFs/ff.o
                0x0000000008008724                f_sync
 .text.f_close  0x0000000008008820       0x54 ./Middlewares/FatFs/ff.o
                0x0000000008008820                f_close
 .text.f_lseek  0x0000000008008874      0x448 ./Middlewares/FatFs/ff.o
                0x0000000008008874                f_lseek
 .text.putc_bfd
                0x0000000008008cbc       0x7a ./Middlewares/FatFs/ff.o
 .text.putc_flush
                0x0000000008008d36       0x4a ./Middlewares/FatFs/ff.o
 .text.putc_init
                0x0000000008008d80       0x2a ./Middlewares/FatFs/ff.o
 .text.f_puts   0x0000000008008daa       0x48 ./Middlewares/FatFs/ff.o
                0x0000000008008daa                f_puts
 *fill*         0x0000000008008df2        0x2 
 .text.FATFS_LinkDriverEx
                0x0000000008008df4       0x98 ./Middlewares/FatFs/ff_gen_drv.o
                0x0000000008008df4                FATFS_LinkDriverEx
 .text.FATFS_LinkDriver
                0x0000000008008e8c       0x1e ./Middlewares/FatFs/ff_gen_drv.o
                0x0000000008008e8c                FATFS_LinkDriver
 *fill*         0x0000000008008eaa        0x2 
 .text.trunc    0x0000000008008eac       0x64 c:/st/stm32cubeide_1.9.0/stm32cubeide/plugins/com.st.stm32cube.ide.mcu.externaltools.gnu-tools-for-stm32.10.3-2021.10.win32_1.0.0.202111181127/tools/bin/../lib/gcc/arm-none-eabi/10.3.1/../../../../arm-none-eabi/lib/thumb/v7e-m+fp/hard\libm.a(lib_a-s_trunc.o)
                0x0000000008008eac                trunc
 .text.__errno  0x0000000008008f10        0xc c:/st/stm32cubeide_1.9.0/stm32cubeide/plugins/com.st.stm32cube.ide.mcu.externaltools.gnu-tools-for-stm32.10.3-2021.10.win32_1.0.0.202111181127/tools/bin/../lib/gcc/arm-none-eabi/10.3.1/../../../../arm-none-eabi/lib/thumb/v7e-m+fp/hard\libc_nano.a(lib_a-errno.o)
                0x0000000008008f10                __errno
 .text.__libc_init_array
                0x0000000008008f1c       0x48 c:/st/stm32cubeide_1.9.0/stm32cubeide/plugins/com.st.stm32cube.ide.mcu.externaltools.gnu-tools-for-stm32.10.3-2021.10.win32_1.0.0.202111181127/tools/bin/../lib/gcc/arm-none-eabi/10.3.1/../../../../arm-none-eabi/lib/thumb/v7e-m+fp/hard\libc_nano.a(lib_a-init.o)
                0x0000000008008f1c                __libc_init_array
 .text.memcpy   0x0000000008008f64       0x1c c:/st/stm32cubeide_1.9.0/stm32cubeide/plugins/com.st.stm32cube.ide.mcu.externaltools.gnu-tools-for-stm32.10.3-2021.10.win32_1.0.0.202111181127/tools/bin/../lib/gcc/arm-none-eabi/10.3.1/../../../../arm-none-eabi/lib/thumb/v7e-m+fp/hard\libc_nano.a(lib_a-memcpy-stub.o)
                0x0000000008008f64                memcpy
 .text.memmove  0x0000000008008f80       0x34 c:/st/stm32cubeide_1.9.0/stm32cubeide/plugins/com.st.stm32cube.ide.mcu.externaltools.gnu-tools-for-stm32.10.3-2021.10.win32_1.0.0.202111181127/tools/bin/../lib/gcc/arm-none-eabi/10.3.1/../../../../arm-none-eabi/lib/thumb/v7e-m+fp/hard\libc_nano.a(lib_a-memmove.o)
                0x0000000008008f80                memmove
 .text.memset   0x0000000008008fb4       0x10 c:/st/stm32cubeide_1.9.0/stm32cubeide/plugins/com.st.stm32cube.ide.mcu.externaltools.gnu-tools-for-stm32.10.3-2021.10.win32_1.0.0.202111181127/tools/bin/../lib/gcc/arm-none-eabi/10.3.1/../../../../arm-none-eabi/lib/thumb/v7e-m+fp/hard\libc_nano.a(lib_a-memset.o)
                0x0000000008008fb4                memset
 .text._free_r  0x0000000008008fc4       0x98 c:/st/stm32cubeide_1.9.0/stm32cubeide/plugins/com.st.stm32cube.ide.mcu.externaltools.gnu-tools-for-stm32.10.3-2021.10.win32_1.0.0.202111181127/tools/bin/../lib/gcc/arm-none-eabi/10.3.1/../../../../arm-none-eabi/lib/thumb/v7e-m+fp/hard\libc_nano.a(lib_a-nano-freer.o)
                0x0000000008008fc4                _free_r
 .text.sbrk_aligned
                0x000000000800905c       0x40 c:/st/stm32cubeide_1.9.0/stm32cubeide/plugins/com.st.stm32cube.ide.mcu.externaltools.gnu-tools-for-stm32.10.3-2021.10.win32_1.0.0.202111181127/tools/bin/../lib/gcc/arm-none-eabi/10.3.1/../../../../arm-none-eabi/lib/thumb/v7e-m+fp/hard\libc_nano.a(lib_a-nano-mallocr.o)
 .text._malloc_r
                0x000000000800909c       0xe8 c:/st/stm32cubeide_1.9.0/stm32cubeide/plugins/com.st.stm32cube.ide.mcu.externaltools.gnu-tools-for-stm32.10.3-2021.10.win32_1.0.0.202111181127/tools/bin/../lib/gcc/arm-none-eabi/10.3.1/../../../../arm-none-eabi/lib/thumb/v7e-m+fp/hard\libc_nano.a(lib_a-nano-mallocr.o)
                0x000000000800909c                _malloc_r
 .text._sbrk_r  0x0000000008009184       0x20 c:/st/stm32cubeide_1.9.0/stm32cubeide/plugins/com.st.stm32cube.ide.mcu.externaltools.gnu-tools-for-stm32.10.3-2021.10.win32_1.0.0.202111181127/tools/bin/../lib/gcc/arm-none-eabi/10.3.1/../../../../arm-none-eabi/lib/thumb/v7e-m+fp/hard\libc_nano.a(lib_a-sbrkr.o)
                0x0000000008009184                _sbrk_r
 .text.sprintf  0x00000000080091a4       0x40 c:/st/stm32cubeide_1.9.0/stm32cubeide/plugins/com.st.stm32cube.ide.mcu.externaltools.gnu-tools-for-stm32.10.3-2021.10.win32_1.0.0.202111181127/tools/bin/../lib/gcc/arm-none-eabi/10.3.1/../../../../arm-none-eabi/lib/thumb/v7e-m+fp/hard\libc_nano.a(lib_a-sprintf.o)
                0x00000000080091a4                siprintf
                0x00000000080091a4                sprintf
 .text.__malloc_lock
                0x00000000080091e4        0xc c:/st/stm32cubeide_1.9.0/stm32cubeide/plugins/com.st.stm32cube.ide.mcu.externaltools.gnu-tools-for-stm32.10.3-2021.10.win32_1.0.0.202111181127/tools/bin/../lib/gcc/arm-none-eabi/10.3.1/../../../../arm-none-eabi/lib/thumb/v7e-m+fp/hard\libc_nano.a(lib_a-mlock.o)
                0x00000000080091e4                __malloc_lock
 .text.__malloc_unlock
                0x00000000080091f0        0xc c:/st/stm32cubeide_1.9.0/stm32cubeide/plugins/com.st.stm32cube.ide.mcu.externaltools.gnu-tools-for-stm32.10.3-2021.10.win32_1.0.0.202111181127/tools/bin/../lib/gcc/arm-none-eabi/10.3.1/../../../../arm-none-eabi/lib/thumb/v7e-m+fp/hard\libc_nano.a(lib_a-mlock.o)
                0x00000000080091f0                __malloc_unlock
 .text.__ssputs_r
                0x00000000080091fc       0xb6 c:/st/stm32cubeide_1.9.0/stm32cubeide/plugins/com.st.stm32cube.ide.mcu.externaltools.gnu-tools-for-stm32.10.3-2021.10.win32_1.0.0.202111181127/tools/bin/../lib/gcc/arm-none-eabi/10.3.1/../../../../arm-none-eabi/lib/thumb/v7e-m+fp/hard\libc_nano.a(lib_a-nano-svfprintf.o)
                0x00000000080091fc                __ssputs_r
 *fill*         0x00000000080092b2        0x2 
 .text._svfprintf_r
                0x00000000080092b4      0x200 c:/st/stm32cubeide_1.9.0/stm32cubeide/plugins/com.st.stm32cube.ide.mcu.externaltools.gnu-tools-for-stm32.10.3-2021.10.win32_1.0.0.202111181127/tools/bin/../lib/gcc/arm-none-eabi/10.3.1/../../../../arm-none-eabi/lib/thumb/v7e-m+fp/hard\libc_nano.a(lib_a-nano-svfprintf.o)
                0x00000000080092b4                _svfiprintf_r
                0x00000000080092b4                _svfprintf_r
 .text._printf_common
                0x00000000080094b4       0xda c:/st/stm32cubeide_1.9.0/stm32cubeide/plugins/com.st.stm32cube.ide.mcu.externaltools.gnu-tools-for-stm32.10.3-2021.10.win32_1.0.0.202111181127/tools/bin/../lib/gcc/arm-none-eabi/10.3.1/../../../../arm-none-eabi/lib/thumb/v7e-m+fp/hard\libc_nano.a(lib_a-nano-vfprintf_i.o)
                0x00000000080094b4                _printf_common
 *fill*         0x000000000800958e        0x2 
 .text._printf_i
                0x0000000008009590      0x24c c:/st/stm32cubeide_1.9.0/stm32cubeide/plugins/com.st.stm32cube.ide.mcu.externaltools.gnu-tools-for-stm32.10.3-2021.10.win32_1.0.0.202111181127/tools/bin/../lib/gcc/arm-none-eabi/10.3.1/../../../../arm-none-eabi/lib/thumb/v7e-m+fp/hard\libc_nano.a(lib_a-nano-vfprintf_i.o)
                0x0000000008009590                _printf_i
 .text.__retarget_lock_acquire_recursive
                0x00000000080097dc        0x2 c:/st/stm32cubeide_1.9.0/stm32cubeide/plugins/com.st.stm32cube.ide.mcu.externaltools.gnu-tools-for-stm32.10.3-2021.10.win32_1.0.0.202111181127/tools/bin/../lib/gcc/arm-none-eabi/10.3.1/../../../../arm-none-eabi/lib/thumb/v7e-m+fp/hard\libc_nano.a(lib_a-lock.o)
                0x00000000080097dc                __retarget_lock_acquire_recursive
 .text.__retarget_lock_release_recursive
                0x00000000080097de        0x2 c:/st/stm32cubeide_1.9.0/stm32cubeide/plugins/com.st.stm32cube.ide.mcu.externaltools.gnu-tools-for-stm32.10.3-2021.10.win32_1.0.0.202111181127/tools/bin/../lib/gcc/arm-none-eabi/10.3.1/../../../../arm-none-eabi/lib/thumb/v7e-m+fp/hard\libc_nano.a(lib_a-lock.o)
                0x00000000080097de                __retarget_lock_release_recursive
 .text._realloc_r
                0x00000000080097e0       0x5e c:/st/stm32cubeide_1.9.0/stm32cubeide/plugins/com.st.stm32cube.ide.mcu.externaltools.gnu-tools-for-stm32.10.3-2021.10.win32_1.0.0.202111181127/tools/bin/../lib/gcc/arm-none-eabi/10.3.1/../../../../arm-none-eabi/lib/thumb/v7e-m+fp/hard\libc_nano.a(lib_a-nano-reallocr.o)
                0x00000000080097e0                _realloc_r
 .text._malloc_usable_size_r
                0x000000000800983e       0x10 c:/st/stm32cubeide_1.9.0/stm32cubeide/plugins/com.st.stm32cube.ide.mcu.externaltools.gnu-tools-for-stm32.10.3-2021.10.win32_1.0.0.202111181127/tools/bin/../lib/gcc/arm-none-eabi/10.3.1/../../../../arm-none-eabi/lib/thumb/v7e-m+fp/hard\libc_nano.a(lib_a-nano-msizer.o)
                0x000000000800983e                _malloc_usable_size_r
 *(.glue_7)
 .glue_7        0x000000000800984e        0x0 linker stubs
 *(.glue_7t)
 .glue_7t       0x000000000800984e        0x0 linker stubs
 *(.eh_frame)
 *fill*         0x000000000800984e        0x2 
 .eh_frame      0x0000000008009850        0x0 c:/st/stm32cubeide_1.9.0/stm32cubeide/plugins/com.st.stm32cube.ide.mcu.externaltools.gnu-tools-for-stm32.10.3-2021.10.win32_1.0.0.202111181127/tools/bin/../lib/gcc/arm-none-eabi/10.3.1/thumb/v7e-m+fp/hard/crtbegin.o
 *(.init)
 .init          0x0000000008009850        0x4 c:/st/stm32cubeide_1.9.0/stm32cubeide/plugins/com.st.stm32cube.ide.mcu.externaltools.gnu-tools-for-stm32.10.3-2021.10.win32_1.0.0.202111181127/tools/bin/../lib/gcc/arm-none-eabi/10.3.1/thumb/v7e-m+fp/hard/crti.o
                0x0000000008009850                _init
 .init          0x0000000008009854        0x8 c:/st/stm32cubeide_1.9.0/stm32cubeide/plugins/com.st.stm32cube.ide.mcu.externaltools.gnu-tools-for-stm32.10.3-2021.10.win32_1.0.0.202111181127/tools/bin/../lib/gcc/arm-none-eabi/10.3.1/thumb/v7e-m+fp/hard/crtn.o
 *(.fini)
 .fini          0x000000000800985c        0x4 c:/st/stm32cubeide_1.9.0/stm32cubeide/plugins/com.st.stm32cube.ide.mcu.externaltools.gnu-tools-for-stm32.10.3-2021.10.win32_1.0.0.202111181127/tools/bin/../lib/gcc/arm-none-eabi/10.3.1/thumb/v7e-m+fp/hard/crti.o
                0x000000000800985c                _fini
 .fini          0x0000000008009860        0x8 c:/st/stm32cubeide_1.9.0/stm32cubeide/plugins/com.st.stm32cube.ide.mcu.externaltools.gnu-tools-for-stm32.10.3-2021.10.win32_1.0.0.202111181127/tools/bin/../lib/gcc/arm-none-eabi/10.3.1/thumb/v7e-m+fp/hard/crtn.o
                0x0000000008009868                . = ALIGN (0x4)
                0x0000000008009868                _etext = .

.vfp11_veneer   0x0000000008009868        0x0
 .vfp11_veneer  0x0000000008009868        0x0 linker stubs

.v4_bx          0x0000000008009868        0x0
 .v4_bx         0x0000000008009868        0x0 linker stubs

.iplt           0x0000000008009868        0x0
 .iplt          0x0000000008009868        0x0 c:/st/stm32cubeide_1.9.0/stm32cubeide/plugins/com.st.stm32cube.ide.mcu.externaltools.gnu-tools-for-stm32.10.3-2021.10.win32_1.0.0.202111181127/tools/bin/../lib/gcc/arm-none-eabi/10.3.1/thumb/v7e-m+fp/hard/crtbegin.o

.rodata         0x0000000008009868      0xc64
                0x0000000008009868                . = ALIGN (0x4)
 *(.rodata)
 .rodata        0x0000000008009868       0x26 ./Core/Src/main.o
 *fill*         0x000000000800988e        0x2 
 .rodata        0x0000000008009890       0x48 ./Middlewares/FatFs/ff.o
 *(.rodata*)
 .rodata.AHBPrescTable
                0x00000000080098d8       0x10 ./Core/Src/system_stm32f4xx.o
                0x00000000080098d8                AHBPrescTable
 .rodata.APBPrescTable
                0x00000000080098e8        0x8 ./Core/Src/system_stm32f4xx.o
                0x00000000080098e8                APBPrescTable
 .rodata.Font7x10
                0x00000000080098f0      0x76c ./Drivers/SSD1306/ssd1306_fonts.o
 .rodata.Tbl    0x000000000800a05c      0x100 ./Middlewares/FatFs/ccsbcs.o
 .rodata.cvt1.1
                0x000000000800a15c      0x1f2 ./Middlewares/FatFs/ccsbcs.o
 *fill*         0x000000000800a34e        0x2 
 .rodata.cvt2.0
                0x000000000800a350       0xbc ./Middlewares/FatFs/ccsbcs.o
 .rodata.ExCvt  0x000000000800a40c       0x80 ./Middlewares/FatFs/ff.o
 .rodata.LfnOfs
                0x000000000800a48c        0xd ./Middlewares/FatFs/ff.o
 .rodata._svfprintf_r.str1.1
                0x000000000800a499       0x11 c:/st/stm32cubeide_1.9.0/stm32cubeide/plugins/com.st.stm32cube.ide.mcu.externaltools.gnu-tools-for-stm32.10.3-2021.10.win32_1.0.0.202111181127/tools/bin/../lib/gcc/arm-none-eabi/10.3.1/../../../../arm-none-eabi/lib/thumb/v7e-m+fp/hard\libc_nano.a(lib_a-nano-svfprintf.o)
 .rodata._printf_i.str1.1
                0x000000000800a4aa       0x22 c:/st/stm32cubeide_1.9.0/stm32cubeide/plugins/com.st.stm32cube.ide.mcu.externaltools.gnu-tools-for-stm32.10.3-2021.10.win32_1.0.0.202111181127/tools/bin/../lib/gcc/arm-none-eabi/10.3.1/../../../../arm-none-eabi/lib/thumb/v7e-m+fp/hard\libc_nano.a(lib_a-nano-vfprintf_i.o)
                0x000000000800a4cc                . = ALIGN (0x4)

.ARM.extab      0x000000000800a4cc        0x0
                0x000000000800a4cc                . = ALIGN (0x4)
 *(.ARM.extab* .gnu.linkonce.armextab.*)
                0x000000000800a4cc                . = ALIGN (0x4)

.ARM            0x000000000800a4cc        0x8
                0x000000000800a4cc                . = ALIGN (0x4)
                0x000000000800a4cc                __exidx_start = .
 *(.ARM.exidx*)
 .ARM.exidx     0x000000000800a4cc        0x8 c:/st/stm32cubeide_1.9.0/stm32cubeide/plugins/com.st.stm32cube.ide.mcu.externaltools.gnu-tools-for-stm32.10.3-2021.10.win32_1.0.0.202111181127/tools/bin/../lib/gcc/arm-none-eabi/10.3.1/thumb/v7e-m+fp/hard\libgcc.a(_udivmoddi4.o)
                0x000000000800a4d4                __exidx_end = .
                0x000000000800a4d4                . = ALIGN (0x4)

.rel.dyn        0x000000000800a4d4        0x0
 .rel.iplt      0x000000000800a4d4        0x0 c:/st/stm32cubeide_1.9.0/stm32cubeide/plugins/com.st.stm32cube.ide.mcu.externaltools.gnu-tools-for-stm32.10.3-2021.10.win32_1.0.0.202111181127/tools/bin/../lib/gcc/arm-none-eabi/10.3.1/thumb/v7e-m+fp/hard/crtbegin.o

.preinit_array  0x000000000800a4d4        0x0
                0x000000000800a4d4                . = ALIGN (0x4)
                0x000000000800a4d4                PROVIDE (__preinit_array_start = .)
 *(.preinit_array*)
                0x000000000800a4d4                PROVIDE (__preinit_array_end = .)
                0x000000000800a4d4                . = ALIGN (0x4)

.init_array     0x000000000800a4d4        0x4
                0x000000000800a4d4                . = ALIGN (0x4)
                0x000000000800a4d4                PROVIDE (__init_array_start = .)
 *(SORT_BY_NAME(.init_array.*))
 *(.init_array*)
 .init_array    0x000000000800a4d4        0x4 c:/st/stm32cubeide_1.9.0/stm32cubeide/plugins/com.st.stm32cube.ide.mcu.externaltools.gnu-tools-for-stm32.10.3-2021.10.win32_1.0.0.202111181127/tools/bin/../lib/gcc/arm-none-eabi/10.3.1/thumb/v7e-m+fp/hard/crtbegin.o
                0x000000000800a4d8                PROVIDE (__init_array_end = .)
                0x000000000800a4d8                . = ALIGN (0x4)

.fini_array     0x000000000800a4d8        0x4
                0x000000000800a4d8                . = ALIGN (0x4)
                [!provide]                        PROVIDE (__fini_array_start = .)
 *(SORT_BY_NAME(.fini_array.*))
 *(.fini_array*)
 .fini_array    0x000000000800a4d8        0x4 c:/st/stm32cubeide_1.9.0/stm32cubeide/plugins/com.st.stm32cube.ide.mcu.externaltools.gnu-tools-for-stm32.10.3-2021.10.win32_1.0.0.202111181127/tools/bin/../lib/gcc/arm-none-eabi/10.3.1/thumb/v7e-m+fp/hard/crtbegin.o
                [!provide]                        PROVIDE (__fini_array_end = .)
                0x000000000800a4dc                . = ALIGN (0x4)
                0x000000000800a4dc                _sidata = LOADADDR (.data)

.data           0x0000000020000000       0x90 load address 0x000000000800a4dc
                0x0000000020000000                . = ALIGN (0x4)
                0x0000000020000000                _sdata = .
 *(.data)
 *(.data*)
 .data.Stat     0x0000000020000000        0x1 ./Core/Src/fatfs_sd.o
 *fill*         0x0000000020000001        0x3 
 .data.SystemCoreClock
                0x0000000020000004        0x4 ./Core/Src/system_stm32f4xx.o
                0x0000000020000004                SystemCoreClock
 .data.Font_7x10
                0x0000000020000008        0x8 ./Drivers/SSD1306/ssd1306_fonts.o
                0x0000000020000008                Font_7x10
 .data.uwTickPrio
                0x0000000020000010        0x4 ./Drivers/STM32F4xx_HAL_Driver/stm32f4xx_hal.o
                0x0000000020000010                uwTickPrio
 .data.uwTickFreq
                0x0000000020000014        0x1 ./Drivers/STM32F4xx_HAL_Driver/stm32f4xx_hal.o
                0x0000000020000014                uwTickFreq
 *fill*         0x0000000020000015        0x3 
 .data.USER_Driver
                0x0000000020000018       0x14 ./FATFS/Target/user_diskio.o
                0x0000000020000018                USER_Driver
 .data._impure_ptr
                0x000000002000002c        0x4 c:/st/stm32cubeide_1.9.0/stm32cubeide/plugins/com.st.stm32cube.ide.mcu.externaltools.gnu-tools-for-stm32.10.3-2021.10.win32_1.0.0.202111181127/tools/bin/../lib/gcc/arm-none-eabi/10.3.1/../../../../arm-none-eabi/lib/thumb/v7e-m+fp/hard\libc_nano.a(lib_a-impure.o)
                0x000000002000002c                _impure_ptr
 .data.impure_data
                0x0000000020000030       0x60 c:/st/stm32cubeide_1.9.0/stm32cubeide/plugins/com.st.stm32cube.ide.mcu.externaltools.gnu-tools-for-stm32.10.3-2021.10.win32_1.0.0.202111181127/tools/bin/../lib/gcc/arm-none-eabi/10.3.1/../../../../arm-none-eabi/lib/thumb/v7e-m+fp/hard\libc_nano.a(lib_a-impure.o)
 *(.RamFunc)
 *(.RamFunc*)
                0x0000000020000090                . = ALIGN (0x4)
                0x0000000020000090                _edata = .

.igot.plt       0x0000000020000090        0x0 load address 0x000000000800a56c
 .igot.plt      0x0000000020000090        0x0 c:/st/stm32cubeide_1.9.0/stm32cubeide/plugins/com.st.stm32cube.ide.mcu.externaltools.gnu-tools-for-stm32.10.3-2021.10.win32_1.0.0.202111181127/tools/bin/../lib/gcc/arm-none-eabi/10.3.1/thumb/v7e-m+fp/hard/crtbegin.o
                0x0000000020000090                . = ALIGN (0x4)

.bss            0x0000000020000090     0x2684 load address 0x000000000800a56c
                0x0000000020000090                _sbss = .
                0x0000000020000090                __bss_start__ = _sbss
 *(.bss)
 .bss           0x0000000020000090       0x1c c:/st/stm32cubeide_1.9.0/stm32cubeide/plugins/com.st.stm32cube.ide.mcu.externaltools.gnu-tools-for-stm32.10.3-2021.10.win32_1.0.0.202111181127/tools/bin/../lib/gcc/arm-none-eabi/10.3.1/thumb/v7e-m+fp/hard/crtbegin.o
 *(.bss*)
 .bss.Timer1    0x00000000200000ac        0x2 ./Core/Src/fatfs_sd.o
                0x00000000200000ac                Timer1
 .bss.Timer2    0x00000000200000ae        0x2 ./Core/Src/fatfs_sd.o
                0x00000000200000ae                Timer2
 .bss.CardType  0x00000000200000b0        0x1 ./Core/Src/fatfs_sd.o
 .bss.PowerFlag
                0x00000000200000b1        0x1 ./Core/Src/fatfs_sd.o
 *fill*         0x00000000200000b2        0x2 
 .bss.fs        0x00000000200000b4     0x1038 ./Core/Src/main.o
                0x00000000200000b4                fs
 .bss.fil       0x00000000200010ec     0x1030 ./Core/Src/main.o
                0x00000000200010ec                fil
 .bss.hadc1     0x000000002000211c       0x48 ./Core/Src/main.o
                0x000000002000211c                hadc1
 .bss.hi2c1     0x0000000020002164       0x54 ./Core/Src/main.o
                0x0000000020002164                hi2c1
 .bss.hi2c2     0x00000000200021b8       0x54 ./Core/Src/main.o
                0x00000000200021b8                hi2c2
 .bss.hi2c3     0x000000002000220c       0x54 ./Core/Src/main.o
                0x000000002000220c                hi2c3
 .bss.hspi1     0x0000000020002260       0x58 ./Core/Src/main.o
                0x0000000020002260                hspi1
 .bss.__sbrk_heap_end
                0x00000000200022b8        0x4 ./Core/Src/sysmem.o
 .bss.SSD1306_Buffer
                0x00000000200022bc      0x200 ./Drivers/SSD1306/ssd1306.o
 .bss.SSD1306   0x00000000200024bc        0x6 ./Drivers/SSD1306/ssd1306.o
 *fill*         0x00000000200024c2        0x2 
 .bss.uwTick    0x00000000200024c4        0x4 ./Drivers/STM32F4xx_HAL_Driver/stm32f4xx_hal.o
                0x00000000200024c4                uwTick
 .bss.retUSER   0x00000000200024c8        0x1 ./FATFS/App/fatfs.o
                0x00000000200024c8                retUSER
 *fill*         0x00000000200024c9        0x3 
 .bss.USERPath  0x00000000200024cc        0x4 ./FATFS/App/fatfs.o
                0x00000000200024cc                USERPath
 .bss.FatFs     0x00000000200024d0        0x4 ./Middlewares/FatFs/ff.o
 .bss.Fsid      0x00000000200024d4        0x2 ./Middlewares/FatFs/ff.o
 *fill*         0x00000000200024d6        0x2 
 .bss.Files     0x00000000200024d8       0x20 ./Middlewares/FatFs/ff.o
 .bss.LfnBuf    0x00000000200024f8      0x200 ./Middlewares/FatFs/ff.o
 .bss.disk      0x00000000200026f8        0xc ./Middlewares/FatFs/ff_gen_drv.o
                0x00000000200026f8                disk
 .bss.__malloc_free_list
                0x0000000020002704        0x4 c:/st/stm32cubeide_1.9.0/stm32cubeide/plugins/com.st.stm32cube.ide.mcu.externaltools.gnu-tools-for-stm32.10.3-2021.10.win32_1.0.0.202111181127/tools/bin/../lib/gcc/arm-none-eabi/10.3.1/../../../../arm-none-eabi/lib/thumb/v7e-m+fp/hard\libc_nano.a(lib_a-nano-mallocr.o)
                0x0000000020002704                __malloc_free_list
 .bss.__malloc_sbrk_start
                0x0000000020002708        0x4 c:/st/stm32cubeide_1.9.0/stm32cubeide/plugins/com.st.stm32cube.ide.mcu.externaltools.gnu-tools-for-stm32.10.3-2021.10.win32_1.0.0.202111181127/tools/bin/../lib/gcc/arm-none-eabi/10.3.1/../../../../arm-none-eabi/lib/thumb/v7e-m+fp/hard\libc_nano.a(lib_a-nano-mallocr.o)
                0x0000000020002708                __malloc_sbrk_start
 .bss.errno     0x000000002000270c        0x4 c:/st/stm32cubeide_1.9.0/stm32cubeide/plugins/com.st.stm32cube.ide.mcu.externaltools.gnu-tools-for-stm32.10.3-2021.10.win32_1.0.0.202111181127/tools/bin/../lib/gcc/arm-none-eabi/10.3.1/../../../../arm-none-eabi/lib/thumb/v7e-m+fp/hard\libc_nano.a(lib_a-reent.o)
                0x000000002000270c                errno
 .bss.__lock___malloc_recursive_mutex
                0x0000000020002710        0x1 c:/st/stm32cubeide_1.9.0/stm32cubeide/plugins/com.st.stm32cube.ide.mcu.externaltools.gnu-tools-for-stm32.10.3-2021.10.win32_1.0.0.202111181127/tools/bin/../lib/gcc/arm-none-eabi/10.3.1/../../../../arm-none-eabi/lib/thumb/v7e-m+fp/hard\libc_nano.a(lib_a-lock.o)
                0x0000000020002710                __lock___malloc_recursive_mutex
 *(COMMON)
                0x0000000020002714                . = ALIGN (0x4)
 *fill*         0x0000000020002711        0x3 
                0x0000000020002714                _ebss = .
                0x0000000020002714                __bss_end__ = _ebss

._user_heap_stack
                0x0000000020002714      0x604 load address 0x000000000800a56c
                0x0000000020002718                . = ALIGN (0x8)
 *fill*         0x0000000020002714        0x4 
                [!provide]                        PROVIDE (end = .)
                0x0000000020002718                PROVIDE (_end = .)
                0x0000000020002918                . = (. + _Min_Heap_Size)
 *fill*         0x0000000020002718      0x200 
                0x0000000020002d18                . = (. + _Min_Stack_Size)
 *fill*         0x0000000020002918      0x400 
                0x0000000020002d18                . = ALIGN (0x8)

/DISCARD/
 libc.a(*)
 libm.a(*)
 libgcc.a(*)

.ARM.attributes
                0x0000000000000000       0x30
 *(.ARM.attributes)
 .ARM.attributes
                0x0000000000000000       0x1e c:/st/stm32cubeide_1.9.0/stm32cubeide/plugins/com.st.stm32cube.ide.mcu.externaltools.gnu-tools-for-stm32.10.3-2021.10.win32_1.0.0.202111181127/tools/bin/../lib/gcc/arm-none-eabi/10.3.1/thumb/v7e-m+fp/hard/crti.o
 .ARM.attributes
                0x000000000000001e       0x34 c:/st/stm32cubeide_1.9.0/stm32cubeide/plugins/com.st.stm32cube.ide.mcu.externaltools.gnu-tools-for-stm32.10.3-2021.10.win32_1.0.0.202111181127/tools/bin/../lib/gcc/arm-none-eabi/10.3.1/thumb/v7e-m+fp/hard/crtbegin.o
 .ARM.attributes
                0x0000000000000052       0x34 ./Core/Src/fatfs_sd.o
 .ARM.attributes
                0x0000000000000086       0x34 ./Core/Src/main.o
 .ARM.attributes
                0x00000000000000ba       0x34 ./Core/Src/stm32f4xx_hal_msp.o
 .ARM.attributes
                0x00000000000000ee       0x34 ./Core/Src/stm32f4xx_it.o
 .ARM.attributes
                0x0000000000000122       0x34 ./Core/Src/sysmem.o
 .ARM.attributes
                0x0000000000000156       0x34 ./Core/Src/system_stm32f4xx.o
 .ARM.attributes
                0x000000000000018a       0x21 ./Core/Startup/startup_stm32f446retx.o
 .ARM.attributes
                0x00000000000001ab       0x34 ./Drivers/SSD1306/ssd1306.o
 .ARM.attributes
                0x00000000000001df       0x34 ./Drivers/SSD1306/ssd1306_fonts.o
 .ARM.attributes
                0x0000000000000213       0x34 ./Drivers/STM32F4xx_HAL_Driver/stm32f4xx_hal.o
 .ARM.attributes
                0x0000000000000247       0x34 ./Drivers/STM32F4xx_HAL_Driver/stm32f4xx_hal_adc.o
 .ARM.attributes
                0x000000000000027b       0x34 ./Drivers/STM32F4xx_HAL_Driver/stm32f4xx_hal_cortex.o
 .ARM.attributes
                0x00000000000002af       0x34 ./Drivers/STM32F4xx_HAL_Driver/stm32f4xx_hal_gpio.o
 .ARM.attributes
                0x00000000000002e3       0x34 ./Drivers/STM32F4xx_HAL_Driver/stm32f4xx_hal_i2c.o
 .ARM.attributes
                0x0000000000000317       0x34 ./Drivers/STM32F4xx_HAL_Driver/stm32f4xx_hal_rcc.o
 .ARM.attributes
                0x000000000000034b       0x34 ./Drivers/STM32F4xx_HAL_Driver/stm32f4xx_hal_rcc_ex.o
 .ARM.attributes
                0x000000000000037f       0x34 ./Drivers/STM32F4xx_HAL_Driver/stm32f4xx_hal_spi.o
 .ARM.attributes
                0x00000000000003b3       0x34 ./FATFS/App/fatfs.o
 .ARM.attributes
                0x00000000000003e7       0x34 ./FATFS/Target/user_diskio.o
 .ARM.attributes
                0x000000000000041b       0x34 ./Middlewares/FatFs/ccsbcs.o
 .ARM.attributes
                0x000000000000044f       0x34 ./Middlewares/FatFs/diskio.o
 .ARM.attributes
                0x0000000000000483       0x34 ./Middlewares/FatFs/ff.o
 .ARM.attributes
                0x00000000000004b7       0x34 ./Middlewares/FatFs/ff_gen_drv.o
 .ARM.attributes
                0x00000000000004eb       0x34 c:/st/stm32cubeide_1.9.0/stm32cubeide/plugins/com.st.stm32cube.ide.mcu.externaltools.gnu-tools-for-stm32.10.3-2021.10.win32_1.0.0.202111181127/tools/bin/../lib/gcc/arm-none-eabi/10.3.1/../../../../arm-none-eabi/lib/thumb/v7e-m+fp/hard\libm.a(lib_a-s_trunc.o)
 .ARM.attributes
                0x000000000000051f       0x34 c:/st/stm32cubeide_1.9.0/stm32cubeide/plugins/com.st.stm32cube.ide.mcu.externaltools.gnu-tools-for-stm32.10.3-2021.10.win32_1.0.0.202111181127/tools/bin/../lib/gcc/arm-none-eabi/10.3.1/../../../../arm-none-eabi/lib/thumb/v7e-m+fp/hard\libc_nano.a(lib_a-errno.o)
 .ARM.attributes
                0x0000000000000553       0x34 c:/st/stm32cubeide_1.9.0/stm32cubeide/plugins/com.st.stm32cube.ide.mcu.externaltools.gnu-tools-for-stm32.10.3-2021.10.win32_1.0.0.202111181127/tools/bin/../lib/gcc/arm-none-eabi/10.3.1/../../../../arm-none-eabi/lib/thumb/v7e-m+fp/hard\libc_nano.a(lib_a-impure.o)
 .ARM.attributes
                0x0000000000000587       0x34 c:/st/stm32cubeide_1.9.0/stm32cubeide/plugins/com.st.stm32cube.ide.mcu.externaltools.gnu-tools-for-stm32.10.3-2021.10.win32_1.0.0.202111181127/tools/bin/../lib/gcc/arm-none-eabi/10.3.1/../../../../arm-none-eabi/lib/thumb/v7e-m+fp/hard\libc_nano.a(lib_a-init.o)
 .ARM.attributes
                0x00000000000005bb       0x1c c:/st/stm32cubeide_1.9.0/stm32cubeide/plugins/com.st.stm32cube.ide.mcu.externaltools.gnu-tools-for-stm32.10.3-2021.10.win32_1.0.0.202111181127/tools/bin/../lib/gcc/arm-none-eabi/10.3.1/../../../../arm-none-eabi/lib/thumb/v7e-m+fp/hard\libc_nano.a(lib_a-memchr.o)
 .ARM.attributes
                0x00000000000005d7       0x34 c:/st/stm32cubeide_1.9.0/stm32cubeide/plugins/com.st.stm32cube.ide.mcu.externaltools.gnu-tools-for-stm32.10.3-2021.10.win32_1.0.0.202111181127/tools/bin/../lib/gcc/arm-none-eabi/10.3.1/../../../../arm-none-eabi/lib/thumb/v7e-m+fp/hard\libc_nano.a(lib_a-memcpy-stub.o)
 .ARM.attributes
                0x000000000000060b       0x34 c:/st/stm32cubeide_1.9.0/stm32cubeide/plugins/com.st.stm32cube.ide.mcu.externaltools.gnu-tools-for-stm32.10.3-2021.10.win32_1.0.0.202111181127/tools/bin/../lib/gcc/arm-none-eabi/10.3.1/../../../../arm-none-eabi/lib/thumb/v7e-m+fp/hard\libc_nano.a(lib_a-memmove.o)
 .ARM.attributes
                0x000000000000063f       0x34 c:/st/stm32cubeide_1.9.0/stm32cubeide/plugins/com.st.stm32cube.ide.mcu.externaltools.gnu-tools-for-stm32.10.3-2021.10.win32_1.0.0.202111181127/tools/bin/../lib/gcc/arm-none-eabi/10.3.1/../../../../arm-none-eabi/lib/thumb/v7e-m+fp/hard\libc_nano.a(lib_a-memset.o)
 .ARM.attributes
                0x0000000000000673       0x34 c:/st/stm32cubeide_1.9.0/stm32cubeide/plugins/com.st.stm32cube.ide.mcu.externaltools.gnu-tools-for-stm32.10.3-2021.10.win32_1.0.0.202111181127/tools/bin/../lib/gcc/arm-none-eabi/10.3.1/../../../../arm-none-eabi/lib/thumb/v7e-m+fp/hard\libc_nano.a(lib_a-nano-freer.o)
 .ARM.attributes
                0x00000000000006a7       0x34 c:/st/stm32cubeide_1.9.0/stm32cubeide/plugins/com.st.stm32cube.ide.mcu.externaltools.gnu-tools-for-stm32.10.3-2021.10.win32_1.0.0.202111181127/tools/bin/../lib/gcc/arm-none-eabi/10.3.1/../../../../arm-none-eabi/lib/thumb/v7e-m+fp/hard\libc_nano.a(lib_a-nano-mallocr.o)
 .ARM.attributes
                0x00000000000006db       0x34 c:/st/stm32cubeide_1.9.0/stm32cubeide/plugins/com.st.stm32cube.ide.mcu.externaltools.gnu-tools-for-stm32.10.3-2021.10.win32_1.0.0.202111181127/tools/bin/../lib/gcc/arm-none-eabi/10.3.1/../../../../arm-none-eabi/lib/thumb/v7e-m+fp/hard\libc_nano.a(lib_a-sbrkr.o)
 .ARM.attributes
                0x000000000000070f       0x34 c:/st/stm32cubeide_1.9.0/stm32cubeide/plugins/com.st.stm32cube.ide.mcu.externaltools.gnu-tools-for-stm32.10.3-2021.10.win32_1.0.0.202111181127/tools/bin/../lib/gcc/arm-none-eabi/10.3.1/../../../../arm-none-eabi/lib/thumb/v7e-m+fp/hard\libc_nano.a(lib_a-sprintf.o)
 .ARM.attributes
                0x0000000000000743       0x34 c:/st/stm32cubeide_1.9.0/stm32cubeide/plugins/com.st.stm32cube.ide.mcu.externaltools.gnu-tools-for-stm32.10.3-2021.10.win32_1.0.0.202111181127/tools/bin/../lib/gcc/arm-none-eabi/10.3.1/../../../../arm-none-eabi/lib/thumb/v7e-m+fp/hard\libc_nano.a(lib_a-mlock.o)
 .ARM.attributes
                0x0000000000000777       0x34 c:/st/stm32cubeide_1.9.0/stm32cubeide/plugins/com.st.stm32cube.ide.mcu.externaltools.gnu-tools-for-stm32.10.3-2021.10.win32_1.0.0.202111181127/tools/bin/../lib/gcc/arm-none-eabi/10.3.1/../../../../arm-none-eabi/lib/thumb/v7e-m+fp/hard\libc_nano.a(lib_a-nano-svfprintf.o)
 .ARM.attributes
                0x00000000000007ab       0x34 c:/st/stm32cubeide_1.9.0/stm32cubeide/plugins/com.st.stm32cube.ide.mcu.externaltools.gnu-tools-for-stm32.10.3-2021.10.win32_1.0.0.202111181127/tools/bin/../lib/gcc/arm-none-eabi/10.3.1/../../../../arm-none-eabi/lib/thumb/v7e-m+fp/hard\libc_nano.a(lib_a-nano-vfprintf_i.o)
 .ARM.attributes
                0x00000000000007df       0x34 c:/st/stm32cubeide_1.9.0/stm32cubeide/plugins/com.st.stm32cube.ide.mcu.externaltools.gnu-tools-for-stm32.10.3-2021.10.win32_1.0.0.202111181127/tools/bin/../lib/gcc/arm-none-eabi/10.3.1/../../../../arm-none-eabi/lib/thumb/v7e-m+fp/hard\libc_nano.a(lib_a-reent.o)
 .ARM.attributes
                0x0000000000000813       0x34 c:/st/stm32cubeide_1.9.0/stm32cubeide/plugins/com.st.stm32cube.ide.mcu.externaltools.gnu-tools-for-stm32.10.3-2021.10.win32_1.0.0.202111181127/tools/bin/../lib/gcc/arm-none-eabi/10.3.1/../../../../arm-none-eabi/lib/thumb/v7e-m+fp/hard\libc_nano.a(lib_a-lock.o)
 .ARM.attributes
                0x0000000000000847       0x34 c:/st/stm32cubeide_1.9.0/stm32cubeide/plugins/com.st.stm32cube.ide.mcu.externaltools.gnu-tools-for-stm32.10.3-2021.10.win32_1.0.0.202111181127/tools/bin/../lib/gcc/arm-none-eabi/10.3.1/../../../../arm-none-eabi/lib/thumb/v7e-m+fp/hard\libc_nano.a(lib_a-nano-reallocr.o)
 .ARM.attributes
                0x000000000000087b       0x34 c:/st/stm32cubeide_1.9.0/stm32cubeide/plugins/com.st.stm32cube.ide.mcu.externaltools.gnu-tools-for-stm32.10.3-2021.10.win32_1.0.0.202111181127/tools/bin/../lib/gcc/arm-none-eabi/10.3.1/../../../../arm-none-eabi/lib/thumb/v7e-m+fp/hard\libc_nano.a(lib_a-nano-msizer.o)
 .ARM.attributes
                0x00000000000008af       0x1e c:/st/stm32cubeide_1.9.0/stm32cubeide/plugins/com.st.stm32cube.ide.mcu.externaltools.gnu-tools-for-stm32.10.3-2021.10.win32_1.0.0.202111181127/tools/bin/../lib/gcc/arm-none-eabi/10.3.1/thumb/v7e-m+fp/hard\libgcc.a(_arm_addsubdf3.o)
 .ARM.attributes
                0x00000000000008cd       0x1e c:/st/stm32cubeide_1.9.0/stm32cubeide/plugins/com.st.stm32cube.ide.mcu.externaltools.gnu-tools-for-stm32.10.3-2021.10.win32_1.0.0.202111181127/tools/bin/../lib/gcc/arm-none-eabi/10.3.1/thumb/v7e-m+fp/hard\libgcc.a(_arm_fixdfsi.o)
 .ARM.attributes
                0x00000000000008eb       0x1e c:/st/stm32cubeide_1.9.0/stm32cubeide/plugins/com.st.stm32cube.ide.mcu.externaltools.gnu-tools-for-stm32.10.3-2021.10.win32_1.0.0.202111181127/tools/bin/../lib/gcc/arm-none-eabi/10.3.1/thumb/v7e-m+fp/hard\libgcc.a(_aeabi_uldivmod.o)
 .ARM.attributes
                0x0000000000000909       0x34 c:/st/stm32cubeide_1.9.0/stm32cubeide/plugins/com.st.stm32cube.ide.mcu.externaltools.gnu-tools-for-stm32.10.3-2021.10.win32_1.0.0.202111181127/tools/bin/../lib/gcc/arm-none-eabi/10.3.1/thumb/v7e-m+fp/hard\libgcc.a(_udivmoddi4.o)
 .ARM.attributes
                0x000000000000093d       0x1e c:/st/stm32cubeide_1.9.0/stm32cubeide/plugins/com.st.stm32cube.ide.mcu.externaltools.gnu-tools-for-stm32.10.3-2021.10.win32_1.0.0.202111181127/tools/bin/../lib/gcc/arm-none-eabi/10.3.1/thumb/v7e-m+fp/hard\libgcc.a(_dvmd_tls.o)
 .ARM.attributes
                0x000000000000095b       0x1e c:/st/stm32cubeide_1.9.0/stm32cubeide/plugins/com.st.stm32cube.ide.mcu.externaltools.gnu-tools-for-stm32.10.3-2021.10.win32_1.0.0.202111181127/tools/bin/../lib/gcc/arm-none-eabi/10.3.1/thumb/v7e-m+fp/hard/crtn.o
OUTPUT(SensorMain2.elf elf32-littlearm)
LOAD linker stubs
LOAD c:/st/stm32cubeide_1.9.0/stm32cubeide/plugins/com.st.stm32cube.ide.mcu.externaltools.gnu-tools-for-stm32.10.3-2021.10.win32_1.0.0.202111181127/tools/bin/../lib/gcc/arm-none-eabi/10.3.1/../../../../arm-none-eabi/lib/thumb/v7e-m+fp/hard\libc.a
LOAD c:/st/stm32cubeide_1.9.0/stm32cubeide/plugins/com.st.stm32cube.ide.mcu.externaltools.gnu-tools-for-stm32.10.3-2021.10.win32_1.0.0.202111181127/tools/bin/../lib/gcc/arm-none-eabi/10.3.1/../../../../arm-none-eabi/lib/thumb/v7e-m+fp/hard\libm.a
LOAD c:/st/stm32cubeide_1.9.0/stm32cubeide/plugins/com.st.stm32cube.ide.mcu.externaltools.gnu-tools-for-stm32.10.3-2021.10.win32_1.0.0.202111181127/tools/bin/../lib/gcc/arm-none-eabi/10.3.1/thumb/v7e-m+fp/hard\libgcc.a

.debug_info     0x0000000000000000    0x10cc7
 .debug_info    0x0000000000000000      0xcdb ./Core/Src/fatfs_sd.o
 .debug_info    0x0000000000000cdb     0x1bf9 ./Core/Src/main.o
 .debug_info    0x00000000000028d4     0x10ee ./Core/Src/stm32f4xx_hal_msp.o
 .debug_info    0x00000000000039c2      0x151 ./Core/Src/stm32f4xx_it.o
 .debug_info    0x0000000000003b13      0x171 ./Core/Src/sysmem.o
 .debug_info    0x0000000000003c84      0x55b ./Core/Src/system_stm32f4xx.o
 .debug_info    0x00000000000041df       0x22 ./Core/Startup/startup_stm32f446retx.o
 .debug_info    0x0000000000004201      0xfc3 ./Drivers/SSD1306/ssd1306.o
 .debug_info    0x00000000000051c4      0x1f2 ./Drivers/SSD1306/ssd1306_fonts.o
 .debug_info    0x00000000000053b6      0x9d2 ./Drivers/STM32F4xx_HAL_Driver/stm32f4xx_hal.o
 .debug_info    0x0000000000005d88      0xd70 ./Drivers/STM32F4xx_HAL_Driver/stm32f4xx_hal_adc.o
 .debug_info    0x0000000000006af8      0xe39 ./Drivers/STM32F4xx_HAL_Driver/stm32f4xx_hal_cortex.o
 .debug_info    0x0000000000007931      0x7be ./Drivers/STM32F4xx_HAL_Driver/stm32f4xx_hal_gpio.o
 .debug_info    0x00000000000080ef     0x2617 ./Drivers/STM32F4xx_HAL_Driver/stm32f4xx_hal_i2c.o
 .debug_info    0x000000000000a706      0x9ab ./Drivers/STM32F4xx_HAL_Driver/stm32f4xx_hal_rcc.o
 .debug_info    0x000000000000b0b1      0x9ec ./Drivers/STM32F4xx_HAL_Driver/stm32f4xx_hal_rcc_ex.o
 .debug_info    0x000000000000ba9d     0x1758 ./Drivers/STM32F4xx_HAL_Driver/stm32f4xx_hal_spi.o
 .debug_info    0x000000000000d1f5      0x526 ./FATFS/App/fatfs.o
 .debug_info    0x000000000000d71b      0x3dc ./FATFS/Target/user_diskio.o
 .debug_info    0x000000000000daf7      0x1c6 ./Middlewares/FatFs/ccsbcs.o
 .debug_info    0x000000000000dcbd      0x412 ./Middlewares/FatFs/diskio.o
 .debug_info    0x000000000000e0cf     0x284f ./Middlewares/FatFs/ff.o
 .debug_info    0x000000000001091e      0x3a9 ./Middlewares/FatFs/ff_gen_drv.o

.debug_abbrev   0x0000000000000000     0x2a1a
 .debug_abbrev  0x0000000000000000      0x2d7 ./Core/Src/fatfs_sd.o
 .debug_abbrev  0x00000000000002d7      0x30c ./Core/Src/main.o
 .debug_abbrev  0x00000000000005e3      0x1d2 ./Core/Src/stm32f4xx_hal_msp.o
 .debug_abbrev  0x00000000000007b5       0x96 ./Core/Src/stm32f4xx_it.o
 .debug_abbrev  0x000000000000084b       0xbb ./Core/Src/sysmem.o
 .debug_abbrev  0x0000000000000906      0x116 ./Core/Src/system_stm32f4xx.o
 .debug_abbrev  0x0000000000000a1c       0x12 ./Core/Startup/startup_stm32f446retx.o
 .debug_abbrev  0x0000000000000a2e      0x34f ./Drivers/SSD1306/ssd1306.o
 .debug_abbrev  0x0000000000000d7d       0xbe ./Drivers/SSD1306/ssd1306_fonts.o
 .debug_abbrev  0x0000000000000e3b      0x20d ./Drivers/STM32F4xx_HAL_Driver/stm32f4xx_hal.o
 .debug_abbrev  0x0000000000001048      0x244 ./Drivers/STM32F4xx_HAL_Driver/stm32f4xx_hal_adc.o
 .debug_abbrev  0x000000000000128c      0x316 ./Drivers/STM32F4xx_HAL_Driver/stm32f4xx_hal_cortex.o
 .debug_abbrev  0x00000000000015a2      0x1c4 ./Drivers/STM32F4xx_HAL_Driver/stm32f4xx_hal_gpio.o
 .debug_abbrev  0x0000000000001766      0x297 ./Drivers/STM32F4xx_HAL_Driver/stm32f4xx_hal_i2c.o
 .debug_abbrev  0x00000000000019fd      0x2aa ./Drivers/STM32F4xx_HAL_Driver/stm32f4xx_hal_rcc.o
 .debug_abbrev  0x0000000000001ca7      0x1fb ./Drivers/STM32F4xx_HAL_Driver/stm32f4xx_hal_rcc_ex.o
 .debug_abbrev  0x0000000000001ea2      0x26e ./Drivers/STM32F4xx_HAL_Driver/stm32f4xx_hal_spi.o
 .debug_abbrev  0x0000000000002110      0x15a ./FATFS/App/fatfs.o
 .debug_abbrev  0x000000000000226a      0x155 ./FATFS/Target/user_diskio.o
 .debug_abbrev  0x00000000000023bf       0xdc ./Middlewares/FatFs/ccsbcs.o
 .debug_abbrev  0x000000000000249b      0x178 ./Middlewares/FatFs/diskio.o
 .debug_abbrev  0x0000000000002613      0x271 ./Middlewares/FatFs/ff.o
 .debug_abbrev  0x0000000000002884      0x196 ./Middlewares/FatFs/ff_gen_drv.o

.debug_aranges  0x0000000000000000      0xf08
 .debug_aranges
                0x0000000000000000       0xa8 ./Core/Src/fatfs_sd.o
 .debug_aranges
                0x00000000000000a8       0x60 ./Core/Src/main.o
 .debug_aranges
                0x0000000000000108       0x50 ./Core/Src/stm32f4xx_hal_msp.o
 .debug_aranges
                0x0000000000000158       0x60 ./Core/Src/stm32f4xx_it.o
 .debug_aranges
                0x00000000000001b8       0x20 ./Core/Src/sysmem.o
 .debug_aranges
                0x00000000000001d8       0x28 ./Core/Src/system_stm32f4xx.o
 .debug_aranges
                0x0000000000000200       0x28 ./Core/Startup/startup_stm32f446retx.o
 .debug_aranges
                0x0000000000000228       0xc8 ./Drivers/SSD1306/ssd1306.o
 .debug_aranges
                0x00000000000002f0       0x18 ./Drivers/SSD1306/ssd1306_fonts.o
 .debug_aranges
                0x0000000000000308       0xf0 ./Drivers/STM32F4xx_HAL_Driver/stm32f4xx_hal.o
 .debug_aranges
                0x00000000000003f8       0xe8 ./Drivers/STM32F4xx_HAL_Driver/stm32f4xx_hal_adc.o
 .debug_aranges
                0x00000000000004e0      0x118 ./Drivers/STM32F4xx_HAL_Driver/stm32f4xx_hal_cortex.o
 .debug_aranges
                0x00000000000005f8       0x58 ./Drivers/STM32F4xx_HAL_Driver/stm32f4xx_hal_gpio.o
 .debug_aranges
                0x0000000000000650      0x2a0 ./Drivers/STM32F4xx_HAL_Driver/stm32f4xx_hal_i2c.o
 .debug_aranges
                0x00000000000008f0       0x88 ./Drivers/STM32F4xx_HAL_Driver/stm32f4xx_hal_rcc.o
 .debug_aranges
                0x0000000000000978       0x78 ./Drivers/STM32F4xx_HAL_Driver/stm32f4xx_hal_rcc_ex.o
 .debug_aranges
                0x00000000000009f0      0x1d0 ./Drivers/STM32F4xx_HAL_Driver/stm32f4xx_hal_spi.o
 .debug_aranges
                0x0000000000000bc0       0x28 ./FATFS/App/fatfs.o
 .debug_aranges
                0x0000000000000be8       0x40 ./FATFS/Target/user_diskio.o
 .debug_aranges
                0x0000000000000c28       0x28 ./Middlewares/FatFs/ccsbcs.o
 .debug_aranges
                0x0000000000000c50       0x48 ./Middlewares/FatFs/diskio.o
 .debug_aranges
                0x0000000000000c98      0x230 ./Middlewares/FatFs/ff.o
 .debug_aranges
                0x0000000000000ec8       0x40 ./Middlewares/FatFs/ff_gen_drv.o

.debug_ranges   0x0000000000000000      0xdb0
 .debug_ranges  0x0000000000000000       0x98 ./Core/Src/fatfs_sd.o
 .debug_ranges  0x0000000000000098       0x50 ./Core/Src/main.o
 .debug_ranges  0x00000000000000e8       0x40 ./Core/Src/stm32f4xx_hal_msp.o
 .debug_ranges  0x0000000000000128       0x50 ./Core/Src/stm32f4xx_it.o
 .debug_ranges  0x0000000000000178       0x10 ./Core/Src/sysmem.o
 .debug_ranges  0x0000000000000188       0x18 ./Core/Src/system_stm32f4xx.o
 .debug_ranges  0x00000000000001a0       0x20 ./Core/Startup/startup_stm32f446retx.o
 .debug_ranges  0x00000000000001c0       0xb8 ./Drivers/SSD1306/ssd1306.o
 .debug_ranges  0x0000000000000278       0xe0 ./Drivers/STM32F4xx_HAL_Driver/stm32f4xx_hal.o
 .debug_ranges  0x0000000000000358       0xd8 ./Drivers/STM32F4xx_HAL_Driver/stm32f4xx_hal_adc.o
 .debug_ranges  0x0000000000000430      0x108 ./Drivers/STM32F4xx_HAL_Driver/stm32f4xx_hal_cortex.o
 .debug_ranges  0x0000000000000538       0x48 ./Drivers/STM32F4xx_HAL_Driver/stm32f4xx_hal_gpio.o
 .debug_ranges  0x0000000000000580      0x2a8 ./Drivers/STM32F4xx_HAL_Driver/stm32f4xx_hal_i2c.o
 .debug_ranges  0x0000000000000828       0x78 ./Drivers/STM32F4xx_HAL_Driver/stm32f4xx_hal_rcc.o
 .debug_ranges  0x00000000000008a0       0x68 ./Drivers/STM32F4xx_HAL_Driver/stm32f4xx_hal_rcc_ex.o
 .debug_ranges  0x0000000000000908      0x1c0 ./Drivers/STM32F4xx_HAL_Driver/stm32f4xx_hal_spi.o
 .debug_ranges  0x0000000000000ac8       0x18 ./FATFS/App/fatfs.o
 .debug_ranges  0x0000000000000ae0       0x30 ./FATFS/Target/user_diskio.o
 .debug_ranges  0x0000000000000b10       0x18 ./Middlewares/FatFs/ccsbcs.o
 .debug_ranges  0x0000000000000b28       0x38 ./Middlewares/FatFs/diskio.o
 .debug_ranges  0x0000000000000b60      0x220 ./Middlewares/FatFs/ff.o
 .debug_ranges  0x0000000000000d80       0x30 ./Middlewares/FatFs/ff_gen_drv.o

.debug_macro    0x0000000000000000    0x24eef
 .debug_macro   0x0000000000000000      0x22e ./Core/Src/fatfs_sd.o
 .debug_macro   0x000000000000022e      0xa78 ./Core/Src/fatfs_sd.o
 .debug_macro   0x0000000000000ca6      0x2a1 ./Core/Src/fatfs_sd.o
 .debug_macro   0x0000000000000f47       0x2e ./Core/Src/fatfs_sd.o
 .debug_macro   0x0000000000000f75       0x28 ./Core/Src/fatfs_sd.o
 .debug_macro   0x0000000000000f9d       0x22 ./Core/Src/fatfs_sd.o
 .debug_macro   0x0000000000000fbf       0x8e ./Core/Src/fatfs_sd.o
 .debug_macro   0x000000000000104d       0x51 ./Core/Src/fatfs_sd.o
 .debug_macro   0x000000000000109e      0x103 ./Core/Src/fatfs_sd.o
 .debug_macro   0x00000000000011a1       0x6a ./Core/Src/fatfs_sd.o
 .debug_macro   0x000000000000120b      0x1df ./Core/Src/fatfs_sd.o
 .debug_macro   0x00000000000013ea       0x1c ./Core/Src/fatfs_sd.o
 .debug_macro   0x0000000000001406       0x22 ./Core/Src/fatfs_sd.o
 .debug_macro   0x0000000000001428       0xd9 ./Core/Src/fatfs_sd.o
 .debug_macro   0x0000000000001501     0x102d ./Core/Src/fatfs_sd.o
 .debug_macro   0x000000000000252e      0x11f ./Core/Src/fatfs_sd.o
 .debug_macro   0x000000000000264d    0x16749 ./Core/Src/fatfs_sd.o
 .debug_macro   0x0000000000018d96       0x6d ./Core/Src/fatfs_sd.o
 .debug_macro   0x0000000000018e03     0x367e ./Core/Src/fatfs_sd.o
 .debug_macro   0x000000000001c481      0x174 ./Core/Src/fatfs_sd.o
 .debug_macro   0x000000000001c5f5       0x5c ./Core/Src/fatfs_sd.o
 .debug_macro   0x000000000001c651      0xc90 ./Core/Src/fatfs_sd.o
 .debug_macro   0x000000000001d2e1      0x9fe ./Core/Src/fatfs_sd.o
 .debug_macro   0x000000000001dcdf      0x115 ./Core/Src/fatfs_sd.o
 .debug_macro   0x000000000001ddf4      0x1a0 ./Core/Src/fatfs_sd.o
 .debug_macro   0x000000000001df94       0xa5 ./Core/Src/fatfs_sd.o
 .debug_macro   0x000000000001e039      0x16d ./Core/Src/fatfs_sd.o
 .debug_macro   0x000000000001e1a6      0x287 ./Core/Src/fatfs_sd.o
 .debug_macro   0x000000000001e42d       0x5f ./Core/Src/fatfs_sd.o
 .debug_macro   0x000000000001e48c      0x236 ./Core/Src/fatfs_sd.o
 .debug_macro   0x000000000001e6c2      0xb5b ./Core/Src/fatfs_sd.o
 .debug_macro   0x000000000001f21d      0x38b ./Core/Src/fatfs_sd.o
 .debug_macro   0x000000000001f5a8      0x17d ./Core/Src/fatfs_sd.o
 .debug_macro   0x000000000001f725       0xf9 ./Core/Src/fatfs_sd.o
 .debug_macro   0x000000000001f81e      0x132 ./Core/Src/fatfs_sd.o
 .debug_macro   0x000000000001f950      0x29c ./Core/Src/fatfs_sd.o
 .debug_macro   0x000000000001fbec       0x2e ./Core/Src/fatfs_sd.o
 .debug_macro   0x000000000001fc1a      0x1b5 ./Core/Src/fatfs_sd.o
 .debug_macro   0x000000000001fdcf       0x22 ./Core/Src/fatfs_sd.o
 .debug_macro   0x000000000001fdf1       0xd6 ./Core/Src/fatfs_sd.o
 .debug_macro   0x000000000001fec7      0x11a ./Core/Src/fatfs_sd.o
 .debug_macro   0x000000000001ffe1       0xe8 ./Core/Src/fatfs_sd.o
 .debug_macro   0x00000000000200c9       0x89 ./Core/Src/fatfs_sd.o
 .debug_macro   0x0000000000020152      0x225 ./Core/Src/fatfs_sd.o
 .debug_macro   0x0000000000020377      0x126 ./Core/Src/fatfs_sd.o
 .debug_macro   0x000000000002049d       0x16 ./Core/Src/fatfs_sd.o
 .debug_macro   0x00000000000204b3       0x7c ./Core/Src/fatfs_sd.o
 .debug_macro   0x000000000002052f       0x9a ./Core/Src/fatfs_sd.o
 .debug_macro   0x00000000000205c9      0x50f ./Core/Src/main.o
 .debug_macro   0x0000000000020ad8       0xeb ./Core/Src/main.o
 .debug_macro   0x0000000000020bc3       0x1e ./Core/Src/main.o
 .debug_macro   0x0000000000020be1       0x52 ./Core/Src/main.o
 .debug_macro   0x0000000000020c33       0x3c ./Core/Src/main.o
 .debug_macro   0x0000000000020c6f       0x34 ./Core/Src/main.o
 .debug_macro   0x0000000000020ca3       0x16 ./Core/Src/main.o
 .debug_macro   0x0000000000020cb9       0x35 ./Core/Src/main.o
 .debug_macro   0x0000000000020cee       0x16 ./Core/Src/main.o
 .debug_macro   0x0000000000020d04       0x43 ./Core/Src/main.o
 .debug_macro   0x0000000000020d47       0x34 ./Core/Src/main.o
 .debug_macro   0x0000000000020d7b       0x10 ./Core/Src/main.o
 .debug_macro   0x0000000000020d8b       0x58 ./Core/Src/main.o
 .debug_macro   0x0000000000020de3       0x71 ./Core/Src/main.o
 .debug_macro   0x0000000000020e54       0x1c ./Core/Src/main.o
 .debug_macro   0x0000000000020e70      0x12a ./Core/Src/main.o
 .debug_macro   0x0000000000020f9a      0x341 ./Core/Src/main.o
 .debug_macro   0x00000000000212db       0x16 ./Core/Src/main.o
 .debug_macro   0x00000000000212f1       0x29 ./Core/Src/main.o
 .debug_macro   0x000000000002131a       0x12 ./Core/Src/main.o
 .debug_macro   0x000000000002132c       0xe2 ./Core/Src/main.o
 .debug_macro   0x000000000002140e       0x8e ./Core/Src/main.o
 .debug_macro   0x000000000002149c       0x46 ./Core/Src/main.o
 .debug_macro   0x00000000000214e2       0x10 ./Core/Src/main.o
 .debug_macro   0x00000000000214f2       0x34 ./Core/Src/main.o
 .debug_macro   0x0000000000021526       0x1c ./Core/Src/main.o
 .debug_macro   0x0000000000021542       0x10 ./Core/Src/main.o
 .debug_macro   0x0000000000021552       0x10 ./Core/Src/main.o
 .debug_macro   0x0000000000021562       0x1c ./Core/Src/main.o
 .debug_macro   0x000000000002157e       0x52 ./Core/Src/main.o
 .debug_macro   0x00000000000215d0       0x22 ./Core/Src/main.o
 .debug_macro   0x00000000000215f2       0x10 ./Core/Src/main.o
 .debug_macro   0x0000000000021602       0x52 ./Core/Src/main.o
 .debug_macro   0x0000000000021654       0xd5 ./Core/Src/main.o
 .debug_macro   0x0000000000021729       0x1c ./Core/Src/main.o
 .debug_macro   0x0000000000021745       0x3d ./Core/Src/main.o
 .debug_macro   0x0000000000021782       0x16 ./Core/Src/main.o
 .debug_macro   0x0000000000021798      0x145 ./Core/Src/main.o
 .debug_macro   0x00000000000218dd       0x16 ./Core/Src/main.o
 .debug_macro   0x00000000000218f3       0x20 ./Core/Src/main.o
 .debug_macro   0x0000000000021913      0x205 ./Core/Src/stm32f4xx_hal_msp.o
 .debug_macro   0x0000000000021b18      0x20f ./Core/Src/stm32f4xx_it.o
 .debug_macro   0x0000000000021d27       0xff ./Core/Src/sysmem.o
 .debug_macro   0x0000000000021e26      0x23b ./Core/Src/sysmem.o
 .debug_macro   0x0000000000022061      0x1fb ./Core/Src/system_stm32f4xx.o
 .debug_macro   0x000000000002225c      0x336 ./Drivers/SSD1306/ssd1306.o
 .debug_macro   0x0000000000022592       0x28 ./Drivers/SSD1306/ssd1306.o
 .debug_macro   0x00000000000225ba       0x76 ./Drivers/SSD1306/ssd1306_fonts.o
 .debug_macro   0x0000000000022630      0x25b ./Drivers/STM32F4xx_HAL_Driver/stm32f4xx_hal.o
 .debug_macro   0x000000000002288b      0x1fc ./Drivers/STM32F4xx_HAL_Driver/stm32f4xx_hal_adc.o
 .debug_macro   0x0000000000022a87      0x1fb ./Drivers/STM32F4xx_HAL_Driver/stm32f4xx_hal_cortex.o
 .debug_macro   0x0000000000022c82      0x201 ./Drivers/STM32F4xx_HAL_Driver/stm32f4xx_hal_gpio.o
 .debug_macro   0x0000000000022e83      0x242 ./Drivers/STM32F4xx_HAL_Driver/stm32f4xx_hal_i2c.o
 .debug_macro   0x00000000000230c5      0x21f ./Drivers/STM32F4xx_HAL_Driver/stm32f4xx_hal_rcc.o
 .debug_macro   0x00000000000232e4      0x1fb ./Drivers/STM32F4xx_HAL_Driver/stm32f4xx_hal_rcc_ex.o
 .debug_macro   0x00000000000234df      0x20a ./Drivers/STM32F4xx_HAL_Driver/stm32f4xx_hal_spi.o
 .debug_macro   0x00000000000236e9      0x32a ./FATFS/App/fatfs.o
 .debug_macro   0x0000000000023a13       0xe5 ./FATFS/App/fatfs.o
 .debug_macro   0x0000000000023af8      0x347 ./FATFS/Target/user_diskio.o
 .debug_macro   0x0000000000023e3f      0x305 ./Middlewares/FatFs/ccsbcs.o
 .debug_macro   0x0000000000024144      0x317 ./Middlewares/FatFs/diskio.o
 .debug_macro   0x000000000002445b      0x725 ./Middlewares/FatFs/ff.o
 .debug_macro   0x0000000000024b80       0x58 ./Middlewares/FatFs/ff.o
 .debug_macro   0x0000000000024bd8      0x317 ./Middlewares/FatFs/ff_gen_drv.o

.debug_line     0x0000000000000000    0x17a86
 .debug_line    0x0000000000000000      0xf49 ./Core/Src/fatfs_sd.o
 .debug_line    0x0000000000000f49     0x1004 ./Core/Src/main.o
 .debug_line    0x0000000000001f4d      0x961 ./Core/Src/stm32f4xx_hal_msp.o
 .debug_line    0x00000000000028ae      0x8ca ./Core/Src/stm32f4xx_it.o
 .debug_line    0x0000000000003178      0x4e5 ./Core/Src/sysmem.o
 .debug_line    0x000000000000365d      0x877 ./Core/Src/system_stm32f4xx.o
 .debug_line    0x0000000000003ed4       0x88 ./Core/Startup/startup_stm32f446retx.o
 .debug_line    0x0000000000003f5c      0xf43 ./Drivers/SSD1306/ssd1306.o
 .debug_line    0x0000000000004e9f      0x398 ./Drivers/SSD1306/ssd1306_fonts.o
 .debug_line    0x0000000000005237      0xb1b ./Drivers/STM32F4xx_HAL_Driver/stm32f4xx_hal.o
 .debug_line    0x0000000000005d52     0x1397 ./Drivers/STM32F4xx_HAL_Driver/stm32f4xx_hal_adc.o
 .debug_line    0x00000000000070e9      0xdca ./Drivers/STM32F4xx_HAL_Driver/stm32f4xx_hal_cortex.o
 .debug_line    0x0000000000007eb3      0xc7b ./Drivers/STM32F4xx_HAL_Driver/stm32f4xx_hal_gpio.o
 .debug_line    0x0000000000008b2e     0x3ad0 ./Drivers/STM32F4xx_HAL_Driver/stm32f4xx_hal_i2c.o
 .debug_line    0x000000000000c5fe      0xea1 ./Drivers/STM32F4xx_HAL_Driver/stm32f4xx_hal_rcc.o
 .debug_line    0x000000000000d49f     0x152b ./Drivers/STM32F4xx_HAL_Driver/stm32f4xx_hal_rcc_ex.o
 .debug_line    0x000000000000e9ca     0x1da5 ./Drivers/STM32F4xx_HAL_Driver/stm32f4xx_hal_spi.o
 .debug_line    0x000000000001076f      0xa1d ./FATFS/App/fatfs.o
 .debug_line    0x000000000001118c      0xa73 ./FATFS/Target/user_diskio.o
 .debug_line    0x0000000000011bff      0xb1e ./Middlewares/FatFs/ccsbcs.o
 .debug_line    0x000000000001271d      0xa8c ./Middlewares/FatFs/diskio.o
 .debug_line    0x00000000000131a9     0x3e33 ./Middlewares/FatFs/ff.o
 .debug_line    0x0000000000016fdc      0xaaa ./Middlewares/FatFs/ff_gen_drv.o

.debug_str      0x0000000000000000    0xda041
 .debug_str     0x0000000000000000    0xcfc74 ./Core/Src/fatfs_sd.o
                                      0xcffaa (size before relaxing)
 .debug_str     0x00000000000cfc74     0x53fe ./Core/Src/main.o
                                      0xd50fe (size before relaxing)
 .debug_str     0x00000000000d5072       0xb1 ./Core/Src/stm32f4xx_hal_msp.o
                                      0xd005f (size before relaxing)
 .debug_str     0x00000000000d5123       0xc9 ./Core/Src/stm32f4xx_it.o
                                      0xcf69d (size before relaxing)
 .debug_str     0x00000000000d51ec      0x4da ./Core/Src/sysmem.o
                                       0x5db7 (size before relaxing)
 .debug_str     0x00000000000d56c6       0xdb ./Core/Src/system_stm32f4xx.o
                                      0xcf7ca (size before relaxing)
 .debug_str     0x00000000000d57a1       0x36 ./Core/Startup/startup_stm32f446retx.o
                                         0x79 (size before relaxing)
 .debug_str     0x00000000000d57d7      0xb0b ./Drivers/SSD1306/ssd1306.o
                                      0xd382f (size before relaxing)
 .debug_str     0x00000000000d62e2       0x67 ./Drivers/SSD1306/ssd1306_fonts.o
                                       0x3da4 (size before relaxing)
 .debug_str     0x00000000000d6349      0xb62 ./Drivers/STM32F4xx_HAL_Driver/stm32f4xx_hal.o
                                      0xd03cd (size before relaxing)
 .debug_str     0x00000000000d6eab      0x315 ./Drivers/STM32F4xx_HAL_Driver/stm32f4xx_hal_adc.o
                                      0xcfdd0 (size before relaxing)
 .debug_str     0x00000000000d71c0      0x381 ./Drivers/STM32F4xx_HAL_Driver/stm32f4xx_hal_cortex.o
                                      0xd00db (size before relaxing)
 .debug_str     0x00000000000d7541      0x15a ./Drivers/STM32F4xx_HAL_Driver/stm32f4xx_hal_gpio.o
                                      0xcf983 (size before relaxing)
 .debug_str     0x00000000000d769b      0xaf9 ./Drivers/STM32F4xx_HAL_Driver/stm32f4xx_hal_i2c.o
                                      0xd07b3 (size before relaxing)
 .debug_str     0x00000000000d8194      0x251 ./Drivers/STM32F4xx_HAL_Driver/stm32f4xx_hal_rcc.o
                                      0xcfc41 (size before relaxing)
 .debug_str     0x00000000000d83e5      0x362 ./Drivers/STM32F4xx_HAL_Driver/stm32f4xx_hal_rcc_ex.o
                                      0xcfc74 (size before relaxing)
 .debug_str     0x00000000000d8747      0x567 ./Drivers/STM32F4xx_HAL_Driver/stm32f4xx_hal_spi.o
                                      0xd00a7 (size before relaxing)
 .debug_str     0x00000000000d8cae       0x74 ./FATFS/App/fatfs.o
                                      0xd2c77 (size before relaxing)
 .debug_str     0x00000000000d8d22       0x5a ./FATFS/Target/user_diskio.o
                                      0xd2c2d (size before relaxing)
 .debug_str     0x00000000000d8d7c       0x9e ./Middlewares/FatFs/ccsbcs.o
                                      0xd2986 (size before relaxing)
 .debug_str     0x00000000000d8e1a       0x90 ./Middlewares/FatFs/diskio.o
                                      0xd2bb1 (size before relaxing)
 .debug_str     0x00000000000d8eaa     0x10c8 ./Middlewares/FatFs/ff.o
                                      0xd3eb8 (size before relaxing)
 .debug_str     0x00000000000d9f72       0xcf ./Middlewares/FatFs/ff_gen_drv.o
                                      0xd2c02 (size before relaxing)

.comment        0x0000000000000000       0x50
 .comment       0x0000000000000000       0x50 ./Core/Src/fatfs_sd.o
                                         0x51 (size before relaxing)
 .comment       0x0000000000000050       0x51 ./Core/Src/main.o
 .comment       0x0000000000000050       0x51 ./Core/Src/stm32f4xx_hal_msp.o